Archive member included to satisfy reference by file (symbol)

c:/siliconlabs/simplicitystudio/v4/developer/toolchains/gnu_arm/7.2_2017q4/bin/../lib/gcc/arm-none-eabi/7.2.1/thumb/v7e-m/fpv4-sp/softfp\libgcc.a(_arm_addsubdf3.o)
                              ./src/Source_files/SI7021.o (__aeabi_dsub)
c:/siliconlabs/simplicitystudio/v4/developer/toolchains/gnu_arm/7.2_2017q4/bin/../lib/gcc/arm-none-eabi/7.2.1/thumb/v7e-m/fpv4-sp/softfp\libgcc.a(_arm_muldivdf3.o)
                              ./src/Source_files/SI7021.o (__aeabi_dmul)
c:/siliconlabs/simplicitystudio/v4/developer/toolchains/gnu_arm/7.2_2017q4/bin/../lib/gcc/arm-none-eabi/7.2.1/thumb/v7e-m/fpv4-sp/softfp\libgcc.a(_arm_truncdfsf2.o)
                              ./src/Source_files/SI7021.o (__aeabi_d2f)
c:/siliconlabs/simplicitystudio/v4/developer/toolchains/gnu_arm/7.2_2017q4/bin/../lib/gcc/arm-none-eabi/7.2.1/thumb/v7e-m/fpv4-sp/softfp\libgcc.a(_aeabi_ldivmod.o)
                              ./emlib/em_usart.o (__aeabi_ldivmod)
c:/siliconlabs/simplicitystudio/v4/developer/toolchains/gnu_arm/7.2_2017q4/bin/../lib/gcc/arm-none-eabi/7.2.1/thumb/v7e-m/fpv4-sp/softfp\libgcc.a(_aeabi_uldivmod.o)
                              ./emlib/em_usart.o (__aeabi_uldivmod)
c:/siliconlabs/simplicitystudio/v4/developer/toolchains/gnu_arm/7.2_2017q4/bin/../lib/gcc/arm-none-eabi/7.2.1/thumb/v7e-m/fpv4-sp/softfp\libgcc.a(_udivmoddi4.o)
                              c:/siliconlabs/simplicitystudio/v4/developer/toolchains/gnu_arm/7.2_2017q4/bin/../lib/gcc/arm-none-eabi/7.2.1/thumb/v7e-m/fpv4-sp/softfp\libgcc.a(_aeabi_ldivmod.o) (__udivmoddi4)
c:/siliconlabs/simplicitystudio/v4/developer/toolchains/gnu_arm/7.2_2017q4/bin/../lib/gcc/arm-none-eabi/7.2.1/thumb/v7e-m/fpv4-sp/softfp\libgcc.a(_dvmd_tls.o)
                              c:/siliconlabs/simplicitystudio/v4/developer/toolchains/gnu_arm/7.2_2017q4/bin/../lib/gcc/arm-none-eabi/7.2.1/thumb/v7e-m/fpv4-sp/softfp\libgcc.a(_aeabi_ldivmod.o) (__aeabi_ldiv0)
c:/siliconlabs/simplicitystudio/v4/developer/toolchains/gnu_arm/7.2_2017q4/bin/../lib/gcc/arm-none-eabi/7.2.1/../../../../arm-none-eabi/lib/thumb/v7e-m/fpv4-sp/softfp\libc_nano.a(lib_a-exit.o)
                              c:/siliconlabs/simplicitystudio/v4/developer/toolchains/gnu_arm/7.2_2017q4/bin/../lib/gcc/arm-none-eabi/7.2.1/../../../../arm-none-eabi/lib/thumb/v7e-m/fpv4-sp/softfp/crt0.o (exit)
c:/siliconlabs/simplicitystudio/v4/developer/toolchains/gnu_arm/7.2_2017q4/bin/../lib/gcc/arm-none-eabi/7.2.1/../../../../arm-none-eabi/lib/thumb/v7e-m/fpv4-sp/softfp\libc_nano.a(lib_a-impure.o)
                              c:/siliconlabs/simplicitystudio/v4/developer/toolchains/gnu_arm/7.2_2017q4/bin/../lib/gcc/arm-none-eabi/7.2.1/../../../../arm-none-eabi/lib/thumb/v7e-m/fpv4-sp/softfp\libc_nano.a(lib_a-exit.o) (_global_impure_ptr)
c:/siliconlabs/simplicitystudio/v4/developer/toolchains/gnu_arm/7.2_2017q4/bin/../lib/gcc/arm-none-eabi/7.2.1/../../../../arm-none-eabi/lib/thumb/v7e-m/fpv4-sp/softfp\libc_nano.a(lib_a-init.o)
                              c:/siliconlabs/simplicitystudio/v4/developer/toolchains/gnu_arm/7.2_2017q4/bin/../lib/gcc/arm-none-eabi/7.2.1/../../../../arm-none-eabi/lib/thumb/v7e-m/fpv4-sp/softfp/crt0.o (__libc_init_array)
c:/siliconlabs/simplicitystudio/v4/developer/toolchains/gnu_arm/7.2_2017q4/bin/../lib/gcc/arm-none-eabi/7.2.1/../../../../arm-none-eabi/lib/thumb/v7e-m/fpv4-sp/softfp\libc_nano.a(lib_a-memset.o)
                              c:/siliconlabs/simplicitystudio/v4/developer/toolchains/gnu_arm/7.2_2017q4/bin/../lib/gcc/arm-none-eabi/7.2.1/../../../../arm-none-eabi/lib/thumb/v7e-m/fpv4-sp/softfp/crt0.o (memset)
c:/siliconlabs/simplicitystudio/v4/developer/toolchains/gnu_arm/7.2_2017q4/bin/../lib/gcc/arm-none-eabi/7.2.1/../../../../arm-none-eabi/lib/thumb/v7e-m/fpv4-sp/softfp\libc_nano.a(lib_a-nano-vfprintf_float.o)
                              (_printf_float)
c:/siliconlabs/simplicitystudio/v4/developer/toolchains/gnu_arm/7.2_2017q4/bin/../lib/gcc/arm-none-eabi/7.2.1/../../../../arm-none-eabi/lib/thumb/v7e-m/fpv4-sp/softfp\libc_nano.a(lib_a-nano-vfprintf_i.o)
                              c:/siliconlabs/simplicitystudio/v4/developer/toolchains/gnu_arm/7.2_2017q4/bin/../lib/gcc/arm-none-eabi/7.2.1/../../../../arm-none-eabi/lib/thumb/v7e-m/fpv4-sp/softfp\libc_nano.a(lib_a-nano-vfprintf_float.o) (_printf_common)
c:/siliconlabs/simplicitystudio/v4/developer/toolchains/gnu_arm/7.2_2017q4/bin/../lib/gcc/arm-none-eabi/7.2.1/../../../../arm-none-eabi/lib/thumb/v7e-m/fpv4-sp/softfp\libc_nano.a(lib_a-sprintf.o)
                              ./src/Source_files/app.o (sprintf)
c:/siliconlabs/simplicitystudio/v4/developer/toolchains/gnu_arm/7.2_2017q4/bin/../lib/gcc/arm-none-eabi/7.2.1/../../../../arm-none-eabi/lib/thumb/v7e-m/fpv4-sp/softfp\libc_nano.a(lib_a-strcpy.o)
                              ./src/Source_files/ble.o (strcpy)
[...]
Memory Configuration

Name             Origin             Length             Attributes
FLASH            0x00000000         0x00100000         xr
RAM              0x20000000         0x00040000         xrw
*default*        0x00000000         0xffffffff

Linker script and memory map

LOAD c:/siliconlabs/simplicitystudio/v4/developer/toolchains/gnu_arm/7.2_2017q4/bin/../lib/gcc/arm-none-eabi/7.2.1/thumb/v7e-m/fpv4-sp/softfp/crti.o
LOAD c:/siliconlabs/simplicitystudio/v4/developer/toolchains/gnu_arm/7.2_2017q4/bin/../lib/gcc/arm-none-eabi/7.2.1/thumb/v7e-m/fpv4-sp/softfp/crtbegin.o
LOAD c:/siliconlabs/simplicitystudio/v4/developer/toolchains/gnu_arm/7.2_2017q4/bin/../lib/gcc/arm-none-eabi/7.2.1/../../../../arm-none-eabi/lib/thumb/v7e-m/fpv4-sp/softfp/crt0.o
LOAD ./CMSIS/EFM32PG12B/startup_gcc_efm32pg12b.o
LOAD ./CMSIS/EFM32PG12B/system_efm32pg12b.o
LOAD ./emlib/em_acmp.o
LOAD ./emlib/em_adc.o
LOAD ./emlib/em_aes.o
LOAD ./emlib/em_assert.o
LOAD ./emlib/em_burtc.o
LOAD ./emlib/em_can.o
LOAD ./emlib/em_cmu.o
LOAD ./emlib/em_core.o
LOAD ./emlib/em_cryotimer.o
LOAD ./emlib/em_crypto.o
LOAD ./emlib/em_csen.o
LOAD ./emlib/em_dac.o
LOAD ./emlib/em_dbg.o
LOAD ./emlib/em_dma.o
LOAD ./emlib/em_ebi.o
LOAD ./emlib/em_emu.o
LOAD ./emlib/em_gpcrc.o
LOAD ./emlib/em_gpio.o
LOAD ./emlib/em_i2c.o
LOAD ./emlib/em_iadc.o
LOAD ./emlib/em_idac.o
LOAD ./emlib/em_int.o
LOAD ./emlib/em_lcd.o
LOAD ./emlib/em_ldma.o
LOAD ./emlib/em_lesense.o
LOAD ./emlib/em_letimer.o
LOAD ./emlib/em_leuart.o
LOAD ./emlib/em_mpu.o
LOAD ./emlib/em_msc.o
LOAD ./emlib/em_opamp.o
LOAD ./emlib/em_pcnt.o
LOAD ./emlib/em_pdm.o
LOAD ./emlib/em_prs.o
LOAD ./emlib/em_qspi.o
LOAD ./emlib/em_rmu.o
LOAD ./emlib/em_rtc.o
LOAD ./emlib/em_rtcc.o
LOAD ./emlib/em_se.o
LOAD ./emlib/em_system.o
LOAD ./emlib/em_timer.o
LOAD ./emlib/em_usart.o
LOAD ./emlib/em_vcmp.o
LOAD ./emlib/em_vdac.o
LOAD ./emlib/em_wdog.o
LOAD ./src/Source_files/SI7021.o
LOAD ./src/Source_files/app.o
LOAD ./src/Source_files/ble.o
LOAD ./src/Source_files/cmu.o
LOAD ./src/Source_files/gpio.o
LOAD ./src/Source_files/i2c.o
LOAD ./src/Source_files/letimer.o
LOAD ./src/Source_files/leuart.o
LOAD ./src/Source_files/scheduler.o
LOAD ./src/Source_files/sleep_routines.o
LOAD ./src/main.o
START GROUP
LOAD c:/siliconlabs/simplicitystudio/v4/developer/toolchains/gnu_arm/7.2_2017q4/bin/../lib/gcc/arm-none-eabi/7.2.1/thumb/v7e-m/fpv4-sp/softfp\libgcc.a
LOAD c:/siliconlabs/simplicitystudio/v4/developer/toolchains/gnu_arm/7.2_2017q4/bin/../lib/gcc/arm-none-eabi/7.2.1/../../../../arm-none-eabi/lib/thumb/v7e-m/fpv4-sp/softfp\libc_nano.a
LOAD c:/siliconlabs/simplicitystudio/v4/developer/toolchains/gnu_arm/7.2_2017q4/bin/../lib/gcc/arm-none-eabi/7.2.1/../../../../arm-none-eabi/lib/thumb/v7e-m/fpv4-sp/softfp\libnosys.a
END GROUP
START GROUP
LOAD c:/siliconlabs/simplicitystudio/v4/developer/toolchains/gnu_arm/7.2_2017q4/bin/../lib/gcc/arm-none-eabi/7.2.1/thumb/v7e-m/fpv4-sp/softfp\libgcc.a
LOAD c:/siliconlabs/simplicitystudio/v4/developer/toolchains/gnu_arm/7.2_2017q4/bin/../lib/gcc/arm-none-eabi/7.2.1/../../../../arm-none-eabi/lib/thumb/v7e-m/fpv4-sp/softfp\libg_nano.a
LOAD c:/siliconlabs/simplicitystudio/v4/developer/toolchains/gnu_arm/7.2_2017q4/bin/../lib/gcc/arm-none-eabi/7.2.1/../../../../arm-none-eabi/lib/thumb/v7e-m/fpv4-sp/softfp\libc_nano.a
END GROUP
START GROUP
LOAD c:/siliconlabs/simplicitystudio/v4/developer/toolchains/gnu_arm/7.2_2017q4/bin/../lib/gcc/arm-none-eabi/7.2.1/thumb/v7e-m/fpv4-sp/softfp\libgcc.a
LOAD c:/siliconlabs/simplicitystudio/v4/developer/toolchains/gnu_arm/7.2_2017q4/bin/../lib/gcc/arm-none-eabi/7.2.1/../../../../arm-none-eabi/lib/thumb/v7e-m/fpv4-sp/softfp\libc_nano.a
END GROUP
LOAD c:/siliconlabs/simplicitystudio/v4/developer/toolchains/gnu_arm/7.2_2017q4/bin/../lib/gcc/arm-none-eabi/7.2.1/thumb/v7e-m/fpv4-sp/softfp/crtend.o
LOAD c:/siliconlabs/simplicitystudio/v4/developer/toolchains/gnu_arm/7.2_2017q4/bin/../lib/gcc/arm-none-eabi/7.2.1/thumb/v7e-m/fpv4-sp/softfp/crtn.o

.text           0x00000000     0x6acc
 *(.vectors)
 .vectors       0x00000000      0x10c ./CMSIS/EFM32PG12B/startup_gcc_efm32pg12b.o
                0x00000000                __Vectors
                0x0000010c                __Vectors_End = .
                0x0000010c                __Vectors_Size = (__Vectors_End - __Vectors)
                0x0000010c                __end__ = .
 *(.text*)
 .text          0x0000010c       0x40 c:/siliconlabs/simplicitystudio/v4/developer/toolchains/gnu_arm/7.2_2017q4/bin/../lib/gcc/arm-none-eabi/7.2.1/thumb/v7e-m/fpv4-sp/softfp/crtbegin.o
 .text          0x0000014c       0x74 c:/siliconlabs/simplicitystudio/v4/developer/toolchains/gnu_arm/7.2_2017q4/bin/../lib/gcc/arm-none-eabi/7.2.1/../../../../arm-none-eabi/lib/thumb/v7e-m/fpv4-sp/softfp/crt0.o
                0x0000014c                _start
                0x0000014c                _mainCRTStartup
 .text          0x000001c0       0x30 ./CMSIS/EFM32PG12B/startup_gcc_efm32pg12b.o
                0x000001c0                Reset_Handler
                0x000001ec                USART0_TX_IRQHandler
                0x000001ec                HardFault_Handler
                0x000001ec                SysTick_Handler
                0x000001ec                USART1_RX_IRQHandler
                0x000001ec                PendSV_Handler
                0x000001ec                NMI_Handler
                0x000001ec                WTIMER0_IRQHandler
                0x000001ec                CRYPTO0_IRQHandler
                0x000001ec                WDOG0_IRQHandler
                0x000001ec                USART1_TX_IRQHandler
                0x000001ec                SMU_IRQHandler
                0x000001ec                MSC_IRQHandler
                0x000001ec                ADC0_IRQHandler
                0x000001ec                UsageFault_Handler
                0x000001ec                WDOG1_IRQHandler
                0x000001ec                FPUEH_IRQHandler
                0x000001ec                WTIMER1_IRQHandler
                0x000001ec                GPIO_EVEN_IRQHandler
                0x000001ec                VDAC0_IRQHandler
                0x000001ec                LDMA_IRQHandler
                0x000001ec                CSEN_IRQHandler
                0x000001ec                CRYPTO1_IRQHandler
                0x000001ec                TIMER0_IRQHandler
                0x000001ec                DebugMon_Handler
                0x000001ec                PCNT2_IRQHandler
                0x000001ec                TIMER1_IRQHandler
                0x000001ec                TRNG0_IRQHandler
                0x000001ec                USART2_RX_IRQHandler
                0x000001ec                Default_Handler
                0x000001ec                EMU_IRQHandler
                0x000001ec                CRYOTIMER_IRQHandler
                0x000001ec                PCNT0_IRQHandler
                0x000001ec                PCNT1_IRQHandler
                0x000001ec                ACMP0_IRQHandler
                0x000001ec                USART0_RX_IRQHandler
                0x000001ec                MemManage_Handler
                0x000001ec                SVC_Handler
                0x000001ec                USART3_RX_IRQHandler
                0x000001ec                RTCC_IRQHandler
                0x000001ec                CMU_IRQHandler
                0x000001ec                LESENSE_IRQHandler
                0x000001ec                GPIO_ODD_IRQHandler
                0x000001ec                USART3_TX_IRQHandler
                0x000001ec                BusFault_Handler
                0x000001ec                USART2_TX_IRQHandler
                0x000001ec                IDAC0_IRQHandler
 .text.SystemMaxCoreClockGet
                0x000001f0        0x8 ./CMSIS/EFM32PG12B/system_efm32pg12b.o
                0x000001f0                SystemMaxCoreClockGet
 .text.SystemHFClockGet
                0x000001f8       0x50 ./CMSIS/EFM32PG12B/system_efm32pg12b.o
                0x000001f8                SystemHFClockGet
 .text.SystemCoreClockGet
                0x00000248       0x24 ./CMSIS/EFM32PG12B/system_efm32pg12b.o
                0x00000248                SystemCoreClockGet
 .text.SystemHFXOClockGet
                0x0000026c        0xc ./CMSIS/EFM32PG12B/system_efm32pg12b.o
                0x0000026c                SystemHFXOClockGet
 .text.SystemInit
                0x00000278       0x1c ./CMSIS/EFM32PG12B/system_efm32pg12b.o
                0x00000278                SystemInit
 .text.SystemLFRCOClockGet
                0x00000294        0x8 ./CMSIS/EFM32PG12B/system_efm32pg12b.o
                0x00000294                SystemLFRCOClockGet
 .text.SystemULFRCOClockGet
                0x0000029c        0x8 ./CMSIS/EFM32PG12B/system_efm32pg12b.o
                0x0000029c                SystemULFRCOClockGet
 .text.SystemLFXOClockGet
                0x000002a4        0xc ./CMSIS/EFM32PG12B/system_efm32pg12b.o
                0x000002a4                SystemLFXOClockGet
 .text.assertEFM
                0x000002b0        0x4 ./emlib/em_assert.o
                0x000002b0                assertEFM
 .text.CMU_HFRCODevinfoGet
                0x000002b4       0xb4 ./emlib/em_cmu.o
 .text.flashWaitStateControl
                0x00000368       0x64 ./emlib/em_cmu.o
 .text.flashWaitStateMax
                0x000003cc       0x24 ./emlib/em_cmu.o
 .text.CMU_UpdateWaitStates
                0x000003f0       0x1c ./emlib/em_cmu.o
                0x000003f0                CMU_UpdateWaitStates
 .text.CMU_ClockEnable
                0x0000040c       0xc4 ./emlib/em_cmu.o
                0x0000040c                CMU_ClockEnable
 .text.CMU_ClockSelectGet
                0x000004d0       0xe0 ./emlib/em_cmu.o
                0x000004d0                CMU_ClockSelectGet
 .text.lfClkGet
                0x000005b0       0xd0 ./emlib/em_cmu.o
 .text.CMU_ClockFreqGet
                0x00000680      0x1e8 ./emlib/em_cmu.o
                0x00000680                CMU_ClockFreqGet
 .text.CMU_ClockPrescSet
                0x00000868      0x458 ./emlib/em_cmu.o
                0x00000868                CMU_ClockPrescSet
 .text.CMU_HFRCOBandSet
                0x00000cc0      0x1dc ./emlib/em_cmu.o
                0x00000cc0                CMU_HFRCOBandSet
 .text.CMU_OscillatorTuningSet
                0x00000e9c      0x100 ./emlib/em_cmu.o
                0x00000e9c                CMU_OscillatorTuningSet
 .text.CMU_OscillatorTuningWait
                0x00000f9c       0x68 ./emlib/em_cmu.o
                0x00000f9c                CMU_OscillatorTuningWait
 .text.CMU_OscillatorEnable
                0x00001004      0x168 ./emlib/em_cmu.o
                0x00001004                CMU_OscillatorEnable
 .text.CMU_ClockSelectSet
                0x0000116c      0x2d8 ./emlib/em_cmu.o
                0x0000116c                CMU_ClockSelectSet
 .text.CMU_HFXOInit
                0x00001444       0xc4 ./emlib/em_cmu.o
                0x00001444                CMU_HFXOInit
 .text.lpGetDevinfoVrefLowHigh
                0x00001508       0xf0 ./emlib/em_emu.o
 .text.vScaleDownEM23Setup
                0x000015f8       0x30 ./emlib/em_emu.o
 .text.vScaleAfterWakeup.part.1
                0x00001628       0x20 ./emlib/em_emu.o
 .text.emState.part.2
                0x00001648       0xc0 ./emlib/em_emu.o
 .text.lpCmpHystCalibrationLoad.isra.3
                0x00001708       0x80 ./emlib/em_emu.o
 .text.emState.constprop.5
                0x00001788       0x50 ./emlib/em_emu.o
 .text.EMU_EnterEM2
                0x000017d8       0x4c ./emlib/em_emu.o
                0x000017d8                EMU_EnterEM2
 .text.EMU_EnterEM3
                0x00001824       0x68 ./emlib/em_emu.o
                0x00001824                EMU_EnterEM3
 .text.EMU_VScaleEM01
                0x0000188c       0x94 ./emlib/em_emu.o
                0x0000188c                EMU_VScaleEM01
 .text.EMU_VScaleEM01ByClock
                0x00001920       0x50 ./emlib/em_emu.o
                0x00001920                EMU_VScaleEM01ByClock
 .text.EMU_EM23Init
                0x00001970       0x34 ./emlib/em_emu.o
                0x00001970                EMU_EM23Init
 .text.EMU_DCDCModeSet
                0x000019a4       0x84 ./emlib/em_emu.o
                0x000019a4                EMU_DCDCModeSet
 .text.EMU_DCDCOutputVoltageSet
                0x00001a28      0x1a8 ./emlib/em_emu.o
                0x00001a28                EMU_DCDCOutputVoltageSet
 .text.EMU_DCDCOptimizeSlice
                0x00001bd0      0x100 ./emlib/em_emu.o
                0x00001bd0                EMU_DCDCOptimizeSlice
 .text.EMU_DCDCLnRcoBandSet
                0x00001cd0       0x40 ./emlib/em_emu.o
                0x00001cd0                EMU_DCDCLnRcoBandSet
 .text.EMU_DCDCInit
                0x00001d10      0x1d4 ./emlib/em_emu.o
                0x00001d10                EMU_DCDCInit
 .text.GPIO_DriveStrengthSet
                0x00001ee4       0x50 ./emlib/em_gpio.o
                0x00001ee4                GPIO_DriveStrengthSet
 .text.GPIO_PinModeSet
                0x00001f34      0x2e0 ./emlib/em_gpio.o
                0x00001f34                GPIO_PinModeSet
 .text.I2C_BusFreqSet
                0x00002214      0x10c ./emlib/em_i2c.o
                0x00002214                I2C_BusFreqSet
 .text.I2C_Enable
                0x00002320       0x30 ./emlib/em_i2c.o
                0x00002320                I2C_Enable
 .text.I2C_Init
                0x00002350       0x58 ./emlib/em_i2c.o
                0x00002350                I2C_Init
 .text.LETIMER_CompareSet
                0x000023a8       0x40 ./emlib/em_letimer.o
                0x000023a8                LETIMER_CompareSet
 .text.LETIMER_Enable
                0x000023e8       0x2c ./emlib/em_letimer.o
                0x000023e8                LETIMER_Enable
 .text.LETIMER_Init
                0x00002414       0x80 ./emlib/em_letimer.o
                0x00002414                LETIMER_Init
 .text.LETIMER_SyncWait
                0x00002494        0x8 ./emlib/em_letimer.o
                0x00002494                LETIMER_SyncWait
 .text.LEUART_BaudrateSet
                0x0000249c       0x80 ./emlib/em_leuart.o
                0x0000249c                LEUART_BaudrateSet
 .text.LEUART_Enable
                0x0000251c       0x3c ./emlib/em_leuart.o
                0x0000251c                LEUART_Enable
 .text.LEUART_Init
                0x00002558       0x60 ./emlib/em_leuart.o
                0x00002558                LEUART_Init
 .text.si7021_i2c_open
                0x000025b8       0x58 ./src/Source_files/SI7021.o
                0x000025b8                si7021_i2c_open
 .text.si7021_i2c_data
                0x00002610       0x6c ./src/Source_files/SI7021.o
                0x00002610                si7021_i2c_data
 .text.si7021_read_temp
                0x0000267c       0x2c ./src/Source_files/SI7021.o
                0x0000267c                si7021_read_temp
 .text.app_letimer_pwm_open
                0x000026a8       0x48 ./src/Source_files/app.o
                0x000026a8                app_letimer_pwm_open
 .text.app_peripheral_setup
                0x000026f0       0x34 ./src/Source_files/app.o
                0x000026f0                app_peripheral_setup
 .text.scheduled_letimer0_uf_evt
                0x00002724       0x24 ./src/Source_files/app.o
                0x00002724                scheduled_letimer0_uf_evt
 .text.scheduled_letimer0_comp0_evt
                0x00002748       0x18 ./src/Source_files/app.o
                0x00002748                scheduled_letimer0_comp0_evt
 .text.scheduled_letimer0_comp1_evt
                0x00002760       0x18 ./src/Source_files/app.o
                0x00002760                scheduled_letimer0_comp1_evt
 .text.scheduled_si7021_done_evt
                0x00002778       0x6c ./src/Source_files/app.o
                0x00002778                scheduled_si7021_done_evt
 .text.scheduled_boot_up_evt
                0x000027e4       0x4c ./src/Source_files/app.o
                0x000027e4                scheduled_boot_up_evt
 .text.leuart0_tx_done_evt
                0x00002830       0x34 ./src/Source_files/app.o
                0x00002830                leuart0_tx_done_evt
 .text.ble_open
                0x00002864       0x60 ./src/Source_files/ble.o
                0x00002864                ble_open
 .text.ble_circ_push
                0x000028c4       0x74 ./src/Source_files/ble.o
                0x000028c4                ble_circ_push
 .text.ble_circ_pop
                0x00002938       0xe8 ./src/Source_files/ble.o
                0x00002938                ble_circ_pop
 .text.ble_write
                0x00002a20       0x10 ./src/Source_files/ble.o
                0x00002a20                ble_write
 .text.circular_buff_test
                0x00002a30      0x150 ./src/Source_files/ble.o
                0x00002a30                circular_buff_test
 .text.cmu_open
                0x00002b80       0x5c ./src/Source_files/cmu.o
                0x00002b80                cmu_open
 .text.gpio_open
                0x00002bdc       0x8c ./src/Source_files/gpio.o
                0x00002bdc                gpio_open
 .text.i2c_rxdatav
                0x00002c68       0x84 ./src/Source_files/i2c.o
 .text.i2c_ack.part.1
                0x00002cec       0x24 ./src/Source_files/i2c.o
 .text.i2c_ack  0x00002d10       0x50 ./src/Source_files/i2c.o
 .text.i2c_nack
                0x00002d60       0x50 ./src/Source_files/i2c.o
 .text.i2c_mstop
                0x00002db0       0x84 ./src/Source_files/i2c.o
 .text.i2c_bus_reset
                0x00002e34      0x288 ./src/Source_files/i2c.o
                0x00002e34                i2c_bus_reset
 .text.i2c_open
                0x000030bc      0x104 ./src/Source_files/i2c.o
                0x000030bc                i2c_open
 .text.I2C0_IRQHandler
                0x000031c0       0x80 ./src/Source_files/i2c.o
                0x000031c0                I2C0_IRQHandler
 .text.I2C1_IRQHandler
                0x00003240       0x80 ./src/Source_files/i2c.o
                0x00003240                I2C1_IRQHandler
 .text.i2c_start
                0x000032c0       0x50 ./src/Source_files/i2c.o
                0x000032c0                i2c_start
 .text.letimer_start
                0x00003310       0x60 ./src/Source_files/letimer.o
                0x00003310                letimer_start
 .text.letimer_pwm_open
                0x00003370      0x138 ./src/Source_files/letimer.o
                0x00003370                letimer_pwm_open
 .text.LETIMER0_IRQHandler
                0x000034a8       0x88 ./src/Source_files/letimer.o
                0x000034a8                LETIMER0_IRQHandler
 .text.leuart_open
                0x00003530      0x104 ./src/Source_files/leuart.o
                0x00003530                leuart_open
 .text.LEUART0_IRQHandler
                0x00003634       0xf0 ./src/Source_files/leuart.o
                0x00003634                LEUART0_IRQHandler
 .text.leuart_start
                0x00003724       0x40 ./src/Source_files/leuart.o
                0x00003724                leuart_start
 .text.leuart_tx_busy
                0x00003764        0xc ./src/Source_files/leuart.o
                0x00003764                leuart_tx_busy
 .text.scheduler_open
                0x00003770       0x10 ./src/Source_files/scheduler.o
                0x00003770                scheduler_open
 .text.add_scheduled_event
                0x00003780       0x14 ./src/Source_files/scheduler.o
                0x00003780                add_scheduled_event
 .text.remove_scheduled_event
                0x00003794       0x14 ./src/Source_files/scheduler.o
                0x00003794                remove_scheduled_event
 .text.get_scheduled_events
                0x000037a8        0xc ./src/Source_files/scheduler.o
                0x000037a8                get_scheduled_events
 .text.sleep_open
                0x000037b4       0x14 ./src/Source_files/sleep_routines.o
                0x000037b4                sleep_open
 .text.sleep_block_mode
                0x000037c8       0x34 ./src/Source_files/sleep_routines.o
                0x000037c8                sleep_block_mode
 .text.sleep_unblock_mode
                0x000037fc       0x1c ./src/Source_files/sleep_routines.o
                0x000037fc                sleep_unblock_mode
 .text.enter_sleep
                0x00003818       0x34 ./src/Source_files/sleep_routines.o
                0x00003818                enter_sleep
 .text.startup.main
                0x0000384c      0x164 ./src/main.o
                0x0000384c                main
 .text          0x000039b0      0x378 c:/siliconlabs/simplicitystudio/v4/developer/toolchains/gnu_arm/7.2_2017q4/bin/../lib/gcc/arm-none-eabi/7.2.1/thumb/v7e-m/fpv4-sp/softfp\libgcc.a(_arm_addsubdf3.o)
                0x000039b0                __aeabi_drsub
                0x000039b8                __aeabi_dsub
                0x000039b8                __subdf3
                0x000039bc                __aeabi_dadd
                0x000039bc                __adddf3
                0x00003c34                __floatunsidf
                0x00003c34                __aeabi_ui2d
                0x00003c54                __floatsidf
                0x00003c54                __aeabi_i2d
                0x00003c78                __aeabi_f2d
                0x00003c78                __extendsfdf2
                0x00003cbc                __floatundidf
                0x00003cbc                __aeabi_ul2d
                0x00003ccc                __floatdidf
                0x00003ccc                __aeabi_l2d
 .text          0x00003d28      0x424 c:/siliconlabs/simplicitystudio/v4/developer/toolchains/gnu_arm/7.2_2017q4/bin/../lib/gcc/arm-none-eabi/7.2.1/thumb/v7e-m/fpv4-sp/softfp\libgcc.a(_arm_muldivdf3.o)
                0x00003d28                __aeabi_dmul
                0x00003d28                __muldf3
                0x00003f7c                __divdf3
                0x00003f7c                __aeabi_ddiv
 .text          0x0000414c       0xa0 c:/siliconlabs/simplicitystudio/v4/developer/toolchains/gnu_arm/7.2_2017q4/bin/../lib/gcc/arm-none-eabi/7.2.1/thumb/v7e-m/fpv4-sp/softfp\libgcc.a(_arm_truncdfsf2.o)
                0x0000414c                __truncdfsf2
                0x0000414c                __aeabi_d2f
 .text.exit     0x000041ec       0x28 c:/siliconlabs/simplicitystudio/v4/developer/toolchains/gnu_arm/7.2_2017q4/bin/../lib/gcc/arm-none-eabi/7.2.1/../../../../arm-none-eabi/lib/thumb/v7e-m/fpv4-sp/softfp\libc_nano.a(lib_a-exit.o)
                0x000041ec                exit
 .text.__libc_init_array
                0x00004214       0x48 c:/siliconlabs/simplicitystudio/v4/developer/toolchains/gnu_arm/7.2_2017q4/bin/../lib/gcc/arm-none-eabi/7.2.1/../../../../arm-none-eabi/lib/thumb/v7e-m/fpv4-sp/softfp\libc_nano.a(lib_a-init.o)
                0x00004214                __libc_init_array
 .text.memset   0x0000425c       0x10 c:/siliconlabs/simplicitystudio/v4/developer/toolchains/gnu_arm/7.2_2017q4/bin/../lib/gcc/arm-none-eabi/7.2.1/../../../../arm-none-eabi/lib/thumb/v7e-m/fpv4-sp/softfp\libc_nano.a(lib_a-memset.o)
                0x0000425c                memset
 .text.__cvt    0x0000426c       0xbc c:/siliconlabs/simplicitystudio/v4/developer/toolchains/gnu_arm/7.2_2017q4/bin/../lib/gcc/arm-none-eabi/7.2.1/../../../../arm-none-eabi/lib/thumb/v7e-m/fpv4-sp/softfp\libc_nano.a(lib_a-nano-vfprintf_float.o)
                0x0000426c                __cvt
 .text.__exponent
                0x00004328       0x66 c:/siliconlabs/simplicitystudio/v4/developer/toolchains/gnu_arm/7.2_2017q4/bin/../lib/gcc/arm-none-eabi/7.2.1/../../../../arm-none-eabi/lib/thumb/v7e-m/fpv4-sp/softfp\libc_nano.a(lib_a-nano-vfprintf_float.o)
                0x00004328                __exponent
 *fill*         0x0000438e        0x2 
 .text._printf_float
                0x00004390      0x48c c:/siliconlabs/simplicitystudio/v4/developer/toolchains/gnu_arm/7.2_2017q4/bin/../lib/gcc/arm-none-eabi/7.2.1/../../../../arm-none-eabi/lib/thumb/v7e-m/fpv4-sp/softfp\libc_nano.a(lib_a-nano-vfprintf_float.o)
                0x00004390                _printf_float
 .text._printf_common
                0x0000481c       0xea c:/siliconlabs/simplicitystudio/v4/developer/toolchains/gnu_arm/7.2_2017q4/bin/../lib/gcc/arm-none-eabi/7.2.1/../../../../arm-none-eabi/lib/thumb/v7e-m/fpv4-sp/softfp\libc_nano.a(lib_a-nano-vfprintf_i.o)
                0x0000481c                _printf_common
 *fill*         0x00004906        0x2 
 .text._printf_i
                0x00004908      0x224 c:/siliconlabs/simplicitystudio/v4/developer/toolchains/gnu_arm/7.2_2017q4/bin/../lib/gcc/arm-none-eabi/7.2.1/../../../../arm-none-eabi/lib/thumb/v7e-m/fpv4-sp/softfp\libc_nano.a(lib_a-nano-vfprintf_i.o)
                0x00004908                _printf_i
 .text.sprintf  0x00004b2c       0x40 c:/siliconlabs/simplicitystudio/v4/developer/toolchains/gnu_arm/7.2_2017q4/bin/../lib/gcc/arm-none-eabi/7.2.1/../../../../arm-none-eabi/lib/thumb/v7e-m/fpv4-sp/softfp\libc_nano.a(lib_a-sprintf.o)
                0x00004b2c                siprintf
                0x00004b2c                sprintf
 .text.strcpy   0x00004b6c       0x10 c:/siliconlabs/simplicitystudio/v4/developer/toolchains/gnu_arm/7.2_2017q4/bin/../lib/gcc/arm-none-eabi/7.2.1/../../../../arm-none-eabi/lib/thumb/v7e-m/fpv4-sp/softfp\libc_nano.a(lib_a-strcpy.o)
                0x00004b6c                strcpy
 .text          0x00004b7c       0x10 c:/siliconlabs/simplicitystudio/v4/developer/toolchains/gnu_arm/7.2_2017q4/bin/../lib/gcc/arm-none-eabi/7.2.1/../../../../arm-none-eabi/lib/thumb/v7e-m/fpv4-sp/softfp\libc_nano.a(lib_a-strlen.o)
                0x00004b7c                strlen
 .text.quorem   0x00004b8c      0x118 c:/siliconlabs/simplicitystudio/v4/developer/toolchains/gnu_arm/7.2_2017q4/bin/../lib/gcc/arm-none-eabi/7.2.1/../../../../arm-none-eabi/lib/thumb/v7e-m/fpv4-sp/softfp\libc_nano.a(lib_a-dtoa.o)
 *fill*         0x00004ca4        0x4 
 .text._dtoa_r  0x00004ca8      0xb7c c:/siliconlabs/simplicitystudio/v4/developer/toolchains/gnu_arm/7.2_2017q4/bin/../lib/gcc/arm-none-eabi/7.2.1/../../../../arm-none-eabi/lib/thumb/v7e-m/fpv4-sp/softfp\libc_nano.a(lib_a-dtoa.o)
                0x00004ca8                _dtoa_r
 .text._localeconv_r
                0x00005824       0x1c c:/siliconlabs/simplicitystudio/v4/developer/toolchains/gnu_arm/7.2_2017q4/bin/../lib/gcc/arm-none-eabi/7.2.1/../../../../arm-none-eabi/lib/thumb/v7e-m/fpv4-sp/softfp\libc_nano.a(lib_a-localeconv.o)
                0x00005824                _localeconv_r
 .text.malloc   0x00005840       0x10 c:/siliconlabs/simplicitystudio/v4/developer/toolchains/gnu_arm/7.2_2017q4/bin/../lib/gcc/arm-none-eabi/7.2.1/../../../../arm-none-eabi/lib/thumb/v7e-m/fpv4-sp/softfp\libc_nano.a(lib_a-malloc.o)
                0x00005840                malloc
 .text          0x00005850       0xa0 c:/siliconlabs/simplicitystudio/v4/developer/toolchains/gnu_arm/7.2_2017q4/bin/../lib/gcc/arm-none-eabi/7.2.1/../../../../arm-none-eabi/lib/thumb/v7e-m/fpv4-sp/softfp\libc_nano.a(lib_a-memchr.o)
                0x00005850                memchr
 .text.memcpy   0x000058f0       0x16 c:/siliconlabs/simplicitystudio/v4/developer/toolchains/gnu_arm/7.2_2017q4/bin/../lib/gcc/arm-none-eabi/7.2.1/../../../../arm-none-eabi/lib/thumb/v7e-m/fpv4-sp/softfp\libc_nano.a(lib_a-memcpy-stub.o)
                0x000058f0                memcpy
 .text._Balloc  0x00005906       0x68 c:/siliconlabs/simplicitystudio/v4/developer/toolchains/gnu_arm/7.2_2017q4/bin/../lib/gcc/arm-none-eabi/7.2.1/../../../../arm-none-eabi/lib/thumb/v7e-m/fpv4-sp/softfp\libc_nano.a(lib_a-mprec.o)
                0x00005906                _Balloc
 .text._Bfree   0x0000596e       0x2e c:/siliconlabs/simplicitystudio/v4/developer/toolchains/gnu_arm/7.2_2017q4/bin/../lib/gcc/arm-none-eabi/7.2.1/../../../../arm-none-eabi/lib/thumb/v7e-m/fpv4-sp/softfp\libc_nano.a(lib_a-mprec.o)
                0x0000596e                _Bfree
 .text.__multadd
                0x0000599c       0x76 c:/siliconlabs/simplicitystudio/v4/developer/toolchains/gnu_arm/7.2_2017q4/bin/../lib/gcc/arm-none-eabi/7.2.1/../../../../arm-none-eabi/lib/thumb/v7e-m/fpv4-sp/softfp\libc_nano.a(lib_a-mprec.o)
                0x0000599c                __multadd
 .text.__hi0bits
                0x00005a12       0x3e c:/siliconlabs/simplicitystudio/v4/developer/toolchains/gnu_arm/7.2_2017q4/bin/../lib/gcc/arm-none-eabi/7.2.1/../../../../arm-none-eabi/lib/thumb/v7e-m/fpv4-sp/softfp\libc_nano.a(lib_a-mprec.o)
                0x00005a12                __hi0bits
 .text.__lo0bits
                0x00005a50       0x5e c:/siliconlabs/simplicitystudio/v4/developer/toolchains/gnu_arm/7.2_2017q4/bin/../lib/gcc/arm-none-eabi/7.2.1/../../../../arm-none-eabi/lib/thumb/v7e-m/fpv4-sp/softfp\libc_nano.a(lib_a-mprec.o)
                0x00005a50                __lo0bits
 .text.__i2b    0x00005aae       0x12 c:/siliconlabs/simplicitystudio/v4/developer/toolchains/gnu_arm/7.2_2017q4/bin/../lib/gcc/arm-none-eabi/7.2.1/../../../../arm-none-eabi/lib/thumb/v7e-m/fpv4-sp/softfp\libc_nano.a(lib_a-mprec.o)
                0x00005aae                __i2b
 .text.__multiply
                0x00005ac0      0x12c c:/siliconlabs/simplicitystudio/v4/developer/toolchains/gnu_arm/7.2_2017q4/bin/../lib/gcc/arm-none-eabi/7.2.1/../../../../arm-none-eabi/lib/thumb/v7e-m/fpv4-sp/softfp\libc_nano.a(lib_a-mprec.o)
                0x00005ac0                __multiply
 .text.__pow5mult
                0x00005bec       0x9c c:/siliconlabs/simplicitystudio/v4/developer/toolchains/gnu_arm/7.2_2017q4/bin/../lib/gcc/arm-none-eabi/7.2.1/../../../../arm-none-eabi/lib/thumb/v7e-m/fpv4-sp/softfp\libc_nano.a(lib_a-mprec.o)
                0x00005bec                __pow5mult
 .text.__lshift
                0x00005c88       0xa8 c:/siliconlabs/simplicitystudio/v4/developer/toolchains/gnu_arm/7.2_2017q4/bin/../lib/gcc/arm-none-eabi/7.2.1/../../../../arm-none-eabi/lib/thumb/v7e-m/fpv4-sp/softfp\libc_nano.a(lib_a-mprec.o)
                0x00005c88                __lshift
 .text.__mcmp   0x00005d30       0x34 c:/siliconlabs/simplicitystudio/v4/developer/toolchains/gnu_arm/7.2_2017q4/bin/../lib/gcc/arm-none-eabi/7.2.1/../../../../arm-none-eabi/lib/thumb/v7e-m/fpv4-sp/softfp\libc_nano.a(lib_a-mprec.o)
                0x00005d30                __mcmp
 .text.__mdiff  0x00005d64       0xba c:/siliconlabs/simplicitystudio/v4/developer/toolchains/gnu_arm/7.2_2017q4/bin/../lib/gcc/arm-none-eabi/7.2.1/../../../../arm-none-eabi/lib/thumb/v7e-m/fpv4-sp/softfp\libc_nano.a(lib_a-mprec.o)
                0x00005d64                __mdiff
 .text.__d2b    0x00005e1e       0x9e c:/siliconlabs/simplicitystudio/v4/developer/toolchains/gnu_arm/7.2_2017q4/bin/../lib/gcc/arm-none-eabi/7.2.1/../../../../arm-none-eabi/lib/thumb/v7e-m/fpv4-sp/softfp\libc_nano.a(lib_a-mprec.o)
                0x00005e1e                __d2b
 .text._calloc_r
                0x00005ebc       0x1c c:/siliconlabs/simplicitystudio/v4/developer/toolchains/gnu_arm/7.2_2017q4/bin/../lib/gcc/arm-none-eabi/7.2.1/../../../../arm-none-eabi/lib/thumb/v7e-m/fpv4-sp/softfp\libc_nano.a(lib_a-nano-callocr.o)
                0x00005ebc                _calloc_r
 .text._free_r  0x00005ed8       0x9c c:/siliconlabs/simplicitystudio/v4/developer/toolchains/gnu_arm/7.2_2017q4/bin/../lib/gcc/arm-none-eabi/7.2.1/../../../../arm-none-eabi/lib/thumb/v7e-m/fpv4-sp/softfp\libc_nano.a(lib_a-nano-freer.o)
                0x00005ed8                _free_r
 .text._malloc_r
                0x00005f74       0xb4 c:/siliconlabs/simplicitystudio/v4/developer/toolchains/gnu_arm/7.2_2017q4/bin/../lib/gcc/arm-none-eabi/7.2.1/../../../../arm-none-eabi/lib/thumb/v7e-m/fpv4-sp/softfp\libc_nano.a(lib_a-nano-mallocr.o)
                0x00005f74                _malloc_r
 .text.__ssputs_r
                0x00006028       0xb4 c:/siliconlabs/simplicitystudio/v4/developer/toolchains/gnu_arm/7.2_2017q4/bin/../lib/gcc/arm-none-eabi/7.2.1/../../../../arm-none-eabi/lib/thumb/v7e-m/fpv4-sp/softfp\libc_nano.a(lib_a-nano-svfprintf.o)
                0x00006028                __ssputs_r
 .text._svfprintf_r
                0x000060dc      0x1ec c:/siliconlabs/simplicitystudio/v4/developer/toolchains/gnu_arm/7.2_2017q4/bin/../lib/gcc/arm-none-eabi/7.2.1/../../../../arm-none-eabi/lib/thumb/v7e-m/fpv4-sp/softfp\libc_nano.a(lib_a-nano-svfprintf.o)
                0x000060dc                _svfiprintf_r
                0x000060dc                _svfprintf_r
 .text._sbrk_r  0x000062c8       0x20 c:/siliconlabs/simplicitystudio/v4/developer/toolchains/gnu_arm/7.2_2017q4/bin/../lib/gcc/arm-none-eabi/7.2.1/../../../../arm-none-eabi/lib/thumb/v7e-m/fpv4-sp/softfp\libc_nano.a(lib_a-sbrkr.o)
                0x000062c8                _sbrk_r
 .text.__ascii_mbtowc
                0x000062e8       0x24 c:/siliconlabs/simplicitystudio/v4/developer/toolchains/gnu_arm/7.2_2017q4/bin/../lib/gcc/arm-none-eabi/7.2.1/../../../../arm-none-eabi/lib/thumb/v7e-m/fpv4-sp/softfp\libc_nano.a(lib_a-mbtowc_r.o)
                0x000062e8                __ascii_mbtowc
 .text.memmove  0x0000630c       0x32 c:/siliconlabs/simplicitystudio/v4/developer/toolchains/gnu_arm/7.2_2017q4/bin/../lib/gcc/arm-none-eabi/7.2.1/../../../../arm-none-eabi/lib/thumb/v7e-m/fpv4-sp/softfp\libc_nano.a(lib_a-memmove.o)
                0x0000630c                memmove
 .text.__malloc_lock
                0x0000633e        0x2 c:/siliconlabs/simplicitystudio/v4/developer/toolchains/gnu_arm/7.2_2017q4/bin/../lib/gcc/arm-none-eabi/7.2.1/../../../../arm-none-eabi/lib/thumb/v7e-m/fpv4-sp/softfp\libc_nano.a(lib_a-mlock.o)
                0x0000633e                __malloc_lock
 .text.__malloc_unlock
                0x00006340        0x2 c:/siliconlabs/simplicitystudio/v4/developer/toolchains/gnu_arm/7.2_2017q4/bin/../lib/gcc/arm-none-eabi/7.2.1/../../../../arm-none-eabi/lib/thumb/v7e-m/fpv4-sp/softfp\libc_nano.a(lib_a-mlock.o)
                0x00006340                __malloc_unlock
 .text._realloc_r
                0x00006342       0x4c c:/siliconlabs/simplicitystudio/v4/developer/toolchains/gnu_arm/7.2_2017q4/bin/../lib/gcc/arm-none-eabi/7.2.1/../../../../arm-none-eabi/lib/thumb/v7e-m/fpv4-sp/softfp\libc_nano.a(lib_a-nano-reallocr.o)
                0x00006342                _realloc_r
 .text.__ascii_wctomb
                0x0000638e       0x1a c:/siliconlabs/simplicitystudio/v4/developer/toolchains/gnu_arm/7.2_2017q4/bin/../lib/gcc/arm-none-eabi/7.2.1/../../../../arm-none-eabi/lib/thumb/v7e-m/fpv4-sp/softfp\libc_nano.a(lib_a-wctomb_r.o)
                0x0000638e                __ascii_wctomb
 .text._malloc_usable_size_r
                0x000063a8       0x10 c:/siliconlabs/simplicitystudio/v4/developer/toolchains/gnu_arm/7.2_2017q4/bin/../lib/gcc/arm-none-eabi/7.2.1/../../../../arm-none-eabi/lib/thumb/v7e-m/fpv4-sp/softfp\libc_nano.a(lib_a-nano-msizer.o)
                0x000063a8                _malloc_usable_size_r
 .text._sbrk    0x000063b8       0x1c c:/siliconlabs/simplicitystudio/v4/developer/toolchains/gnu_arm/7.2_2017q4/bin/../lib/gcc/arm-none-eabi/7.2.1/../../../../arm-none-eabi/lib/thumb/v7e-m/fpv4-sp/softfp\libnosys.a(sbrk.o)
                0x000063b8                _sbrk
 .text._exit    0x000063d4        0x4 c:/siliconlabs/simplicitystudio/v4/developer/toolchains/gnu_arm/7.2_2017q4/bin/../lib/gcc/arm-none-eabi/7.2.1/../../../../arm-none-eabi/lib/thumb/v7e-m/fpv4-sp/softfp\libnosys.a(_exit.o)
                0x000063d4                _exit
 .text          0x000063d8      0x110 c:/siliconlabs/simplicitystudio/v4/developer/toolchains/gnu_arm/7.2_2017q4/bin/../lib/gcc/arm-none-eabi/7.2.1/thumb/v7e-m/fpv4-sp/softfp\libgcc.a(_arm_cmpdf2.o)
                0x000063d8                __gtdf2
                0x000063d8                __gedf2
                0x000063e0                __ltdf2
                0x000063e0                __ledf2
                0x000063e8                __nedf2
                0x000063e8                __eqdf2
                0x000063e8                __cmpdf2
                0x00006464                __aeabi_cdrcmple
                0x00006474                __aeabi_cdcmpeq
                0x00006474                __aeabi_cdcmple
                0x00006484                __aeabi_dcmpeq
                0x00006498                __aeabi_dcmplt
                0x000064ac                __aeabi_dcmple
                0x000064c0                __aeabi_dcmpge
                0x000064d4                __aeabi_dcmpgt
 .text          0x000064e8       0x2c c:/siliconlabs/simplicitystudio/v4/developer/toolchains/gnu_arm/7.2_2017q4/bin/../lib/gcc/arm-none-eabi/7.2.1/thumb/v7e-m/fpv4-sp/softfp\libgcc.a(_arm_unorddf2.o)
                0x000064e8                __unorddf2
                0x000064e8                __aeabi_dcmpun
 .text          0x00006514       0x50 c:/siliconlabs/simplicitystudio/v4/developer/toolchains/gnu_arm/7.2_2017q4/bin/../lib/gcc/arm-none-eabi/7.2.1/thumb/v7e-m/fpv4-sp/softfp\libgcc.a(_arm_fixdfsi.o)
                0x00006514                __aeabi_d2iz
                0x00006514                __fixdfsi
 *(.init)
 .init          0x00006564        0x4 c:/siliconlabs/simplicitystudio/v4/developer/toolchains/gnu_arm/7.2_2017q4/bin/../lib/gcc/arm-none-eabi/7.2.1/thumb/v7e-m/fpv4-sp/softfp/crti.o
                0x00006564                _init
 .init          0x00006568        0x8 c:/siliconlabs/simplicitystudio/v4/developer/toolchains/gnu_arm/7.2_2017q4/bin/../lib/gcc/arm-none-eabi/7.2.1/thumb/v7e-m/fpv4-sp/softfp/crtn.o
 *(.fini)
 .fini          0x00006570        0x4 c:/siliconlabs/simplicitystudio/v4/developer/toolchains/gnu_arm/7.2_2017q4/bin/../lib/gcc/arm-none-eabi/7.2.1/thumb/v7e-m/fpv4-sp/softfp/crti.o
                0x00006570                _fini
 .fini          0x00006574        0x8 c:/siliconlabs/simplicitystudio/v4/developer/toolchains/gnu_arm/7.2_2017q4/bin/../lib/gcc/arm-none-eabi/7.2.1/thumb/v7e-m/fpv4-sp/softfp/crtn.o
 *crtbegin.o(.ctors)
 *crtbegin?.o(.ctors)
 *(EXCLUDE_FILE(*crtend.o *crtend?.o) .ctors)
 *(SORT_BY_NAME(.ctors.*))
 *(.ctors)
 *crtbegin.o(.dtors)
 *crtbegin?.o(.dtors)
 *(EXCLUDE_FILE(*crtend.o *crtend?.o) .dtors)
 *(SORT_BY_NAME(.dtors.*))
 *(.dtors)
 *(.rodata*)
 .rodata.CMU_ClockPrescSet.str1.4
                0x0000657c       0x63 ./emlib/em_cmu.o
 *fill*         0x000065df        0x1 
 .rodata.flashWaitStateControl.str1.4
                0x000065e0       0x12 ./emlib/em_cmu.o
 *fill*         0x000065f2        0x2 
 .rodata.flashWsTable
                0x000065f4       0x28 ./emlib/em_cmu.o
 .rodata.lpGetDevinfoVrefLowHigh.str1.4
                0x0000661c       0x12 ./emlib/em_emu.o
 *fill*         0x0000662e        0x2 
 .rodata.GPIO_DbgLocationSet.str1.4
                0x00006630       0x13 ./emlib/em_gpio.o
 *fill*         0x00006643        0x1 
 .rodata.GPIO_PinModeSet.str1.4
                0x00006644       0x64 ./emlib/em_gpio.o
 .rodata.CSWTCH.17
                0x000066a8        0xc ./emlib/em_i2c.o
 .rodata.CSWTCH.18
                0x000066b4        0xc ./emlib/em_i2c.o
 .rodata.I2C_BusFreqGet.str1.4
                0x000066c0       0x12 ./emlib/em_i2c.o
 *fill*         0x000066d2        0x2 
 .rodata.i2cNSum
                0x000066d4        0x4 ./emlib/em_i2c.o
 .rodata.LETIMER_CompareGet.str1.4
                0x000066d8       0x16 ./emlib/em_letimer.o
 *fill*         0x000066ee        0x2 
 .rodata.LEUART_BaudrateGet.str1.4
                0x000066f0       0x15 ./emlib/em_leuart.o
 *fill*         0x00006705        0x3 
 .rodata.scheduled_boot_up_evt.str1.4
                0x00006708       0x39 ./src/Source_files/app.o
 *fill*         0x00006741        0x3 
 .rodata.scheduled_letimer0_uf_evt.str1.4
                0x00006744       0x1a ./src/Source_files/app.o
 *fill*         0x0000675e        0x2 
 .rodata.scheduled_si7021_done_evt.str1.4
                0x00006760       0x10 ./src/Source_files/app.o
 .rodata.ble_test.str1.4
                0x00006770       0x1a ./src/Source_files/ble.o
 *fill*         0x0000678a        0x2 
 .rodata.circular_buff_test.str1.4
                0x0000678c       0x1e ./src/Source_files/ble.o
 .rodata.i2c_bus_reset.str1.4
                0x000067aa       0x64 ./src/Source_files/i2c.o
 *fill*         0x000067aa        0x2 
 .rodata.i2c_rxdatav.str1.4
                0x000067ac       0x1a ./src/Source_files/i2c.o
 *fill*         0x000067c6        0x2 
 .rodata.letimer_pwm_open.str1.4
                0x000067c8       0x1e ./src/Source_files/letimer.o
 *fill*         0x000067e6        0x2 
 .rodata.leuart_open.str1.4
                0x000067e8       0x1d ./src/Source_files/leuart.o
 *fill*         0x00006805        0x3 
 .rodata.sleep_block_mode.str1.4
                0x00006808       0x25 ./src/Source_files/sleep_routines.o
 *fill*         0x0000682d        0x3 
 .rodata        0x00006830       0x22 ./src/main.o
 *fill*         0x00006852        0x2 
 .rodata.main.str1.4
                0x00006854       0x10 ./src/main.o
                                  0xe (size before relaxing)
 .rodata._global_impure_ptr
                0x00006864        0x4 c:/siliconlabs/simplicitystudio/v4/developer/toolchains/gnu_arm/7.2_2017q4/bin/../lib/gcc/arm-none-eabi/7.2.1/../../../../arm-none-eabi/lib/thumb/v7e-m/fpv4-sp/softfp\libc_nano.a(lib_a-impure.o)
                0x00006864                _global_impure_ptr
 .rodata._printf_float.str1.1
                0x00006868       0x12 c:/siliconlabs/simplicitystudio/v4/developer/toolchains/gnu_arm/7.2_2017q4/bin/../lib/gcc/arm-none-eabi/7.2.1/../../../../arm-none-eabi/lib/thumb/v7e-m/fpv4-sp/softfp\libc_nano.a(lib_a-nano-vfprintf_float.o)
 .rodata._printf_i.str1.1
                0x0000687a       0x22 c:/siliconlabs/simplicitystudio/v4/developer/toolchains/gnu_arm/7.2_2017q4/bin/../lib/gcc/arm-none-eabi/7.2.1/../../../../arm-none-eabi/lib/thumb/v7e-m/fpv4-sp/softfp\libc_nano.a(lib_a-nano-vfprintf_i.o)
 .rodata._dtoa_r.str1.1
                0x0000689c        0xd c:/siliconlabs/simplicitystudio/v4/developer/toolchains/gnu_arm/7.2_2017q4/bin/../lib/gcc/arm-none-eabi/7.2.1/../../../../arm-none-eabi/lib/thumb/v7e-m/fpv4-sp/softfp\libc_nano.a(lib_a-dtoa.o)
                                  0xf (size before relaxing)
 *fill*         0x000068a9        0x7 
 .rodata.__mprec_bigtens
                0x000068b0       0x28 c:/siliconlabs/simplicitystudio/v4/developer/toolchains/gnu_arm/7.2_2017q4/bin/../lib/gcc/arm-none-eabi/7.2.1/../../../../arm-none-eabi/lib/thumb/v7e-m/fpv4-sp/softfp\libc_nano.a(lib_a-mprec.o)
                0x000068b0                __mprec_bigtens
 .rodata.__mprec_tens
                0x000068d8       0xc8 c:/siliconlabs/simplicitystudio/v4/developer/toolchains/gnu_arm/7.2_2017q4/bin/../lib/gcc/arm-none-eabi/7.2.1/../../../../arm-none-eabi/lib/thumb/v7e-m/fpv4-sp/softfp\libc_nano.a(lib_a-mprec.o)
                0x000068d8                __mprec_tens
 .rodata.p05.7359
                0x000069a0        0xc c:/siliconlabs/simplicitystudio/v4/developer/toolchains/gnu_arm/7.2_2017q4/bin/../lib/gcc/arm-none-eabi/7.2.1/../../../../arm-none-eabi/lib/thumb/v7e-m/fpv4-sp/softfp\libc_nano.a(lib_a-mprec.o)
 .rodata._svfprintf_r.str1.1
                0x000069ac       0x11 c:/siliconlabs/simplicitystudio/v4/developer/toolchains/gnu_arm/7.2_2017q4/bin/../lib/gcc/arm-none-eabi/7.2.1/../../../../arm-none-eabi/lib/thumb/v7e-m/fpv4-sp/softfp\libc_nano.a(lib_a-nano-svfprintf.o)
 .rodata._setlocale_r.str1.1
                0x000069bd        0x8 c:/siliconlabs/simplicitystudio/v4/developer/toolchains/gnu_arm/7.2_2017q4/bin/../lib/gcc/arm-none-eabi/7.2.1/../../../../arm-none-eabi/lib/thumb/v7e-m/fpv4-sp/softfp\libc_nano.a(lib_a-locale.o)
                                  0x9 (size before relaxing)
 .rodata.str1.1
                0x000069c5        0x2 c:/siliconlabs/simplicitystudio/v4/developer/toolchains/gnu_arm/7.2_2017q4/bin/../lib/gcc/arm-none-eabi/7.2.1/../../../../arm-none-eabi/lib/thumb/v7e-m/fpv4-sp/softfp\libc_nano.a(lib_a-locale.o)
 .rodata._ctype_
                0x000069c7      0x101 c:/siliconlabs/simplicitystudio/v4/developer/toolchains/gnu_arm/7.2_2017q4/bin/../lib/gcc/arm-none-eabi/7.2.1/../../../../arm-none-eabi/lib/thumb/v7e-m/fpv4-sp/softfp\libc_nano.a(lib_a-ctype_.o)
                0x000069c7                _ctype_
 *(.eh_frame*)
 .eh_frame      0x00006ac8        0x0 c:/siliconlabs/simplicitystudio/v4/developer/toolchains/gnu_arm/7.2_2017q4/bin/../lib/gcc/arm-none-eabi/7.2.1/thumb/v7e-m/fpv4-sp/softfp/crtbegin.o
 .eh_frame      0x00006ac8        0x4 c:/siliconlabs/simplicitystudio/v4/developer/toolchains/gnu_arm/7.2_2017q4/bin/../lib/gcc/arm-none-eabi/7.2.1/thumb/v7e-m/fpv4-sp/softfp/crtend.o

.glue_7         0x00006acc        0x0
 .glue_7        0x00006acc        0x0 linker stubs

.glue_7t        0x00006acc        0x0
 .glue_7t       0x00006acc        0x0 linker stubs

.vfp11_veneer   0x00006acc        0x0
 .vfp11_veneer  0x00006acc        0x0 linker stubs

.v4_bx          0x00006acc        0x0
 .v4_bx         0x00006acc        0x0 linker stubs

.iplt           0x00006acc        0x0
 .iplt          0x00006acc        0x0 c:/siliconlabs/simplicitystudio/v4/developer/toolchains/gnu_arm/7.2_2017q4/bin/../lib/gcc/arm-none-eabi/7.2.1/thumb/v7e-m/fpv4-sp/softfp/crtbegin.o

.ARM.extab
 *(.ARM.extab* .gnu.linkonce.armextab.*)
                0x00006acc                __exidx_start = .

.ARM.exidx      0x00006acc        0x8
 *(.ARM.exidx* .gnu.linkonce.armexidx.*)
 .ARM.exidx     0x00006acc        0x8 c:/siliconlabs/simplicitystudio/v4/developer/toolchains/gnu_arm/7.2_2017q4/bin/../lib/gcc/arm-none-eabi/7.2.1/../../../../arm-none-eabi/lib/thumb/v7e-m/fpv4-sp/softfp/crt0.o
                0x00006ad4                __exidx_end = .
                0x00006ad4                __etext = .

.rel.dyn        0x00006ad4        0x0
 .rel.iplt      0x00006ad4        0x0 c:/siliconlabs/simplicitystudio/v4/developer/toolchains/gnu_arm/7.2_2017q4/bin/../lib/gcc/arm-none-eabi/7.2.1/thumb/v7e-m/fpv4-sp/softfp/crtbegin.o

.data           0x20000000      0x1ec load address 0x00006ad4
                0x20000000                __data_start__ = .
 *(vtable)
 *(.data*)
 .data.SystemCoreClock
                0x20000000        0x4 ./CMSIS/EFM32PG12B/system_efm32pg12b.o
                0x20000000                SystemCoreClock
 .data.SystemHFXOClock
                0x20000004        0x4 ./CMSIS/EFM32PG12B/system_efm32pg12b.o
 .data.SystemHfrcoFreq
                0x20000008        0x4 ./CMSIS/EFM32PG12B/system_efm32pg12b.o
                0x20000008                SystemHfrcoFreq
 .data.SystemLFXOClock
                0x2000000c        0x4 ./CMSIS/EFM32PG12B/system_efm32pg12b.o
 .data.auxHfrcoFreq
                0x20000010        0x4 ./emlib/em_cmu.o
 .data._impure_ptr
                0x20000014        0x4 c:/siliconlabs/simplicitystudio/v4/developer/toolchains/gnu_arm/7.2_2017q4/bin/../lib/gcc/arm-none-eabi/7.2.1/../../../../arm-none-eabi/lib/thumb/v7e-m/fpv4-sp/softfp\libc_nano.a(lib_a-impure.o)
                0x20000014                _impure_ptr
 .data.impure_data
                0x20000018       0x60 c:/siliconlabs/simplicitystudio/v4/developer/toolchains/gnu_arm/7.2_2017q4/bin/../lib/gcc/arm-none-eabi/7.2.1/../../../../arm-none-eabi/lib/thumb/v7e-m/fpv4-sp/softfp\libc_nano.a(lib_a-impure.o)
 .data.__global_locale
                0x20000078      0x16c c:/siliconlabs/simplicitystudio/v4/developer/toolchains/gnu_arm/7.2_2017q4/bin/../lib/gcc/arm-none-eabi/7.2.1/../../../../arm-none-eabi/lib/thumb/v7e-m/fpv4-sp/softfp\libc_nano.a(lib_a-locale.o)
                0x20000078                __global_locale
                0x200001e4                . = ALIGN (0x4)
 *(.ram)
                0x200001e4                . = ALIGN (0x4)
                0x200001e4                PROVIDE (__preinit_array_start, .)
 *(.preinit_array)
                0x200001e4                PROVIDE (__preinit_array_end, .)
                0x200001e4                . = ALIGN (0x4)
                0x200001e4                PROVIDE (__init_array_start, .)
 *(SORT_BY_NAME(.init_array.*))
 *(.init_array)
 .init_array    0x200001e4        0x4 c:/siliconlabs/simplicitystudio/v4/developer/toolchains/gnu_arm/7.2_2017q4/bin/../lib/gcc/arm-none-eabi/7.2.1/thumb/v7e-m/fpv4-sp/softfp/crtbegin.o
                0x200001e8                PROVIDE (__init_array_end, .)
                0x200001e8                . = ALIGN (0x4)
                [!provide]                PROVIDE (__fini_array_start, .)
 *(SORT_BY_NAME(.fini_array.*))
 *(.fini_array)
 .fini_array    0x200001e8        0x4 c:/siliconlabs/simplicitystudio/v4/developer/toolchains/gnu_arm/7.2_2017q4/bin/../lib/gcc/arm-none-eabi/7.2.1/thumb/v7e-m/fpv4-sp/softfp/crtbegin.o
                [!provide]                PROVIDE (__fini_array_end, .)
 *(.jcr*)
                0x200001ec                . = ALIGN (0x4)
                0x200001ec                __data_end__ = .

.igot.plt       0x200001ec        0x0 load address 0x00006cc0
 .igot.plt      0x200001ec        0x0 c:/siliconlabs/simplicitystudio/v4/developer/toolchains/gnu_arm/7.2_2017q4/bin/../lib/gcc/arm-none-eabi/7.2.1/thumb/v7e-m/fpv4-sp/softfp/crtbegin.o

.bss            0x200001ec      0x244 load address 0x00006cc0
                0x200001ec                . = ALIGN (0x4)
                0x200001ec                __bss_start__ = .
 *(.bss*)
 .bss           0x200001ec       0x1c c:/siliconlabs/simplicitystudio/v4/developer/toolchains/gnu_arm/7.2_2017q4/bin/../lib/gcc/arm-none-eabi/7.2.1/thumb/v7e-m/fpv4-sp/softfp/crtbegin.o
 .bss.cmuStatus.8075
                0x20000208        0x4 ./emlib/em_emu.o
 .bss.dcdcEm01LoadCurrent_mA
                0x2000020c        0x2 ./emlib/em_emu.o
 .bss.dcdcMaxCurrent_mA
                0x2000020e        0x2 ./emlib/em_emu.o
 .bss.dcdcReverseCurrentControl
                0x20000210        0x2 ./emlib/em_emu.o
 .bss.hfClock.8076
                0x20000212        0x1 ./emlib/em_emu.o
 *fill*         0x20000213        0x1 
 .bss.hfrcoCtrl.8078
                0x20000214        0x4 ./emlib/em_emu.o
 .bss.vScaleEM01Config
                0x20000218        0x1 ./emlib/em_emu.o
 .bss.vScaleStatus.8077
                0x20000219        0x1 ./emlib/em_emu.o
 *fill*         0x2000021a        0x2 
 .bss.si7021_data
                0x2000021c        0x4 ./src/Source_files/SI7021.o
 .bss.payload   0x20000220       0x20 ./src/Source_files/i2c.o
 .bss.scheduled_comp0_evt
                0x20000240        0x4 ./src/Source_files/letimer.o
 .bss.scheduled_comp1_evt
                0x20000244        0x4 ./src/Source_files/letimer.o
 .bss.scheduled_uf_evt
                0x20000248        0x4 ./src/Source_files/letimer.o
 .bss.payload   0x2000024c       0x68 ./src/Source_files/leuart.o
 .bss.tx_done_evt
                0x200002b4        0x4 ./src/Source_files/leuart.o
 .bss.event_scheduled
                0x200002b8        0x4 ./src/Source_files/scheduler.o
 .bss.lowest_energy_mode
                0x200002bc       0x14 ./src/Source_files/sleep_routines.o
 .bss.__malloc_free_list
                0x200002d0        0x4 c:/siliconlabs/simplicitystudio/v4/developer/toolchains/gnu_arm/7.2_2017q4/bin/../lib/gcc/arm-none-eabi/7.2.1/../../../../arm-none-eabi/lib/thumb/v7e-m/fpv4-sp/softfp\libc_nano.a(lib_a-nano-mallocr.o)
                0x200002d0                __malloc_free_list
 .bss.__malloc_sbrk_start
                0x200002d4        0x4 c:/siliconlabs/simplicitystudio/v4/developer/toolchains/gnu_arm/7.2_2017q4/bin/../lib/gcc/arm-none-eabi/7.2.1/../../../../arm-none-eabi/lib/thumb/v7e-m/fpv4-sp/softfp\libc_nano.a(lib_a-nano-mallocr.o)
                0x200002d4                __malloc_sbrk_start
 .bss.heap_end.5377
                0x200002d8        0x4 c:/siliconlabs/simplicitystudio/v4/developer/toolchains/gnu_arm/7.2_2017q4/bin/../lib/gcc/arm-none-eabi/7.2.1/../../../../arm-none-eabi/lib/thumb/v7e-m/fpv4-sp/softfp\libnosys.a(sbrk.o)
 *(COMMON)
 COMMON         0x200002dc      0x150 ./src/Source_files/ble.o
                0x200002dc                test_struct
                0x200003dc                ble_cbuf
 COMMON         0x2000042c        0x4 c:/siliconlabs/simplicitystudio/v4/developer/toolchains/gnu_arm/7.2_2017q4/bin/../lib/gcc/arm-none-eabi/7.2.1/../../../../arm-none-eabi/lib/thumb/v7e-m/fpv4-sp/softfp\libc_nano.a(lib_a-reent.o)
                0x2000042c                errno
                0x20000430                . = ALIGN (0x4)
                0x20000430                __bss_end__ = .

.heap           0x20000430      0xc00
                0x20000430                __HeapBase = .
                0x20000430                __end__ = .
                0x20000430                end = __end__
                0x20000430                _end = __end__
 *(.heap*)
 .heap          0x20000430      0xc00 ./CMSIS/EFM32PG12B/startup_gcc_efm32pg12b.o
                0x20001030                __HeapLimit = .

.stack_dummy    0x20000430      0x400
 *(.stack*)
 .stack         0x20000430      0x400 ./CMSIS/EFM32PG12B/startup_gcc_efm32pg12b.o
                0x20040000                __StackTop = (ORIGIN (RAM) + LENGTH (RAM))
                0x2003fc00                __StackLimit = (__StackTop - SIZEOF (.stack_dummy))
                0x20040000                PROVIDE (__stack, __StackTop)
                0x00000001                ASSERT ((__StackLimit >= __HeapLimit), region RAM overflowed with stack)
                0x00000001                ASSERT ((LENGTH (FLASH) >= (__etext + SIZEOF (.data))), FLASH memory overflowed !)
OUTPUT(JT_Circular_Buffer_Lab.axf elf32-littlearm)

.ARM.attributes
                0x00000000       0x2e
 .ARM.attributes
                0x00000000       0x22 c:/siliconlabs/simplicitystudio/v4/developer/toolchains/gnu_arm/7.2_2017q4/bin/../lib/gcc/arm-none-eabi/7.2.1/thumb/v7e-m/fpv4-sp/softfp/crti.o
 .ARM.attributes
                0x00000022       0x32 c:/siliconlabs/simplicitystudio/v4/developer/toolchains/gnu_arm/7.2_2017q4/bin/../lib/gcc/arm-none-eabi/7.2.1/thumb/v7e-m/fpv4-sp/softfp/crtbegin.o
 .ARM.attributes
                0x00000054       0x20 c:/siliconlabs/simplicitystudio/v4/developer/toolchains/gnu_arm/7.2_2017q4/bin/../lib/gcc/arm-none-eabi/7.2.1/../../../../arm-none-eabi/lib/thumb/v7e-m/fpv4-sp/softfp/crt0.o
 .ARM.attributes
                0x00000074       0x1f ./CMSIS/EFM32PG12B/startup_gcc_efm32pg12b.o
 .ARM.attributes
                0x00000093       0x37 ./CMSIS/EFM32PG12B/system_efm32pg12b.o
 .ARM.attributes
                0x000000ca       0x37 ./emlib/em_assert.o
 .ARM.attributes
                0x00000101       0x37 ./emlib/em_cmu.o
 .ARM.attributes
                0x00000138       0x37 ./emlib/em_emu.o
 .ARM.attributes
                0x0000016f       0x37 ./emlib/em_gpio.o
 .ARM.attributes
                0x000001a6       0x37 ./emlib/em_i2c.o
 .ARM.attributes
                0x000001dd       0x37 ./emlib/em_letimer.o
 .ARM.attributes
                0x00000214       0x37 ./emlib/em_leuart.o
 .ARM.attributes
                0x0000024b       0x37 ./src/Source_files/SI7021.o
 .ARM.attributes
                0x00000282       0x37 ./src/Source_files/app.o
 .ARM.attributes
                0x000002b9       0x37 ./src/Source_files/ble.o
 .ARM.attributes
                0x000002f0       0x37 ./src/Source_files/cmu.o
 .ARM.attributes
                0x00000327       0x37 ./src/Source_files/gpio.o
 .ARM.attributes
                0x0000035e       0x37 ./src/Source_files/i2c.o
 .ARM.attributes
                0x00000395       0x37 ./src/Source_files/letimer.o
 .ARM.attributes
                0x000003cc       0x37 ./src/Source_files/leuart.o
 .ARM.attributes
                0x00000403       0x37 ./src/Source_files/scheduler.o
 .ARM.attributes
                0x0000043a       0x37 ./src/Source_files/sleep_routines.o
 .ARM.attributes
                0x00000471       0x37 ./src/main.o
 .ARM.attributes
                0x000004a8       0x22 c:/siliconlabs/simplicitystudio/v4/developer/toolchains/gnu_arm/7.2_2017q4/bin/../lib/gcc/arm-none-eabi/7.2.1/thumb/v7e-m/fpv4-sp/softfp\libgcc.a(_arm_addsubdf3.o)
 .ARM.attributes
                0x000004ca       0x22 c:/siliconlabs/simplicitystudio/v4/developer/toolchains/gnu_arm/7.2_2017q4/bin/../lib/gcc/arm-none-eabi/7.2.1/thumb/v7e-m/fpv4-sp/softfp\libgcc.a(_arm_muldivdf3.o)
 .ARM.attributes
                0x000004ec       0x22 c:/siliconlabs/simplicitystudio/v4/developer/toolchains/gnu_arm/7.2_2017q4/bin/../lib/gcc/arm-none-eabi/7.2.1/thumb/v7e-m/fpv4-sp/softfp\libgcc.a(_arm_truncdfsf2.o)
 .ARM.attributes
                0x0000050e       0x32 c:/siliconlabs/simplicitystudio/v4/developer/toolchains/gnu_arm/7.2_2017q4/bin/../lib/gcc/arm-none-eabi/7.2.1/../../../../arm-none-eabi/lib/thumb/v7e-m/fpv4-sp/softfp\libc_nano.a(lib_a-exit.o)
 .ARM.attributes
                0x00000540       0x32 c:/siliconlabs/simplicitystudio/v4/developer/toolchains/gnu_arm/7.2_2017q4/bin/../lib/gcc/arm-none-eabi/7.2.1/../../../../arm-none-eabi/lib/thumb/v7e-m/fpv4-sp/softfp\libc_nano.a(lib_a-impure.o)
 .ARM.attributes
                0x00000572       0x32 c:/siliconlabs/simplicitystudio/v4/developer/toolchains/gnu_arm/7.2_2017q4/bin/../lib/gcc/arm-none-eabi/7.2.1/../../../../arm-none-eabi/lib/thumb/v7e-m/fpv4-sp/softfp\libc_nano.a(lib_a-init.o)
 .ARM.attributes
                0x000005a4       0x32 c:/siliconlabs/simplicitystudio/v4/developer/toolchains/gnu_arm/7.2_2017q4/bin/../lib/gcc/arm-none-eabi/7.2.1/../../../../arm-none-eabi/lib/thumb/v7e-m/fpv4-sp/softfp\libc_nano.a(lib_a-memset.o)
 .ARM.attributes
                0x000005d6       0x32 c:/siliconlabs/simplicitystudio/v4/developer/toolchains/gnu_arm/7.2_2017q4/bin/../lib/gcc/arm-none-eabi/7.2.1/../../../../arm-none-eabi/lib/thumb/v7e-m/fpv4-sp/softfp\libc_nano.a(lib_a-nano-vfprintf_float.o)
 .ARM.attributes
                0x00000608       0x32 c:/siliconlabs/simplicitystudio/v4/developer/toolchains/gnu_arm/7.2_2017q4/bin/../lib/gcc/arm-none-eabi/7.2.1/../../../../arm-none-eabi/lib/thumb/v7e-m/fpv4-sp/softfp\libc_nano.a(lib_a-nano-vfprintf_i.o)
 .ARM.attributes
                0x0000063a       0x32 c:/siliconlabs/simplicitystudio/v4/developer/toolchains/gnu_arm/7.2_2017q4/bin/../lib/gcc/arm-none-eabi/7.2.1/../../../../arm-none-eabi/lib/thumb/v7e-m/fpv4-sp/softfp\libc_nano.a(lib_a-sprintf.o)
 .ARM.attributes
                0x0000066c       0x32 c:/siliconlabs/simplicitystudio/v4/developer/toolchains/gnu_arm/7.2_2017q4/bin/../lib/gcc/arm-none-eabi/7.2.1/../../../../arm-none-eabi/lib/thumb/v7e-m/fpv4-sp/softfp\libc_nano.a(lib_a-strcpy.o)
 .ARM.attributes
                0x0000069e       0x1b c:/siliconlabs/simplicitystudio/v4/developer/toolchains/gnu_arm/7.2_2017q4/bin/../lib/gcc/arm-none-eabi/7.2.1/../../../../arm-none-eabi/lib/thumb/v7e-m/fpv4-sp/softfp\libc_nano.a(lib_a-strlen.o)
 .ARM.attributes
                0x000006b9       0x32 c:/siliconlabs/simplicitystudio/v4/developer/toolchains/gnu_arm/7.2_2017q4/bin/../lib/gcc/arm-none-eabi/7.2.1/../../../../arm-none-eabi/lib/thumb/v7e-m/fpv4-sp/softfp\libc_nano.a(lib_a-dtoa.o)
 .ARM.attributes
                0x000006eb       0x32 c:/siliconlabs/simplicitystudio/v4/developer/toolchains/gnu_arm/7.2_2017q4/bin/../lib/gcc/arm-none-eabi/7.2.1/../../../../arm-none-eabi/lib/thumb/v7e-m/fpv4-sp/softfp\libc_nano.a(lib_a-localeconv.o)
 .ARM.attributes
                0x0000071d       0x32 c:/siliconlabs/simplicitystudio/v4/developer/toolchains/gnu_arm/7.2_2017q4/bin/../lib/gcc/arm-none-eabi/7.2.1/../../../../arm-none-eabi/lib/thumb/v7e-m/fpv4-sp/softfp\libc_nano.a(lib_a-malloc.o)
 .ARM.attributes
                0x0000074f       0x20 c:/siliconlabs/simplicitystudio/v4/developer/toolchains/gnu_arm/7.2_2017q4/bin/../lib/gcc/arm-none-eabi/7.2.1/../../../../arm-none-eabi/lib/thumb/v7e-m/fpv4-sp/softfp\libc_nano.a(lib_a-memchr.o)
 .ARM.attributes
                0x0000076f       0x32 c:/siliconlabs/simplicitystudio/v4/developer/toolchains/gnu_arm/7.2_2017q4/bin/../lib/gcc/arm-none-eabi/7.2.1/../../../../arm-none-eabi/lib/thumb/v7e-m/fpv4-sp/softfp\libc_nano.a(lib_a-memcpy-stub.o)
 .ARM.attributes
                0x000007a1       0x32 c:/siliconlabs/simplicitystudio/v4/developer/toolchains/gnu_arm/7.2_2017q4/bin/../lib/gcc/arm-none-eabi/7.2.1/../../../../arm-none-eabi/lib/thumb/v7e-m/fpv4-sp/softfp\libc_nano.a(lib_a-mprec.o)
 .ARM.attributes
                0x000007d3       0x32 c:/siliconlabs/simplicitystudio/v4/developer/toolchains/gnu_arm/7.2_2017q4/bin/../lib/gcc/arm-none-eabi/7.2.1/../../../../arm-none-eabi/lib/thumb/v7e-m/fpv4-sp/softfp\libc_nano.a(lib_a-nano-callocr.o)
 .ARM.attributes
                0x00000805       0x32 c:/siliconlabs/simplicitystudio/v4/developer/toolchains/gnu_arm/7.2_2017q4/bin/../lib/gcc/arm-none-eabi/7.2.1/../../../../arm-none-eabi/lib/thumb/v7e-m/fpv4-sp/softfp\libc_nano.a(lib_a-nano-freer.o)
 .ARM.attributes
                0x00000837       0x32 c:/siliconlabs/simplicitystudio/v4/developer/toolchains/gnu_arm/7.2_2017q4/bin/../lib/gcc/arm-none-eabi/7.2.1/../../../../arm-none-eabi/lib/thumb/v7e-m/fpv4-sp/softfp\libc_nano.a(lib_a-nano-mallocr.o)
 .ARM.attributes
                0x00000869       0x32 c:/siliconlabs/simplicitystudio/v4/developer/toolchains/gnu_arm/7.2_2017q4/bin/../lib/gcc/arm-none-eabi/7.2.1/../../../../arm-none-eabi/lib/thumb/v7e-m/fpv4-sp/softfp\libc_nano.a(lib_a-nano-svfprintf.o)
 .ARM.attributes
                0x0000089b       0x32 c:/siliconlabs/simplicitystudio/v4/developer/toolchains/gnu_arm/7.2_2017q4/bin/../lib/gcc/arm-none-eabi/7.2.1/../../../../arm-none-eabi/lib/thumb/v7e-m/fpv4-sp/softfp\libc_nano.a(lib_a-sbrkr.o)
 .ARM.attributes
                0x000008cd       0x32 c:/siliconlabs/simplicitystudio/v4/developer/toolchains/gnu_arm/7.2_2017q4/bin/../lib/gcc/arm-none-eabi/7.2.1/../../../../arm-none-eabi/lib/thumb/v7e-m/fpv4-sp/softfp\libc_nano.a(lib_a-locale.o)
 .ARM.attributes
                0x000008ff       0x32 c:/siliconlabs/simplicitystudio/v4/developer/toolchains/gnu_arm/7.2_2017q4/bin/../lib/gcc/arm-none-eabi/7.2.1/../../../../arm-none-eabi/lib/thumb/v7e-m/fpv4-sp/softfp\libc_nano.a(lib_a-mbtowc_r.o)
 .ARM.attributes
                0x00000931       0x32 c:/siliconlabs/simplicitystudio/v4/developer/toolchains/gnu_arm/7.2_2017q4/bin/../lib/gcc/arm-none-eabi/7.2.1/../../../../arm-none-eabi/lib/thumb/v7e-m/fpv4-sp/softfp\libc_nano.a(lib_a-memmove.o)
 .ARM.attributes
                0x00000963       0x32 c:/siliconlabs/simplicitystudio/v4/developer/toolchains/gnu_arm/7.2_2017q4/bin/../lib/gcc/arm-none-eabi/7.2.1/../../../../arm-none-eabi/lib/thumb/v7e-m/fpv4-sp/softfp\libc_nano.a(lib_a-mlock.o)
 .ARM.attributes
                0x00000995       0x32 c:/siliconlabs/simplicitystudio/v4/developer/toolchains/gnu_arm/7.2_2017q4/bin/../lib/gcc/arm-none-eabi/7.2.1/../../../../arm-none-eabi/lib/thumb/v7e-m/fpv4-sp/softfp\libc_nano.a(lib_a-nano-reallocr.o)
 .ARM.attributes
                0x000009c7       0x32 c:/siliconlabs/simplicitystudio/v4/developer/toolchains/gnu_arm/7.2_2017q4/bin/../lib/gcc/arm-none-eabi/7.2.1/../../../../arm-none-eabi/lib/thumb/v7e-m/fpv4-sp/softfp\libc_nano.a(lib_a-reent.o)
 .ARM.attributes
                0x000009f9       0x32 c:/siliconlabs/simplicitystudio/v4/developer/toolchains/gnu_arm/7.2_2017q4/bin/../lib/gcc/arm-none-eabi/7.2.1/../../../../arm-none-eabi/lib/thumb/v7e-m/fpv4-sp/softfp\libc_nano.a(lib_a-wctomb_r.o)
 .ARM.attributes
                0x00000a2b       0x32 c:/siliconlabs/simplicitystudio/v4/developer/toolchains/gnu_arm/7.2_2017q4/bin/../lib/gcc/arm-none-eabi/7.2.1/../../../../arm-none-eabi/lib/thumb/v7e-m/fpv4-sp/softfp\libc_nano.a(lib_a-ctype_.o)
 .ARM.attributes
                0x00000a5d       0x32 c:/siliconlabs/simplicitystudio/v4/developer/toolchains/gnu_arm/7.2_2017q4/bin/../lib/gcc/arm-none-eabi/7.2.1/../../../../arm-none-eabi/lib/thumb/v7e-m/fpv4-sp/softfp\libc_nano.a(lib_a-nano-msizer.o)
 .ARM.attributes
                0x00000a8f       0x32 c:/siliconlabs/simplicitystudio/v4/developer/toolchains/gnu_arm/7.2_2017q4/bin/../lib/gcc/arm-none-eabi/7.2.1/../../../../arm-none-eabi/lib/thumb/v7e-m/fpv4-sp/softfp\libnosys.a(sbrk.o)
 .ARM.attributes
                0x00000ac1       0x32 c:/siliconlabs/simplicitystudio/v4/developer/toolchains/gnu_arm/7.2_2017q4/bin/../lib/gcc/arm-none-eabi/7.2.1/../../../../arm-none-eabi/lib/thumb/v7e-m/fpv4-sp/softfp\libnosys.a(_exit.o)
 .ARM.attributes
                0x00000af3       0x22 c:/siliconlabs/simplicitystudio/v4/developer/toolchains/gnu_arm/7.2_2017q4/bin/../lib/gcc/arm-none-eabi/7.2.1/thumb/v7e-m/fpv4-sp/softfp\libgcc.a(_arm_cmpdf2.o)
 .ARM.attributes
                0x00000b15       0x22 c:/siliconlabs/simplicitystudio/v4/developer/toolchains/gnu_arm/7.2_2017q4/bin/../lib/gcc/arm-none-eabi/7.2.1/thumb/v7e-m/fpv4-sp/softfp\libgcc.a(_arm_unorddf2.o)
 .ARM.attributes
                0x00000b37       0x22 c:/siliconlabs/simplicitystudio/v4/developer/toolchains/gnu_arm/7.2_2017q4/bin/../lib/gcc/arm-none-eabi/7.2.1/thumb/v7e-m/fpv4-sp/softfp\libgcc.a(_arm_fixdfsi.o)
 .ARM.attributes
                0x00000b59       0x32 c:/siliconlabs/simplicitystudio/v4/developer/toolchains/gnu_arm/7.2_2017q4/bin/../lib/gcc/arm-none-eabi/7.2.1/thumb/v7e-m/fpv4-sp/softfp/crtend.o
 .ARM.attributes
                0x00000b8b       0x22 c:/siliconlabs/simplicitystudio/v4/developer/toolchains/gnu_arm/7.2_2017q4/bin/../lib/gcc/arm-none-eabi/7.2.1/thumb/v7e-m/fpv4-sp/softfp/crtn.o

.comment        0x00000000       0x7e
 .comment       0x00000000       0x7e ./CMSIS/EFM32PG12B/system_efm32pg12b.o
                                 0x7f (size before relaxing)
 .comment       0x0000007e       0x7f ./emlib/em_assert.o
 .comment       0x0000007e       0x7f ./emlib/em_cmu.o
 .comment       0x0000007e       0x7f ./emlib/em_emu.o
 .comment       0x0000007e       0x7f ./emlib/em_gpio.o
 .comment       0x0000007e       0x7f ./emlib/em_i2c.o
 .comment       0x0000007e       0x7f ./emlib/em_letimer.o
 .comment       0x0000007e       0x7f ./emlib/em_leuart.o
 .comment       0x0000007e       0x7f ./src/Source_files/SI7021.o
 .comment       0x0000007e       0x7f ./src/Source_files/app.o
 .comment       0x0000007e       0x7f ./src/Source_files/ble.o
 .comment       0x0000007e       0x7f ./src/Source_files/cmu.o
 .comment       0x0000007e       0x7f ./src/Source_files/gpio.o
 .comment       0x0000007e       0x7f ./src/Source_files/i2c.o
 .comment       0x0000007e       0x7f ./src/Source_files/letimer.o
 .comment       0x0000007e       0x7f ./src/Source_files/leuart.o
 .comment       0x0000007e       0x7f ./src/Source_files/scheduler.o
 .comment       0x0000007e       0x7f ./src/Source_files/sleep_routines.o
 .comment       0x0000007e       0x7f ./src/main.o

.debug_line     0x00000000     0xd7d1
 .debug_line    0x00000000       0x78 ./CMSIS/EFM32PG12B/startup_gcc_efm32pg12b.o
 .debug_line    0x00000078      0x8bd ./CMSIS/EFM32PG12B/system_efm32pg12b.o
 .debug_line    0x00000935      0x12a ./emlib/em_assert.o
 .debug_line    0x00000a5f     0x1a23 ./emlib/em_cmu.o
 .debug_line    0x00002482     0x12d7 ./emlib/em_emu.o
 .debug_line    0x00003759      0xb80 ./emlib/em_gpio.o
 .debug_line    0x000042d9      0xc4a ./emlib/em_i2c.o
 .debug_line    0x00004f23      0xa48 ./emlib/em_letimer.o
 .debug_line    0x0000596b      0xa7a ./emlib/em_leuart.o
 .debug_line    0x000063e5      0x997 ./src/Source_files/SI7021.o
 .debug_line    0x00006d7c      0xb4f ./src/Source_files/app.o
 .debug_line    0x000078cb      0xc38 ./src/Source_files/ble.o
 .debug_line    0x00008503      0x8de ./src/Source_files/cmu.o
 .debug_line    0x00008de1      0x8e4 ./src/Source_files/gpio.o
 .debug_line    0x000096c5      0xc78 ./src/Source_files/i2c.o
 .debug_line    0x0000a33d      0xa3a ./src/Source_files/letimer.o
 .debug_line    0x0000ad77      0xba2 ./src/Source_files/leuart.o
 .debug_line    0x0000b919      0x949 ./src/Source_files/scheduler.o
 .debug_line    0x0000c262      0x999 ./src/Source_files/sleep_routines.o
 .debug_line    0x0000cbfb      0xbd6 ./src/main.o

.debug_info     0x00000000    0x15208
 .debug_info    0x00000000       0x26 ./CMSIS/EFM32PG12B/startup_gcc_efm32pg12b.o
 .debug_info    0x00000026      0x96c ./CMSIS/EFM32PG12B/system_efm32pg12b.o
 .debug_info    0x00000992       0x7b ./emlib/em_assert.o
 .debug_info    0x00000a0d     0x466f ./emlib/em_cmu.o
 .debug_info    0x0000507c     0x32a4 ./emlib/em_emu.o
 .debug_info    0x00008320     0x1096 ./emlib/em_gpio.o
 .debug_info    0x000093b6      0xf30 ./emlib/em_i2c.o
 .debug_info    0x0000a2e6      0x732 ./emlib/em_letimer.o
 .debug_info    0x0000aa18      0xc9d ./emlib/em_leuart.o
 .debug_info    0x0000b6b5      0x4e1 ./src/Source_files/SI7021.o
 .debug_info    0x0000bb96     0x1495 ./src/Source_files/app.o
 .debug_info    0x0000d02b     0x192d ./src/Source_files/ble.o
 .debug_info    0x0000e958      0x440 ./src/Source_files/cmu.o
 .debug_info    0x0000ed98      0x50b ./src/Source_files/gpio.o
 .debug_info    0x0000f2a3     0x1628 ./src/Source_files/i2c.o
 .debug_info    0x000108cb      0xc22 ./src/Source_files/letimer.o
 .debug_info    0x000114ed     0x18a3 ./src/Source_files/leuart.o
 .debug_info    0x00012d90      0x1d2 ./src/Source_files/scheduler.o
 .debug_info    0x00012f62      0x45c ./src/Source_files/sleep_routines.o
 .debug_info    0x000133be     0x1e4a ./src/main.o

.debug_abbrev   0x00000000     0x322a
 .debug_abbrev  0x00000000       0x14 ./CMSIS/EFM32PG12B/startup_gcc_efm32pg12b.o
 .debug_abbrev  0x00000014      0x218 ./CMSIS/EFM32PG12B/system_efm32pg12b.o
 .debug_abbrev  0x0000022c       0x68 ./emlib/em_assert.o
 .debug_abbrev  0x00000294      0x4db ./emlib/em_cmu.o
 .debug_abbrev  0x0000076f      0x4a6 ./emlib/em_emu.o
 .debug_abbrev  0x00000c15      0x2b3 ./emlib/em_gpio.o
 .debug_abbrev  0x00000ec8      0x3ac ./emlib/em_i2c.o
 .debug_abbrev  0x00001274      0x29e ./emlib/em_letimer.o
 .debug_abbrev  0x00001512      0x372 ./emlib/em_leuart.o
 .debug_abbrev  0x00001884      0x17a ./src/Source_files/SI7021.o
 .debug_abbrev  0x000019fe      0x300 ./src/Source_files/app.o
 .debug_abbrev  0x00001cfe      0x403 ./src/Source_files/ble.o
 .debug_abbrev  0x00002101       0xdb ./src/Source_files/cmu.o
 .debug_abbrev  0x000021dc       0xdb ./src/Source_files/gpio.o
 .debug_abbrev  0x000022b7      0x3f6 ./src/Source_files/i2c.o
 .debug_abbrev  0x000026ad      0x270 ./src/Source_files/letimer.o
 .debug_abbrev  0x0000291d      0x3ca ./src/Source_files/leuart.o
 .debug_abbrev  0x00002ce7       0xd5 ./src/Source_files/scheduler.o
 .debug_abbrev  0x00002dbc      0x1e0 ./src/Source_files/sleep_routines.o
 .debug_abbrev  0x00002f9c      0x28e ./src/main.o

.debug_aranges  0x00000000      0x718
 .debug_aranges
                0x00000000       0x20 ./CMSIS/EFM32PG12B/startup_gcc_efm32pg12b.o
 .debug_aranges
                0x00000020       0x68 ./CMSIS/EFM32PG12B/system_efm32pg12b.o
 .debug_aranges
                0x00000088       0x20 ./emlib/em_assert.o
 .debug_aranges
                0x000000a8      0x128 ./emlib/em_cmu.o
 .debug_aranges
                0x000001d0      0x128 ./emlib/em_emu.o
 .debug_aranges
                0x000002f8       0x48 ./emlib/em_gpio.o
 .debug_aranges
                0x00000340       0x50 ./emlib/em_i2c.o
 .debug_aranges
                0x00000390       0x60 ./emlib/em_letimer.o
 .debug_aranges
                0x000003f0       0x80 ./emlib/em_leuart.o
 .debug_aranges
                0x00000470       0x30 ./src/Source_files/SI7021.o
 .debug_aranges
                0x000004a0       0x58 ./src/Source_files/app.o
 .debug_aranges
                0x000004f8       0x50 ./src/Source_files/ble.o
 .debug_aranges
                0x00000548       0x20 ./src/Source_files/cmu.o
 .debug_aranges
                0x00000568       0x20 ./src/Source_files/gpio.o
 .debug_aranges
                0x00000588       0x68 ./src/Source_files/i2c.o
 .debug_aranges
                0x000005f0       0x30 ./src/Source_files/letimer.o
 .debug_aranges
                0x00000620       0x60 ./src/Source_files/leuart.o
 .debug_aranges
                0x00000680       0x38 ./src/Source_files/scheduler.o
 .debug_aranges
                0x000006b8       0x40 ./src/Source_files/sleep_routines.o
 .debug_aranges
                0x000006f8       0x20 ./src/main.o

.debug_str      0x00000000   0x159a3c
 .debug_str     0x00000000       0x9a ./CMSIS/EFM32PG12B/startup_gcc_efm32pg12b.o
 .debug_str     0x0000009a   0x14e3e9 ./CMSIS/EFM32PG12B/system_efm32pg12b.o
                             0x14f323 (size before relaxing)
 .debug_str     0x0014e483       0xb8 ./emlib/em_assert.o
                               0x2dcd (size before relaxing)
 .debug_str     0x0014e53b     0x4ddc ./emlib/em_cmu.o
                             0x1541c0 (size before relaxing)
 .debug_str     0x00153317     0x1137 ./emlib/em_emu.o
                             0x154388 (size before relaxing)
 .debug_str     0x0015444e      0x4a5 ./emlib/em_gpio.o
                             0x14fd8e (size before relaxing)
 .debug_str     0x001548f3      0x51d ./emlib/em_i2c.o
                             0x1527e7 (size before relaxing)
 .debug_str     0x00154e10      0x31c ./emlib/em_letimer.o
                             0x1506ff (size before relaxing)
 .debug_str     0x0015512c      0x2f7 ./emlib/em_leuart.o
                             0x150a30 (size before relaxing)
 .debug_str     0x00155423      0xae6 ./src/Source_files/SI7021.o
                             0x150a02 (size before relaxing)
 .debug_str     0x00155f09     0x24b5 ./src/Source_files/app.o
                             0x1555a0 (size before relaxing)
 .debug_str     0x001583be      0x33a ./src/Source_files/ble.o
                             0x15334a (size before relaxing)
 .debug_str     0x001586f8       0x1a ./src/Source_files/cmu.o
                             0x1507d3 (size before relaxing)
 .debug_str     0x00158712       0x1b ./src/Source_files/gpio.o
                             0x150aa7 (size before relaxing)
 .debug_str     0x0015872d      0x3d2 ./src/Source_files/i2c.o
                             0x151bf3 (size before relaxing)
 .debug_str     0x00158aff       0xa3 ./src/Source_files/letimer.o
                             0x151a71 (size before relaxing)
 .debug_str     0x00158ba2      0x126 ./src/Source_files/leuart.o
                             0x154be5 (size before relaxing)
 .debug_str     0x00158cc8       0x30 ./src/Source_files/scheduler.o
                             0x14f350 (size before relaxing)
 .debug_str     0x00158cf8       0x6b ./src/Source_files/sleep_routines.o
                             0x14fca3 (size before relaxing)
 .debug_str     0x00158d63      0xcd9 ./src/main.o
                             0x156bc2 (size before relaxing)

.debug_loc      0x00000000     0xa978
 .debug_loc     0x00000000       0xe6 ./CMSIS/EFM32PG12B/system_efm32pg12b.o
 .debug_loc     0x000000e6     0x4146 ./emlib/em_cmu.o
 .debug_loc     0x0000422c     0x1f3f ./emlib/em_emu.o
 .debug_loc     0x0000616b      0xf89 ./emlib/em_gpio.o
 .debug_loc     0x000070f4      0xd20 ./emlib/em_i2c.o
 .debug_loc     0x00007e14      0x60f ./emlib/em_letimer.o
 .debug_loc     0x00008423      0x6d3 ./emlib/em_leuart.o
 .debug_loc     0x00008af6      0x101 ./src/Source_files/SI7021.o
 .debug_loc     0x00008bf7      0x2a7 ./src/Source_files/app.o
 .debug_loc     0x00008e9e      0x925 ./src/Source_files/ble.o
 .debug_loc     0x000097c3       0x2c ./src/Source_files/cmu.o
 .debug_loc     0x000097ef       0x2c ./src/Source_files/gpio.o
 .debug_loc     0x0000981b      0xa83 ./src/Source_files/i2c.o
 .debug_loc     0x0000a29e      0x323 ./src/Source_files/letimer.o
 .debug_loc     0x0000a5c1      0x320 ./src/Source_files/leuart.o
 .debug_loc     0x0000a8e1       0x6b ./src/Source_files/sleep_routines.o
 .debug_loc     0x0000a94c       0x2c ./src/main.o

.debug_ranges   0x00000000     0x18f8
 .debug_ranges  0x00000000       0x58 ./CMSIS/EFM32PG12B/system_efm32pg12b.o
 .debug_ranges  0x00000058       0x10 ./emlib/em_assert.o
 .debug_ranges  0x00000068      0x830 ./emlib/em_cmu.o
 .debug_ranges  0x00000898      0x4c0 ./emlib/em_emu.o
 .debug_ranges  0x00000d58      0x368 ./emlib/em_gpio.o
 .debug_ranges  0x000010c0      0x130 ./emlib/em_i2c.o
 .debug_ranges  0x000011f0       0x80 ./emlib/em_letimer.o
 .debug_ranges  0x00001270      0x118 ./emlib/em_leuart.o
 .debug_ranges  0x00001388       0x20 ./src/Source_files/SI7021.o
 .debug_ranges  0x000013a8       0x48 ./src/Source_files/app.o
 .debug_ranges  0x000013f0      0x100 ./src/Source_files/ble.o
 .debug_ranges  0x000014f0       0x10 ./src/Source_files/cmu.o
 .debug_ranges  0x00001500       0x10 ./src/Source_files/gpio.o
 .debug_ranges  0x00001510      0x1f8 ./src/Source_files/i2c.o
 .debug_ranges  0x00001708       0x38 ./src/Source_files/letimer.o
 .debug_ranges  0x00001740      0x118 ./src/Source_files/leuart.o
 .debug_ranges  0x00001858       0x28 ./src/Source_files/scheduler.o
 .debug_ranges  0x00001880       0x30 ./src/Source_files/sleep_routines.o
 .debug_ranges  0x000018b0       0x48 ./src/main.o

.debug_macro    0x00000000    0x34869
 .debug_macro   0x00000000      0x282 ./CMSIS/EFM32PG12B/system_efm32pg12b.o
 .debug_macro   0x00000282      0xa54 ./CMSIS/EFM32PG12B/system_efm32pg12b.o
 .debug_macro   0x00000cd6       0x22 ./CMSIS/EFM32PG12B/system_efm32pg12b.o
 .debug_macro   0x00000cf8       0x4f ./CMSIS/EFM32PG12B/system_efm32pg12b.o
 .debug_macro   0x00000d47       0x51 ./CMSIS/EFM32PG12B/system_efm32pg12b.o
 .debug_macro   0x00000d98       0xef ./CMSIS/EFM32PG12B/system_efm32pg12b.o
 .debug_macro   0x00000e87       0x6a ./CMSIS/EFM32PG12B/system_efm32pg12b.o
 .debug_macro   0x00000ef1      0x1df ./CMSIS/EFM32PG12B/system_efm32pg12b.o
 .debug_macro   0x000010d0      0x4b1 ./CMSIS/EFM32PG12B/system_efm32pg12b.o
 .debug_macro   0x00001581       0x1c ./CMSIS/EFM32PG12B/system_efm32pg12b.o
 .debug_macro   0x0000159d       0x22 ./CMSIS/EFM32PG12B/system_efm32pg12b.o
 .debug_macro   0x000015bf       0xdf ./CMSIS/EFM32PG12B/system_efm32pg12b.o
 .debug_macro   0x0000169e      0xff5 ./CMSIS/EFM32PG12B/system_efm32pg12b.o
 .debug_macro   0x00002693       0xe2 ./CMSIS/EFM32PG12B/system_efm32pg12b.o
 .debug_macro   0x00002775      0xe1d ./CMSIS/EFM32PG12B/system_efm32pg12b.o
 .debug_macro   0x00003592     0x2276 ./CMSIS/EFM32PG12B/system_efm32pg12b.o
 .debug_macro   0x00005808      0x32a ./CMSIS/EFM32PG12B/system_efm32pg12b.o
 .debug_macro   0x00005b32     0x3119 ./CMSIS/EFM32PG12B/system_efm32pg12b.o
 .debug_macro   0x00008c4b     0x1bbb ./CMSIS/EFM32PG12B/system_efm32pg12b.o
 .debug_macro   0x0000a806     0x2675 ./CMSIS/EFM32PG12B/system_efm32pg12b.o
 .debug_macro   0x0000ce7b     0x1b1a ./CMSIS/EFM32PG12B/system_efm32pg12b.o
 .debug_macro   0x0000e995      0xe2c ./CMSIS/EFM32PG12B/system_efm32pg12b.o
 .debug_macro   0x0000f7c1      0x345 ./CMSIS/EFM32PG12B/system_efm32pg12b.o
 .debug_macro   0x0000fb06      0x29e ./CMSIS/EFM32PG12B/system_efm32pg12b.o
 .debug_macro   0x0000fda4     0x2764 ./CMSIS/EFM32PG12B/system_efm32pg12b.o
 .debug_macro   0x00012508     0x31cd ./CMSIS/EFM32PG12B/system_efm32pg12b.o
 .debug_macro   0x000156d5     0x136c ./CMSIS/EFM32PG12B/system_efm32pg12b.o
 .debug_macro   0x00016a41      0xde3 ./CMSIS/EFM32PG12B/system_efm32pg12b.o
 .debug_macro   0x00017824      0x249 ./CMSIS/EFM32PG12B/system_efm32pg12b.o
 .debug_macro   0x00017a6d     0x1043 ./CMSIS/EFM32PG12B/system_efm32pg12b.o
 .debug_macro   0x00018ab0     0x1606 ./CMSIS/EFM32PG12B/system_efm32pg12b.o
 .debug_macro   0x0001a0b6     0x3cb8 ./CMSIS/EFM32PG12B/system_efm32pg12b.o
 .debug_macro   0x0001dd6e     0x23fd ./CMSIS/EFM32PG12B/system_efm32pg12b.o
 .debug_macro   0x0002016b      0x70d ./CMSIS/EFM32PG12B/system_efm32pg12b.o
 .debug_macro   0x00020878     0x26f0 ./CMSIS/EFM32PG12B/system_efm32pg12b.o
 .debug_macro   0x00022f68     0x1701 ./CMSIS/EFM32PG12B/system_efm32pg12b.o
 .debug_macro   0x00024669     0x2efc ./CMSIS/EFM32PG12B/system_efm32pg12b.o
 .debug_macro   0x00027565      0xfb0 ./CMSIS/EFM32PG12B/system_efm32pg12b.o
 .debug_macro   0x00028515      0x6c4 ./CMSIS/EFM32PG12B/system_efm32pg12b.o
 .debug_macro   0x00028bd9     0x1022 ./CMSIS/EFM32PG12B/system_efm32pg12b.o
 .debug_macro   0x00029bfb      0x889 ./CMSIS/EFM32PG12B/system_efm32pg12b.o
 .debug_macro   0x0002a484      0x500 ./CMSIS/EFM32PG12B/system_efm32pg12b.o
 .debug_macro   0x0002a984     0x1bc5 ./CMSIS/EFM32PG12B/system_efm32pg12b.o
 .debug_macro   0x0002c549       0x40 ./CMSIS/EFM32PG12B/system_efm32pg12b.o
 .debug_macro   0x0002c589      0x2ce ./CMSIS/EFM32PG12B/system_efm32pg12b.o
 .debug_macro   0x0002c857      0x382 ./CMSIS/EFM32PG12B/system_efm32pg12b.o
 .debug_macro   0x0002cbd9      0x190 ./CMSIS/EFM32PG12B/system_efm32pg12b.o
 .debug_macro   0x0002cd69     0x27bf ./CMSIS/EFM32PG12B/system_efm32pg12b.o
 .debug_macro   0x0002f528      0x304 ./CMSIS/EFM32PG12B/system_efm32pg12b.o
 .debug_macro   0x0002f82c      0x304 ./CMSIS/EFM32PG12B/system_efm32pg12b.o
 .debug_macro   0x0002fb30       0x23 ./emlib/em_assert.o
 .debug_macro   0x0002fb53      0x3a5 ./emlib/em_cmu.o
 .debug_macro   0x0002fef8       0x58 ./emlib/em_cmu.o
 .debug_macro   0x0002ff50      0x34d ./emlib/em_cmu.o
 .debug_macro   0x0003029d       0x25 ./emlib/em_cmu.o
 .debug_macro   0x000302c2       0xee ./emlib/em_cmu.o
 .debug_macro   0x000303b0       0x80 ./emlib/em_cmu.o
 .debug_macro   0x00030430      0x391 ./emlib/em_emu.o
 .debug_macro   0x000307c1       0x52 ./emlib/em_emu.o
 .debug_macro   0x00030813       0x55 ./emlib/em_emu.o
 .debug_macro   0x00030868      0x353 ./emlib/em_emu.o
 .debug_macro   0x00030bbb       0xd9 ./emlib/em_emu.o
 .debug_macro   0x00030c94       0x7a ./emlib/em_emu.o
 .debug_macro   0x00030d0e      0x295 ./emlib/em_gpio.o
 .debug_macro   0x00030fa3      0x315 ./emlib/em_i2c.o
 .debug_macro   0x000312b8       0x3f ./emlib/em_i2c.o
 .debug_macro   0x000312f7      0x2b8 ./emlib/em_letimer.o
 .debug_macro   0x000315af      0x2ac ./emlib/em_leuart.o
 .debug_macro   0x0003185b      0x306 ./src/Source_files/SI7021.o
 .debug_macro   0x00031b61       0x82 ./src/Source_files/SI7021.o
 .debug_macro   0x00031be3       0x45 ./src/Source_files/SI7021.o
 .debug_macro   0x00031c28       0x28 ./src/Source_files/SI7021.o
 .debug_macro   0x00031c50       0x10 ./src/Source_files/SI7021.o
 .debug_macro   0x00031c60       0x1c ./src/Source_files/SI7021.o
 .debug_macro   0x00031c7c       0x46 ./src/Source_files/SI7021.o
 .debug_macro   0x00031cc2      0x472 ./src/Source_files/app.o
 .debug_macro   0x00032134       0x10 ./src/Source_files/app.o
 .debug_macro   0x00032144       0x10 ./src/Source_files/app.o
 .debug_macro   0x00032154       0x52 ./src/Source_files/app.o
 .debug_macro   0x000321a6       0x16 ./src/Source_files/app.o
 .debug_macro   0x000321bc       0x10 ./src/Source_files/app.o
 .debug_macro   0x000321cc       0x10 ./src/Source_files/app.o
 .debug_macro   0x000321dc       0xb6 ./src/Source_files/app.o
 .debug_macro   0x00032292       0x16 ./src/Source_files/app.o
 .debug_macro   0x000322a8      0x129 ./src/Source_files/app.o
 .debug_macro   0x000323d1       0x64 ./src/Source_files/app.o
 .debug_macro   0x00032435       0x10 ./src/Source_files/app.o
 .debug_macro   0x00032445       0x1c ./src/Source_files/app.o
 .debug_macro   0x00032461      0x39e ./src/Source_files/ble.o
 .debug_macro   0x000327ff      0x29c ./src/Source_files/cmu.o
 .debug_macro   0x00032a9b      0x2ab ./src/Source_files/gpio.o
 .debug_macro   0x00032d46      0x301 ./src/Source_files/i2c.o
 .debug_macro   0x00033047      0x2f1 ./src/Source_files/letimer.o
 .debug_macro   0x00033338      0x3a2 ./src/Source_files/leuart.o
 .debug_macro   0x000336da       0x57 ./src/Source_files/leuart.o
 .debug_macro   0x00033731      0x299 ./src/Source_files/scheduler.o
 .debug_macro   0x000339ca      0x2ba ./src/Source_files/sleep_routines.o
 .debug_macro   0x00033c84      0x49d ./src/main.o
 .debug_macro   0x00034121       0x97 ./src/main.o
 .debug_macro   0x000341b8       0xf6 ./src/main.o
 .debug_macro   0x000342ae       0xd6 ./src/main.o
 .debug_macro   0x00034384       0x76 ./src/main.o
 .debug_macro   0x000343fa       0xf1 ./src/main.o
 .debug_macro   0x000344eb       0x3a ./src/main.o
 .debug_macro   0x00034525      0x344 ./src/main.o

.debug_frame    0x00000000     0x1ea0
 .debug_frame   0x00000000       0xc8 ./CMSIS/EFM32PG12B/system_efm32pg12b.o
 .debug_frame   0x000000c8       0x20 ./emlib/em_assert.o
 .debug_frame   0x000000e8      0x468 ./emlib/em_cmu.o
 .debug_frame   0x00000550      0x3b0 ./emlib/em_emu.o
 .debug_frame   0x00000900       0xc0 ./emlib/em_gpio.o
 .debug_frame   0x000009c0       0xf8 ./emlib/em_i2c.o
 .debug_frame   0x00000ab8      0x100 ./emlib/em_letimer.o
 .debug_frame   0x00000bb8      0x120 ./emlib/em_leuart.o
 .debug_frame   0x00000cd8       0x6c ./src/Source_files/SI7021.o
 .debug_frame   0x00000d44       0xfc ./src/Source_files/app.o
 .debug_frame   0x00000e40      0x118 ./src/Source_files/ble.o
 .debug_frame   0x00000f58       0x2c ./src/Source_files/cmu.o
 .debug_frame   0x00000f84       0x30 ./src/Source_files/gpio.o
 .debug_frame   0x00000fb4      0x1a4 ./src/Source_files/i2c.o
 .debug_frame   0x00001158       0xa8 ./src/Source_files/letimer.o
 .debug_frame   0x00001200       0xd0 ./src/Source_files/leuart.o
 .debug_frame   0x000012d0       0x50 ./src/Source_files/scheduler.o
 .debug_frame   0x00001320       0x68 ./src/Source_files/sleep_routines.o
 .debug_frame   0x00001388       0x2c ./src/main.o
 .debug_frame   0x000013b4       0xac c:/siliconlabs/simplicitystudio/v4/developer/toolchains/gnu_arm/7.2_2017q4/bin/../lib/gcc/arm-none-eabi/7.2.1/thumb/v7e-m/fpv4-sp/softfp\libgcc.a(_arm_addsubdf3.o)
 .debug_frame   0x00001460       0x50 c:/siliconlabs/simplicitystudio/v4/developer/toolchains/gnu_arm/7.2_2017q4/bin/../lib/gcc/arm-none-eabi/7.2.1/thumb/v7e-m/fpv4-sp/softfp\libgcc.a(_arm_muldivdf3.o)
 .debug_frame   0x000014b0       0x24 c:/siliconlabs/simplicitystudio/v4/developer/toolchains/gnu_arm/7.2_2017q4/bin/../lib/gcc/arm-none-eabi/7.2.1/thumb/v7e-m/fpv4-sp/softfp\libgcc.a(_arm_truncdfsf2.o)
 .debug_frame   0x000014d4       0x28 c:/siliconlabs/simplicitystudio/v4/developer/toolchains/gnu_arm/7.2_2017q4/bin/../lib/gcc/arm-none-eabi/7.2.1/../../../../arm-none-eabi/lib/thumb/v7e-m/fpv4-sp/softfp\libc_nano.a(lib_a-exit.o)
 .debug_frame   0x000014fc       0x2c c:/siliconlabs/simplicitystudio/v4/developer/toolchains/gnu_arm/7.2_2017q4/bin/../lib/gcc/arm-none-eabi/7.2.1/../../../../arm-none-eabi/lib/thumb/v7e-m/fpv4-sp/softfp\libc_nano.a(lib_a-init.o)
 .debug_frame   0x00001528       0x20 c:/siliconlabs/simplicitystudio/v4/developer/toolchains/gnu_arm/7.2_2017q4/bin/../lib/gcc/arm-none-eabi/7.2.1/../../../../arm-none-eabi/lib/thumb/v7e-m/fpv4-sp/softfp\libc_nano.a(lib_a-memset.o)
 .debug_frame   0x00001548       0x90 c:/siliconlabs/simplicitystudio/v4/developer/toolchains/gnu_arm/7.2_2017q4/bin/../lib/gcc/arm-none-eabi/7.2.1/../../../../arm-none-eabi/lib/thumb/v7e-m/fpv4-sp/softfp\libc_nano.a(lib_a-nano-vfprintf_float.o)
 .debug_frame   0x000015d8       0x60 c:/siliconlabs/simplicitystudio/v4/developer/toolchains/gnu_arm/7.2_2017q4/bin/../lib/gcc/arm-none-eabi/7.2.1/../../../../arm-none-eabi/lib/thumb/v7e-m/fpv4-sp/softfp\libc_nano.a(lib_a-nano-vfprintf_i.o)
 .debug_frame   0x00001638       0x6c c:/siliconlabs/simplicitystudio/v4/developer/toolchains/gnu_arm/7.2_2017q4/bin/../lib/gcc/arm-none-eabi/7.2.1/../../../../arm-none-eabi/lib/thumb/v7e-m/fpv4-sp/softfp\libc_nano.a(lib_a-sprintf.o)
 .debug_frame   0x000016a4       0x20 c:/siliconlabs/simplicitystudio/v4/developer/toolchains/gnu_arm/7.2_2017q4/bin/../lib/gcc/arm-none-eabi/7.2.1/../../../../arm-none-eabi/lib/thumb/v7e-m/fpv4-sp/softfp\libc_nano.a(lib_a-strcpy.o)
 .debug_frame   0x000016c4       0x6c c:/siliconlabs/simplicitystudio/v4/developer/toolchains/gnu_arm/7.2_2017q4/bin/../lib/gcc/arm-none-eabi/7.2.1/../../../../arm-none-eabi/lib/thumb/v7e-m/fpv4-sp/softfp\libc_nano.a(lib_a-dtoa.o)
 .debug_frame   0x00001730       0x40 c:/siliconlabs/simplicitystudio/v4/developer/toolchains/gnu_arm/7.2_2017q4/bin/../lib/gcc/arm-none-eabi/7.2.1/../../../../arm-none-eabi/lib/thumb/v7e-m/fpv4-sp/softfp\libc_nano.a(lib_a-localeconv.o)
 .debug_frame   0x00001770       0x30 c:/siliconlabs/simplicitystudio/v4/developer/toolchains/gnu_arm/7.2_2017q4/bin/../lib/gcc/arm-none-eabi/7.2.1/../../../../arm-none-eabi/lib/thumb/v7e-m/fpv4-sp/softfp\libc_nano.a(lib_a-malloc.o)
 .debug_frame   0x000017a0       0x28 c:/siliconlabs/simplicitystudio/v4/developer/toolchains/gnu_arm/7.2_2017q4/bin/../lib/gcc/arm-none-eabi/7.2.1/../../../../arm-none-eabi/lib/thumb/v7e-m/fpv4-sp/softfp\libc_nano.a(lib_a-memcpy-stub.o)
 .debug_frame   0x000017c8      0x248 c:/siliconlabs/simplicitystudio/v4/developer/toolchains/gnu_arm/7.2_2017q4/bin/../lib/gcc/arm-none-eabi/7.2.1/../../../../arm-none-eabi/lib/thumb/v7e-m/fpv4-sp/softfp\libc_nano.a(lib_a-mprec.o)
 .debug_frame   0x00001a10       0x2c c:/siliconlabs/simplicitystudio/v4/developer/toolchains/gnu_arm/7.2_2017q4/bin/../lib/gcc/arm-none-eabi/7.2.1/../../../../arm-none-eabi/lib/thumb/v7e-m/fpv4-sp/softfp\libc_nano.a(lib_a-nano-callocr.o)
 .debug_frame   0x00001a3c       0x38 c:/siliconlabs/simplicitystudio/v4/developer/toolchains/gnu_arm/7.2_2017q4/bin/../lib/gcc/arm-none-eabi/7.2.1/../../../../arm-none-eabi/lib/thumb/v7e-m/fpv4-sp/softfp\libc_nano.a(lib_a-nano-freer.o)
 .debug_frame   0x00001a74       0x2c c:/siliconlabs/simplicitystudio/v4/developer/toolchains/gnu_arm/7.2_2017q4/bin/../lib/gcc/arm-none-eabi/7.2.1/../../../../arm-none-eabi/lib/thumb/v7e-m/fpv4-sp/softfp\libc_nano.a(lib_a-nano-mallocr.o)
 .debug_frame   0x00001aa0       0x90 c:/siliconlabs/simplicitystudio/v4/developer/toolchains/gnu_arm/7.2_2017q4/bin/../lib/gcc/arm-none-eabi/7.2.1/../../../../arm-none-eabi/lib/thumb/v7e-m/fpv4-sp/softfp\libc_nano.a(lib_a-nano-svfprintf.o)
 .debug_frame   0x00001b30       0x2c c:/siliconlabs/simplicitystudio/v4/developer/toolchains/gnu_arm/7.2_2017q4/bin/../lib/gcc/arm-none-eabi/7.2.1/../../../../arm-none-eabi/lib/thumb/v7e-m/fpv4-sp/softfp\libc_nano.a(lib_a-sbrkr.o)
 .debug_frame   0x00001b5c       0x68 c:/siliconlabs/simplicitystudio/v4/developer/toolchains/gnu_arm/7.2_2017q4/bin/../lib/gcc/arm-none-eabi/7.2.1/../../../../arm-none-eabi/lib/thumb/v7e-m/fpv4-sp/softfp\libc_nano.a(lib_a-locale.o)
 .debug_frame   0x00001bc4       0x48 c:/siliconlabs/simplicitystudio/v4/developer/toolchains/gnu_arm/7.2_2017q4/bin/../lib/gcc/arm-none-eabi/7.2.1/../../../../arm-none-eabi/lib/thumb/v7e-m/fpv4-sp/softfp\libc_nano.a(lib_a-mbtowc_r.o)
 .debug_frame   0x00001c0c       0x28 c:/siliconlabs/simplicitystudio/v4/developer/toolchains/gnu_arm/7.2_2017q4/bin/../lib/gcc/arm-none-eabi/7.2.1/../../../../arm-none-eabi/lib/thumb/v7e-m/fpv4-sp/softfp\libc_nano.a(lib_a-memmove.o)
 .debug_frame   0x00001c34       0x30 c:/siliconlabs/simplicitystudio/v4/developer/toolchains/gnu_arm/7.2_2017q4/bin/../lib/gcc/arm-none-eabi/7.2.1/../../../../arm-none-eabi/lib/thumb/v7e-m/fpv4-sp/softfp\libc_nano.a(lib_a-mlock.o)
 .debug_frame   0x00001c64       0x3c c:/siliconlabs/simplicitystudio/v4/developer/toolchains/gnu_arm/7.2_2017q4/bin/../lib/gcc/arm-none-eabi/7.2.1/../../../../arm-none-eabi/lib/thumb/v7e-m/fpv4-sp/softfp\libc_nano.a(lib_a-nano-reallocr.o)
 .debug_frame   0x00001ca0       0x5c c:/siliconlabs/simplicitystudio/v4/developer/toolchains/gnu_arm/7.2_2017q4/bin/../lib/gcc/arm-none-eabi/7.2.1/../../../../arm-none-eabi/lib/thumb/v7e-m/fpv4-sp/softfp\libc_nano.a(lib_a-reent.o)
 .debug_frame   0x00001cfc       0x3c c:/siliconlabs/simplicitystudio/v4/developer/toolchains/gnu_arm/7.2_2017q4/bin/../lib/gcc/arm-none-eabi/7.2.1/../../../../arm-none-eabi/lib/thumb/v7e-m/fpv4-sp/softfp\libc_nano.a(lib_a-wctomb_r.o)
 .debug_frame   0x00001d38       0x20 c:/siliconlabs/simplicitystudio/v4/developer/toolchains/gnu_arm/7.2_2017q4/bin/../lib/gcc/arm-none-eabi/7.2.1/../../../../arm-none-eabi/lib/thumb/v7e-m/fpv4-sp/softfp\libc_nano.a(lib_a-nano-msizer.o)
 .debug_frame   0x00001d58       0x20 c:/siliconlabs/simplicitystudio/v4/developer/toolchains/gnu_arm/7.2_2017q4/bin/../lib/gcc/arm-none-eabi/7.2.1/../../../../arm-none-eabi/lib/thumb/v7e-m/fpv4-sp/softfp\libnosys.a(sbrk.o)
 .debug_frame   0x00001d78       0x20 c:/siliconlabs/simplicitystudio/v4/developer/toolchains/gnu_arm/7.2_2017q4/bin/../lib/gcc/arm-none-eabi/7.2.1/../../../../arm-none-eabi/lib/thumb/v7e-m/fpv4-sp/softfp\libnosys.a(_exit.o)
 .debug_frame   0x00001d98       0xc4 c:/siliconlabs/simplicitystudio/v4/developer/toolchains/gnu_arm/7.2_2017q4/bin/../lib/gcc/arm-none-eabi/7.2.1/thumb/v7e-m/fpv4-sp/softfp\libgcc.a(_arm_cmpdf2.o)
 .debug_frame   0x00001e5c       0x20 c:/siliconlabs/simplicitystudio/v4/developer/toolchains/gnu_arm/7.2_2017q4/bin/../lib/gcc/arm-none-eabi/7.2.1/thumb/v7e-m/fpv4-sp/softfp\libgcc.a(_arm_unorddf2.o)
 .debug_frame   0x00001e7c       0x24 c:/siliconlabs/simplicitystudio/v4/developer/toolchains/gnu_arm/7.2_2017q4/bin/../lib/gcc/arm-none-eabi/7.2.1/thumb/v7e-m/fpv4-sp/softfp\libgcc.a(_arm_fixdfsi.o)