Archive member included to satisfy reference by file (symbol)

c:/siliconlabs/simplicitystudio/v4/developer/toolchains/gnu_arm/7.2_2017q4/bin/../lib/gcc/arm-none-eabi/7.2.1/thumb/v7e-m/fpv4-sp/softfp\libgcc.a(_aeabi_uldivmod.o)
                              ./emlib/em_usart.o (__aeabi_uldivmod)
c:/siliconlabs/simplicitystudio/v4/developer/toolchains/gnu_arm/7.2_2017q4/bin/../lib/gcc/arm-none-eabi/7.2.1/thumb/v7e-m/fpv4-sp/softfp\libgcc.a(_udivmoddi4.o)
                              c:/siliconlabs/simplicitystudio/v4/developer/toolchains/gnu_arm/7.2_2017q4/bin/../lib/gcc/arm-none-eabi/7.2.1/thumb/v7e-m/fpv4-sp/softfp\libgcc.a(_aeabi_uldivmod.o) (__udivmoddi4)
c:/siliconlabs/simplicitystudio/v4/developer/toolchains/gnu_arm/7.2_2017q4/bin/../lib/gcc/arm-none-eabi/7.2.1/thumb/v7e-m/fpv4-sp/softfp\libgcc.a(_dvmd_tls.o)
                              c:/siliconlabs/simplicitystudio/v4/developer/toolchains/gnu_arm/7.2_2017q4/bin/../lib/gcc/arm-none-eabi/7.2.1/thumb/v7e-m/fpv4-sp/softfp\libgcc.a(_aeabi_uldivmod.o) (__aeabi_ldiv0)
c:/siliconlabs/simplicitystudio/v4/developer/toolchains/gnu_arm/7.2_2017q4/bin/../lib/gcc/arm-none-eabi/7.2.1/../../../../arm-none-eabi/lib/thumb/v7e-m/fpv4-sp/softfp\libc_nano.a(lib_a-exit.o)
                              c:/siliconlabs/simplicitystudio/v4/developer/toolchains/gnu_arm/7.2_2017q4/bin/../lib/gcc/arm-none-eabi/7.2.1/../../../../arm-none-eabi/lib/thumb/v7e-m/fpv4-sp/softfp/crt0.o (exit)
c:/siliconlabs/simplicitystudio/v4/developer/toolchains/gnu_arm/7.2_2017q4/bin/../lib/gcc/arm-none-eabi/7.2.1/../../../../arm-none-eabi/lib/thumb/v7e-m/fpv4-sp/softfp\libc_nano.a(lib_a-impure.o)
                              c:/siliconlabs/simplicitystudio/v4/developer/toolchains/gnu_arm/7.2_2017q4/bin/../lib/gcc/arm-none-eabi/7.2.1/../../../../arm-none-eabi/lib/thumb/v7e-m/fpv4-sp/softfp\libc_nano.a(lib_a-exit.o) (_global_impure_ptr)
c:/siliconlabs/simplicitystudio/v4/developer/toolchains/gnu_arm/7.2_2017q4/bin/../lib/gcc/arm-none-eabi/7.2.1/../../../../arm-none-eabi/lib/thumb/v7e-m/fpv4-sp/softfp\libc_nano.a(lib_a-init.o)
                              c:/siliconlabs/simplicitystudio/v4/developer/toolchains/gnu_arm/7.2_2017q4/bin/../lib/gcc/arm-none-eabi/7.2.1/../../../../arm-none-eabi/lib/thumb/v7e-m/fpv4-sp/softfp/crt0.o (__libc_init_array)
c:/siliconlabs/simplicitystudio/v4/developer/toolchains/gnu_arm/7.2_2017q4/bin/../lib/gcc/arm-none-eabi/7.2.1/../../../../arm-none-eabi/lib/thumb/v7e-m/fpv4-sp/softfp\libc_nano.a(lib_a-memcpy-stub.o)
                              ./emlib/em_crypto.o (memcpy)
c:/siliconlabs/simplicitystudio/v4/developer/toolchains/gnu_arm/7.2_2017q4/bin/../lib/gcc/arm-none-eabi/7.2.1/../../../../arm-none-eabi/lib/thumb/v7e-m/fpv4-sp/softfp\libc_nano.a(lib_a-memset.o)
                              c:/siliconlabs/simplicitystudio/v4/developer/toolchains/gnu_arm/7.2_2017q4/bin/../lib/gcc/arm-none-eabi/7.2.1/../../../../arm-none-eabi/lib/thumb/v7e-m/fpv4-sp/softfp/crt0.o (memset)
c:/siliconlabs/simplicitystudio/v4/developer/toolchains/gnu_arm/7.2_2017q4/bin/../lib/gcc/arm-none-eabi/7.2.1/../../../../arm-none-eabi/lib/thumb/v7e-m/fpv4-sp/softfp\libnosys.a(_exit.o)
                              c:/siliconlabs/simplicitystudio/v4/developer/toolchains/gnu_arm/7.2_2017q4/bin/../lib/gcc/arm-none-eabi/7.2.1/../../../../arm-none-eabi/lib/thumb/v7e-m/fpv4-sp/softfp\libc_nano.a(lib_a-exit.o) (_exit)

Discarded input sections

 .text          0x00000000        0x0 c:/siliconlabs/simplicitystudio/v4/developer/toolchains/gnu_arm/7.2_2017q4/bin/../lib/gcc/arm-none-eabi/7.2.1/thumb/v7e-m/fpv4-sp/softfp/crti.o
 .data          0x00000000        0x0 c:/siliconlabs/simplicitystudio/v4/developer/toolchains/gnu_arm/7.2_2017q4/bin/../lib/gcc/arm-none-eabi/7.2.1/thumb/v7e-m/fpv4-sp/softfp/crti.o
 .bss           0x00000000        0x0 c:/siliconlabs/simplicitystudio/v4/developer/toolchains/gnu_arm/7.2_2017q4/bin/../lib/gcc/arm-none-eabi/7.2.1/thumb/v7e-m/fpv4-sp/softfp/crti.o
 .data          0x00000000        0x4 c:/siliconlabs/simplicitystudio/v4/developer/toolchains/gnu_arm/7.2_2017q4/bin/../lib/gcc/arm-none-eabi/7.2.1/thumb/v7e-m/fpv4-sp/softfp/crtbegin.o
 .data          0x00000000        0x0 c:/siliconlabs/simplicitystudio/v4/developer/toolchains/gnu_arm/7.2_2017q4/bin/../lib/gcc/arm-none-eabi/7.2.1/../../../../arm-none-eabi/lib/thumb/v7e-m/fpv4-sp/softfp/crt0.o
 .bss           0x00000000        0x0 c:/siliconlabs/simplicitystudio/v4/developer/toolchains/gnu_arm/7.2_2017q4/bin/../lib/gcc/arm-none-eabi/7.2.1/../../../../arm-none-eabi/lib/thumb/v7e-m/fpv4-sp/softfp/crt0.o
 .ARM.extab     0x00000000        0x0 c:/siliconlabs/simplicitystudio/v4/developer/toolchains/gnu_arm/7.2_2017q4/bin/../lib/gcc/arm-none-eabi/7.2.1/../../../../arm-none-eabi/lib/thumb/v7e-m/fpv4-sp/softfp/crt0.o
 .data          0x00000000        0x0 ./CMSIS/EFM32PG12B/startup_gcc_efm32pg12b.o
 .bss           0x00000000        0x0 ./CMSIS/EFM32PG12B/startup_gcc_efm32pg12b.o
[...]
Memory Configuration

Name             Origin             Length             Attributes
FLASH            0x00000000         0x00100000         xr
RAM              0x20000000         0x00040000         xrw
*default*        0x00000000         0xffffffff

Linker script and memory map

LOAD c:/siliconlabs/simplicitystudio/v4/developer/toolchains/gnu_arm/7.2_2017q4/bin/../lib/gcc/arm-none-eabi/7.2.1/thumb/v7e-m/fpv4-sp/softfp/crti.o
LOAD c:/siliconlabs/simplicitystudio/v4/developer/toolchains/gnu_arm/7.2_2017q4/bin/../lib/gcc/arm-none-eabi/7.2.1/thumb/v7e-m/fpv4-sp/softfp/crtbegin.o
LOAD c:/siliconlabs/simplicitystudio/v4/developer/toolchains/gnu_arm/7.2_2017q4/bin/../lib/gcc/arm-none-eabi/7.2.1/../../../../arm-none-eabi/lib/thumb/v7e-m/fpv4-sp/softfp/crt0.o
LOAD ./CMSIS/EFM32PG12B/startup_gcc_efm32pg12b.o
LOAD ./CMSIS/EFM32PG12B/system_efm32pg12b.o
LOAD ./emlib/em_acmp.o
LOAD ./emlib/em_adc.o
LOAD ./emlib/em_aes.o
LOAD ./emlib/em_assert.o
LOAD ./emlib/em_burtc.o
LOAD ./emlib/em_can.o
LOAD ./emlib/em_cmu.o
LOAD ./emlib/em_core.o
LOAD ./emlib/em_cryotimer.o
LOAD ./emlib/em_crypto.o
LOAD ./emlib/em_csen.o
LOAD ./emlib/em_dac.o
LOAD ./emlib/em_dbg.o
LOAD ./emlib/em_dma.o
LOAD ./emlib/em_ebi.o
LOAD ./emlib/em_emu.o
LOAD ./emlib/em_gpcrc.o
LOAD ./emlib/em_gpio.o
LOAD ./emlib/em_i2c.o
LOAD ./emlib/em_iadc.o
LOAD ./emlib/em_idac.o
LOAD ./emlib/em_int.o
LOAD ./emlib/em_lcd.o
LOAD ./emlib/em_ldma.o
LOAD ./emlib/em_lesense.o
LOAD ./emlib/em_letimer.o
LOAD ./emlib/em_leuart.o
LOAD ./emlib/em_mpu.o
LOAD ./emlib/em_msc.o
LOAD ./emlib/em_opamp.o
LOAD ./emlib/em_pcnt.o
LOAD ./emlib/em_pdm.o
LOAD ./emlib/em_prs.o
LOAD ./emlib/em_qspi.o
LOAD ./emlib/em_rmu.o
LOAD ./emlib/em_rtc.o
LOAD ./emlib/em_rtcc.o
LOAD ./emlib/em_se.o
LOAD ./emlib/em_system.o
LOAD ./emlib/em_timer.o
LOAD ./emlib/em_usart.o
LOAD ./emlib/em_vcmp.o
LOAD ./emlib/em_vdac.o
LOAD ./emlib/em_wdog.o
LOAD ./src/Source_files/app.o
LOAD ./src/Source_files/cmu.o
LOAD ./src/Source_files/gpio.o
LOAD ./src/Source_files/letimer.o
LOAD ./src/Source_files/scheduler.o
LOAD ./src/Source_files/sleep_routines.o
LOAD ./src/main.o
START GROUP
LOAD c:/siliconlabs/simplicitystudio/v4/developer/toolchains/gnu_arm/7.2_2017q4/bin/../lib/gcc/arm-none-eabi/7.2.1/thumb/v7e-m/fpv4-sp/softfp\libgcc.a
LOAD c:/siliconlabs/simplicitystudio/v4/developer/toolchains/gnu_arm/7.2_2017q4/bin/../lib/gcc/arm-none-eabi/7.2.1/../../../../arm-none-eabi/lib/thumb/v7e-m/fpv4-sp/softfp\libc_nano.a
LOAD c:/siliconlabs/simplicitystudio/v4/developer/toolchains/gnu_arm/7.2_2017q4/bin/../lib/gcc/arm-none-eabi/7.2.1/../../../../arm-none-eabi/lib/thumb/v7e-m/fpv4-sp/softfp\libnosys.a
END GROUP
START GROUP
LOAD c:/siliconlabs/simplicitystudio/v4/developer/toolchains/gnu_arm/7.2_2017q4/bin/../lib/gcc/arm-none-eabi/7.2.1/thumb/v7e-m/fpv4-sp/softfp\libgcc.a
LOAD c:/siliconlabs/simplicitystudio/v4/developer/toolchains/gnu_arm/7.2_2017q4/bin/../lib/gcc/arm-none-eabi/7.2.1/../../../../arm-none-eabi/lib/thumb/v7e-m/fpv4-sp/softfp\libg_nano.a
LOAD c:/siliconlabs/simplicitystudio/v4/developer/toolchains/gnu_arm/7.2_2017q4/bin/../lib/gcc/arm-none-eabi/7.2.1/../../../../arm-none-eabi/lib/thumb/v7e-m/fpv4-sp/softfp\libc_nano.a
END GROUP
START GROUP
LOAD c:/siliconlabs/simplicitystudio/v4/developer/toolchains/gnu_arm/7.2_2017q4/bin/../lib/gcc/arm-none-eabi/7.2.1/thumb/v7e-m/fpv4-sp/softfp\libgcc.a
LOAD c:/siliconlabs/simplicitystudio/v4/developer/toolchains/gnu_arm/7.2_2017q4/bin/../lib/gcc/arm-none-eabi/7.2.1/../../../../arm-none-eabi/lib/thumb/v7e-m/fpv4-sp/softfp\libc_nano.a
END GROUP
LOAD c:/siliconlabs/simplicitystudio/v4/developer/toolchains/gnu_arm/7.2_2017q4/bin/../lib/gcc/arm-none-eabi/7.2.1/thumb/v7e-m/fpv4-sp/softfp/crtend.o
LOAD c:/siliconlabs/simplicitystudio/v4/developer/toolchains/gnu_arm/7.2_2017q4/bin/../lib/gcc/arm-none-eabi/7.2.1/thumb/v7e-m/fpv4-sp/softfp/crtn.o

.text           0x00000000     0x3928
 *(.vectors)
 .vectors       0x00000000      0x10c ./CMSIS/EFM32PG12B/startup_gcc_efm32pg12b.o
                0x00000000                __Vectors
                0x0000010c                __Vectors_End = .
                0x0000010c                __Vectors_Size = (__Vectors_End - __Vectors)
                0x0000010c                __end__ = .
 *(.text*)
 .text          0x0000010c       0x40 c:/siliconlabs/simplicitystudio/v4/developer/toolchains/gnu_arm/7.2_2017q4/bin/../lib/gcc/arm-none-eabi/7.2.1/thumb/v7e-m/fpv4-sp/softfp/crtbegin.o
 .text          0x0000014c       0x74 c:/siliconlabs/simplicitystudio/v4/developer/toolchains/gnu_arm/7.2_2017q4/bin/../lib/gcc/arm-none-eabi/7.2.1/../../../../arm-none-eabi/lib/thumb/v7e-m/fpv4-sp/softfp/crt0.o
                0x0000014c                _start
                0x0000014c                _mainCRTStartup
 .text          0x000001c0       0x30 ./CMSIS/EFM32PG12B/startup_gcc_efm32pg12b.o
                0x000001c0                Reset_Handler
                0x000001ec                USART0_TX_IRQHandler
                0x000001ec                I2C0_IRQHandler
                0x000001ec                HardFault_Handler
                0x000001ec                SysTick_Handler
                0x000001ec                USART1_RX_IRQHandler
                0x000001ec                PendSV_Handler
                0x000001ec                NMI_Handler
                0x000001ec                I2C1_IRQHandler
                0x000001ec                WTIMER0_IRQHandler
                0x000001ec                CRYPTO0_IRQHandler
                0x000001ec                WDOG0_IRQHandler
                0x000001ec                USART1_TX_IRQHandler
                0x000001ec                SMU_IRQHandler
                0x000001ec                MSC_IRQHandler
                0x000001ec                ADC0_IRQHandler
                0x000001ec                UsageFault_Handler
                0x000001ec                WDOG1_IRQHandler
                0x000001ec                LEUART0_IRQHandler
                0x000001ec                FPUEH_IRQHandler
                0x000001ec                WTIMER1_IRQHandler
                0x000001ec                GPIO_EVEN_IRQHandler
                0x000001ec                VDAC0_IRQHandler
                0x000001ec                LDMA_IRQHandler
                0x000001ec                CSEN_IRQHandler
                0x000001ec                CRYPTO1_IRQHandler
                0x000001ec                TIMER0_IRQHandler
                0x000001ec                DebugMon_Handler
                0x000001ec                PCNT2_IRQHandler
                0x000001ec                TIMER1_IRQHandler
                0x000001ec                TRNG0_IRQHandler
                0x000001ec                USART2_RX_IRQHandler
                0x000001ec                Default_Handler
                0x000001ec                EMU_IRQHandler
                0x000001ec                CRYOTIMER_IRQHandler
                0x000001ec                PCNT0_IRQHandler
                0x000001ec                PCNT1_IRQHandler
                0x000001ec                ACMP0_IRQHandler
                0x000001ec                USART0_RX_IRQHandler
                0x000001ec                MemManage_Handler
                0x000001ec                SVC_Handler
                0x000001ec                USART3_RX_IRQHandler
                0x000001ec                RTCC_IRQHandler
                0x000001ec                CMU_IRQHandler
                0x000001ec                LESENSE_IRQHandler
                0x000001ec                GPIO_ODD_IRQHandler
                0x000001ec                USART3_TX_IRQHandler
                0x000001ec                BusFault_Handler
                0x000001ec                USART2_TX_IRQHandler
                0x000001ec                IDAC0_IRQHandler
 .text.SystemCoreClockGet
                0x000001f0       0x40 ./CMSIS/EFM32PG12B/system_efm32pg12b.o
                0x000001f0                SystemCoreClockGet
 .text.SystemMaxCoreClockGet
                0x00000230       0x14 ./CMSIS/EFM32PG12B/system_efm32pg12b.o
                0x00000230                SystemMaxCoreClockGet
 .text.SystemHFClockGet
                0x00000244       0x70 ./CMSIS/EFM32PG12B/system_efm32pg12b.o
                0x00000244                SystemHFClockGet
 .text.SystemHFXOClockGet
                0x000002b4       0x18 ./CMSIS/EFM32PG12B/system_efm32pg12b.o
                0x000002b4                SystemHFXOClockGet
 .text.SystemInit
                0x000002cc       0x2c ./CMSIS/EFM32PG12B/system_efm32pg12b.o
                0x000002cc                SystemInit
 .text.SystemLFRCOClockGet
                0x000002f8       0x12 ./CMSIS/EFM32PG12B/system_efm32pg12b.o
                0x000002f8                SystemLFRCOClockGet
 .text.SystemULFRCOClockGet
                0x0000030a       0x12 ./CMSIS/EFM32PG12B/system_efm32pg12b.o
                0x0000030a                SystemULFRCOClockGet
 .text.SystemLFXOClockGet
                0x0000031c       0x18 ./CMSIS/EFM32PG12B/system_efm32pg12b.o
                0x0000031c                SystemLFXOClockGet
 .text.assertEFM
                0x00000334        0xc ./emlib/em_assert.o
                0x00000334                assertEFM
 .text.BUS_RegBitWrite
                0x00000340       0x2e ./emlib/em_cmu.o
 .text.BUS_RegBitRead
                0x0000036e       0x2a ./emlib/em_cmu.o
 .text.CMU_Log2ToDiv
                0x00000398       0x2c ./emlib/em_cmu.o
 .text.EMU_VScaleWait
                0x000003c4       0x1c ./emlib/em_cmu.o
 .text.EMU_VScaleGet
                0x000003e0       0x1c ./emlib/em_cmu.o
 .text.setHfLeConfig
                0x000003fc       0x64 ./emlib/em_cmu.o
 .text.auxClkGet
                0x00000460       0x20 ./emlib/em_cmu.o
 .text.hfSrcClkGet
                0x00000480       0x2c ./emlib/em_cmu.o
 .text.dbgClkGet
                0x000004ac       0x4c ./emlib/em_cmu.o
 .text.adcAsyncClkGet
                0x000004f8       0x98 ./emlib/em_cmu.o
 .text.flashWaitStateControl
                0x00000590       0x98 ./emlib/em_cmu.o
 .text.flashWaitStateMax
                0x00000628       0x44 ./emlib/em_cmu.o
 .text.CMU_UpdateWaitStates
                0x0000066c       0x40 ./emlib/em_cmu.o
                0x0000066c                CMU_UpdateWaitStates
 .text.getRegIshUpperVal
                0x000006ac       0x36 ./emlib/em_cmu.o
 *fill*         0x000006e2        0x2 
 .text.getHfxoTuningMode
                0x000006e4       0x1c ./emlib/em_cmu.o
 .text.setHfxoTuningMode
                0x00000700       0x2c ./emlib/em_cmu.o
 .text.lfClkGet
                0x0000072c      0x114 ./emlib/em_cmu.o
 .text.syncReg  0x00000840       0x38 ./emlib/em_cmu.o
 .text.hfperClkSafePrescaler
                0x00000878        0xe ./emlib/em_cmu.o
 .text.hfperClkOptimizedPrescaler
                0x00000886        0xe ./emlib/em_cmu.o
 .text.CMU_ClockEnable
                0x00000894       0xd8 ./emlib/em_cmu.o
                0x00000894                CMU_ClockEnable
 .text.CMU_ClockFreqGet
                0x0000096c      0x218 ./emlib/em_cmu.o
                0x0000096c                CMU_ClockFreqGet
 .text.CMU_ClockSelectGet
                0x00000b84      0x1c8 ./emlib/em_cmu.o
                0x00000b84                CMU_ClockSelectGet
 .text.CMU_ClockSelectSet
                0x00000d4c      0x350 ./emlib/em_cmu.o
                0x00000d4c                CMU_ClockSelectSet
 .text.CMU_HFRCODevinfoGet
                0x0000109c       0xdc ./emlib/em_cmu.o
 .text.CMU_HFRCOBandGet
                0x00001178       0x18 ./emlib/em_cmu.o
                0x00001178                CMU_HFRCOBandGet
 .text.CMU_HFRCOBandSet
                0x00001190      0x180 ./emlib/em_cmu.o
                0x00001190                CMU_HFRCOBandSet
 .text.CMU_HFXOInit
                0x00001310      0x104 ./emlib/em_cmu.o
                0x00001310                CMU_HFXOInit
 .text.CMU_OscillatorEnable
                0x00001414      0x1bc ./emlib/em_cmu.o
                0x00001414                CMU_OscillatorEnable
 .text.CMU_OscillatorTuningGet
                0x000015d0       0x7c ./emlib/em_cmu.o
                0x000015d0                CMU_OscillatorTuningGet
 .text.CMU_OscillatorTuningSet
                0x0000164c      0x154 ./emlib/em_cmu.o
                0x0000164c                CMU_OscillatorTuningSet
 .text.CMU_OscillatorTuningWait
                0x000017a0       0xb4 ./emlib/em_cmu.o
                0x000017a0                CMU_OscillatorTuningWait
 .text.CMU_OscillatorTuningOptimize
                0x00001854       0x64 ./emlib/em_cmu.o
                0x00001854                CMU_OscillatorTuningOptimize
 .text.SystemCoreClockUpdate
                0x000018b8        0xc ./emlib/em_emu.o
 .text.BUS_RegBitWrite
                0x000018c4       0x2e ./emlib/em_emu.o
 .text.BUS_RegBitRead
                0x000018f2       0x2a ./emlib/em_emu.o
 .text.EMU_VScaleWait
                0x0000191c       0x1c ./emlib/em_emu.o
 .text.EMU_VScaleGet
                0x00001938       0x1c ./emlib/em_emu.o
 .text.EMU_IntClear
                0x00001954       0x20 ./emlib/em_emu.o
 .text.EMU_IntGet
                0x00001974       0x18 ./emlib/em_emu.o
 .text.CMU_Lock
                0x0000198c       0x1c ./emlib/em_emu.o
 .text.CMU_Unlock
                0x000019a8       0x1c ./emlib/em_emu.o
 .text.vScaleEM01Cmd
                0x000019c4       0x22 ./emlib/em_emu.o
 *fill*         0x000019e6        0x2 
 .text.emState  0x000019e8      0x150 ./emlib/em_emu.o
 .text.vScaleDownEM23Setup
                0x00001b38       0x50 ./emlib/em_emu.o
 .text.vScaleAfterWakeup
                0x00001b88       0x48 ./emlib/em_emu.o
 .text.EMU_EnterEM2
                0x00001bd0       0x4c ./emlib/em_emu.o
                0x00001bd0                EMU_EnterEM2
 .text.EMU_EnterEM3
                0x00001c1c       0x68 ./emlib/em_emu.o
                0x00001c1c                EMU_EnterEM3
 .text.EMU_VScaleEM01ByClock
                0x00001c84       0x70 ./emlib/em_emu.o
                0x00001c84                EMU_VScaleEM01ByClock
 .text.EMU_VScaleEM01
                0x00001cf4       0xa0 ./emlib/em_emu.o
                0x00001cf4                EMU_VScaleEM01
 .text.EMU_EM23Init
                0x00001d94       0x50 ./emlib/em_emu.o
                0x00001d94                EMU_EM23Init
 .text.dcdcConstCalibrationLoad
                0x00001de4       0x10 ./emlib/em_emu.o
 .text.dcdcValidatedConfigSet
                0x00001df4       0x40 ./emlib/em_emu.o
 .text.currentLimitersUpdate
                0x00001e34      0x124 ./emlib/em_emu.o
 .text.userCurrentLimitsSet
                0x00001f58       0x30 ./emlib/em_emu.o
 .text.compCtrlSet
                0x00001f88       0x4c ./emlib/em_emu.o
 .text.lpCmpHystCalibrationLoad
                0x00001fd4       0xec ./emlib/em_emu.o
 .text.lpGetDevinfoVrefLowHigh
                0x000020c0      0x164 ./emlib/em_emu.o
 .text.EMU_DCDCModeSet
                0x00002224       0xf0 ./emlib/em_emu.o
                0x00002224                EMU_DCDCModeSet
 .text.EMU_DCDCInit
                0x00002314      0x1c8 ./emlib/em_emu.o
                0x00002314                EMU_DCDCInit
 .text.EMU_DCDCOutputVoltageSet
                0x000024dc      0x2d8 ./emlib/em_emu.o
                0x000024dc                EMU_DCDCOutputVoltageSet
 .text.EMU_DCDCOptimizeSlice
                0x000027b4       0xe8 ./emlib/em_emu.o
                0x000027b4                EMU_DCDCOptimizeSlice
 .text.EMU_DCDCLnRcoBandSet
                0x0000289c       0x64 ./emlib/em_emu.o
                0x0000289c                EMU_DCDCLnRcoBandSet
 .text.BUS_RegMaskedSet
                0x00002900       0x24 ./emlib/em_gpio.o
 .text.BUS_RegMaskedClear
                0x00002924       0x24 ./emlib/em_gpio.o
 .text.BUS_RegMaskedWrite
                0x00002948       0x24 ./emlib/em_gpio.o
 .text.GPIO_PinOutClear
                0x0000296c       0xd0 ./emlib/em_gpio.o
 .text.GPIO_PinOutSet
                0x00002a3c       0xd0 ./emlib/em_gpio.o
 .text.GPIO_DriveStrengthSet
                0x00002b0c       0x8c ./emlib/em_gpio.o
                0x00002b0c                GPIO_DriveStrengthSet
 .text.GPIO_PinModeSet
                0x00002b98      0x18c ./emlib/em_gpio.o
                0x00002b98                GPIO_PinModeSet
 .text.LETIMER_CompareSet
                0x00002d24       0x5c ./emlib/em_letimer.o
                0x00002d24                LETIMER_CompareSet
 .text.LETIMER_Enable
                0x00002d80       0x40 ./emlib/em_letimer.o
                0x00002d80                LETIMER_Enable
 .text.LETIMER_Init
                0x00002dc0       0xf8 ./emlib/em_letimer.o
                0x00002dc0                LETIMER_Init
 .text.LETIMER_SyncWait
                0x00002eb8       0x1e ./emlib/em_letimer.o
                0x00002eb8                LETIMER_SyncWait
 *fill*         0x00002ed6        0x2 
 .text.app_peripheral_setup
                0x00002ed8       0x28 ./src/Source_files/app.o
                0x00002ed8                app_peripheral_setup
 .text.app_letimer_pwm_open
                0x00002f00       0x60 ./src/Source_files/app.o
                0x00002f00                app_letimer_pwm_open
 .text.scheduled_letimer0_uf_evt
                0x00002f60       0x54 ./src/Source_files/app.o
                0x00002f60                scheduled_letimer0_uf_evt
 .text.scheduled_letimer0_comp0_evt
                0x00002fb4       0x1c ./src/Source_files/app.o
                0x00002fb4                scheduled_letimer0_comp0_evt
 .text.scheduled_letimer0_comp1_evt
                0x00002fd0       0x1c ./src/Source_files/app.o
                0x00002fd0                scheduled_letimer0_comp1_evt
 .text.cmu_open
                0x00002fec       0x40 ./src/Source_files/cmu.o
                0x00002fec                cmu_open
 .text.gpio_open
                0x0000302c       0x3c ./src/Source_files/gpio.o
                0x0000302c                gpio_open
 .text.__NVIC_EnableIRQ
                0x00003068       0x3c ./src/Source_files/letimer.o
 .text.LETIMER_IntClear
                0x000030a4       0x1c ./src/Source_files/letimer.o
 .text.LETIMER_IntEnable
                0x000030c0       0x22 ./src/Source_files/letimer.o
 *fill*         0x000030e2        0x2 
 .text.letimer_pwm_open
                0x000030e4      0x19c ./src/Source_files/letimer.o
                0x000030e4                letimer_pwm_open
 .text.letimer_start
                0x00003280       0x5e ./src/Source_files/letimer.o
                0x00003280                letimer_start
 *fill*         0x000032de        0x2 
 .text.LETIMER0_IRQHandler
                0x000032e0       0x94 ./src/Source_files/letimer.o
                0x000032e0                LETIMER0_IRQHandler
 .text.scheduler_open
                0x00003374       0x1c ./src/Source_files/scheduler.o
                0x00003374                scheduler_open
 .text.add_scheduled_event
                0x00003390       0x28 ./src/Source_files/scheduler.o
                0x00003390                add_scheduled_event
 .text.remove_scheduled_event
                0x000033b8       0x34 ./src/Source_files/scheduler.o
                0x000033b8                remove_scheduled_event
 .text.get_scheduled_events
                0x000033ec       0x18 ./src/Source_files/scheduler.o
                0x000033ec                get_scheduled_events
 .text.EMU_EnterEM1
                0x00003404       0x20 ./src/Source_files/sleep_routines.o
 .text.sleep_open
                0x00003424       0x30 ./src/Source_files/sleep_routines.o
                0x00003424                sleep_open
 .text.sleep_block_mode
                0x00003454       0x48 ./src/Source_files/sleep_routines.o
                0x00003454                sleep_block_mode
 .text.sleep_unblock_mode
                0x0000349c       0x34 ./src/Source_files/sleep_routines.o
                0x0000349c                sleep_unblock_mode
 .text.enter_sleep
                0x000034d0       0x48 ./src/Source_files/sleep_routines.o
                0x000034d0                enter_sleep
 .text.current_block_energy_mode
                0x00003518       0x3c ./src/Source_files/sleep_routines.o
                0x00003518                current_block_energy_mode
 .text.SYSTEM_GetProdRev
                0x00003554       0x1c ./src/main.o
 .text.CHIP_Init
                0x00003570       0x74 ./src/main.o
 .text.main     0x000035e4       0xd4 ./src/main.o
                0x000035e4                main
 .text.exit     0x000036b8       0x28 c:/siliconlabs/simplicitystudio/v4/developer/toolchains/gnu_arm/7.2_2017q4/bin/../lib/gcc/arm-none-eabi/7.2.1/../../../../arm-none-eabi/lib/thumb/v7e-m/fpv4-sp/softfp\libc_nano.a(lib_a-exit.o)
                0x000036b8                exit
 .text.__libc_init_array
                0x000036e0       0x48 c:/siliconlabs/simplicitystudio/v4/developer/toolchains/gnu_arm/7.2_2017q4/bin/../lib/gcc/arm-none-eabi/7.2.1/../../../../arm-none-eabi/lib/thumb/v7e-m/fpv4-sp/softfp\libc_nano.a(lib_a-init.o)
                0x000036e0                __libc_init_array
 .text.memset   0x00003728       0x10 c:/siliconlabs/simplicitystudio/v4/developer/toolchains/gnu_arm/7.2_2017q4/bin/../lib/gcc/arm-none-eabi/7.2.1/../../../../arm-none-eabi/lib/thumb/v7e-m/fpv4-sp/softfp\libc_nano.a(lib_a-memset.o)
                0x00003728                memset
 .text._exit    0x00003738        0x4 c:/siliconlabs/simplicitystudio/v4/developer/toolchains/gnu_arm/7.2_2017q4/bin/../lib/gcc/arm-none-eabi/7.2.1/../../../../arm-none-eabi/lib/thumb/v7e-m/fpv4-sp/softfp\libnosys.a(_exit.o)
                0x00003738                _exit
 *(.init)
 .init          0x0000373c        0x4 c:/siliconlabs/simplicitystudio/v4/developer/toolchains/gnu_arm/7.2_2017q4/bin/../lib/gcc/arm-none-eabi/7.2.1/thumb/v7e-m/fpv4-sp/softfp/crti.o
                0x0000373c                _init
 .init          0x00003740        0x8 c:/siliconlabs/simplicitystudio/v4/developer/toolchains/gnu_arm/7.2_2017q4/bin/../lib/gcc/arm-none-eabi/7.2.1/thumb/v7e-m/fpv4-sp/softfp/crtn.o
 *(.fini)
 .fini          0x00003748        0x4 c:/siliconlabs/simplicitystudio/v4/developer/toolchains/gnu_arm/7.2_2017q4/bin/../lib/gcc/arm-none-eabi/7.2.1/thumb/v7e-m/fpv4-sp/softfp/crti.o
                0x00003748                _fini
 .fini          0x0000374c        0x8 c:/siliconlabs/simplicitystudio/v4/developer/toolchains/gnu_arm/7.2_2017q4/bin/../lib/gcc/arm-none-eabi/7.2.1/thumb/v7e-m/fpv4-sp/softfp/crtn.o
 *crtbegin.o(.ctors)
 *crtbegin?.o(.ctors)
 *(EXCLUDE_FILE(*crtend.o *crtend?.o) .ctors)
 *(SORT_BY_NAME(.ctors.*))
 *(.ctors)
 *crtbegin.o(.dtors)
 *crtbegin?.o(.dtors)
 *(EXCLUDE_FILE(*crtend.o *crtend?.o) .dtors)
 *(SORT_BY_NAME(.dtors.*))
 *(.dtors)
 *(.rodata*)
 .rodata        0x00003754       0x76 ./emlib/em_cmu.o
 *fill*         0x000037ca        0x2 
 .rodata.flashWsTable
                0x000037cc       0x28 ./emlib/em_cmu.o
 .rodata        0x000037f4       0x12 ./emlib/em_emu.o
 *fill*         0x00003806        0x2 
 .rodata        0x00003808       0x77 ./emlib/em_gpio.o
 *fill*         0x0000387f        0x1 
 .rodata        0x00003880       0x16 ./emlib/em_letimer.o
 *fill*         0x00003896        0x2 
 .rodata        0x00003898       0x1a ./src/Source_files/app.o
 *fill*         0x000038b2        0x2 
 .rodata        0x000038b4       0x1e ./src/Source_files/letimer.o
 *fill*         0x000038d2        0x2 
 .rodata        0x000038d4       0x25 ./src/Source_files/sleep_routines.o
 *fill*         0x000038f9        0x3 
 .rodata        0x000038fc       0x22 ./src/main.o
 *fill*         0x0000391e        0x2 
 .rodata._global_impure_ptr
                0x00003920        0x4 c:/siliconlabs/simplicitystudio/v4/developer/toolchains/gnu_arm/7.2_2017q4/bin/../lib/gcc/arm-none-eabi/7.2.1/../../../../arm-none-eabi/lib/thumb/v7e-m/fpv4-sp/softfp\libc_nano.a(lib_a-impure.o)
                0x00003920                _global_impure_ptr
 *(.eh_frame*)
 .eh_frame      0x00003924        0x0 c:/siliconlabs/simplicitystudio/v4/developer/toolchains/gnu_arm/7.2_2017q4/bin/../lib/gcc/arm-none-eabi/7.2.1/thumb/v7e-m/fpv4-sp/softfp/crtbegin.o
 .eh_frame      0x00003924        0x4 c:/siliconlabs/simplicitystudio/v4/developer/toolchains/gnu_arm/7.2_2017q4/bin/../lib/gcc/arm-none-eabi/7.2.1/thumb/v7e-m/fpv4-sp/softfp/crtend.o

.glue_7         0x00003928        0x0
 .glue_7        0x00003928        0x0 linker stubs

.glue_7t        0x00003928        0x0
 .glue_7t       0x00003928        0x0 linker stubs

.vfp11_veneer   0x00003928        0x0
 .vfp11_veneer  0x00003928        0x0 linker stubs

.v4_bx          0x00003928        0x0
 .v4_bx         0x00003928        0x0 linker stubs

.iplt           0x00003928        0x0
 .iplt          0x00003928        0x0 c:/siliconlabs/simplicitystudio/v4/developer/toolchains/gnu_arm/7.2_2017q4/bin/../lib/gcc/arm-none-eabi/7.2.1/thumb/v7e-m/fpv4-sp/softfp/crtbegin.o

.ARM.extab
 *(.ARM.extab* .gnu.linkonce.armextab.*)
                0x00003928                __exidx_start = .

.ARM.exidx      0x00003928        0x8
 *(.ARM.exidx* .gnu.linkonce.armexidx.*)
 .ARM.exidx     0x00003928        0x8 c:/siliconlabs/simplicitystudio/v4/developer/toolchains/gnu_arm/7.2_2017q4/bin/../lib/gcc/arm-none-eabi/7.2.1/../../../../arm-none-eabi/lib/thumb/v7e-m/fpv4-sp/softfp/crt0.o
                0x00003930                __exidx_end = .
                0x00003930                __etext = .

.rel.dyn        0x00003930        0x0
 .rel.iplt      0x00003930        0x0 c:/siliconlabs/simplicitystudio/v4/developer/toolchains/gnu_arm/7.2_2017q4/bin/../lib/gcc/arm-none-eabi/7.2.1/thumb/v7e-m/fpv4-sp/softfp/crtbegin.o

.data           0x20000000       0x7c load address 0x00003930
                0x20000000                __data_start__ = .
 *(vtable)
 *(.data*)
 .data.SystemHFXOClock
                0x20000000        0x4 ./CMSIS/EFM32PG12B/system_efm32pg12b.o
 .data.SystemLFXOClock
                0x20000004        0x4 ./CMSIS/EFM32PG12B/system_efm32pg12b.o
 .data.SystemCoreClock
                0x20000008        0x4 ./CMSIS/EFM32PG12B/system_efm32pg12b.o
                0x20000008                SystemCoreClock
 .data.SystemHfrcoFreq
                0x2000000c        0x4 ./CMSIS/EFM32PG12B/system_efm32pg12b.o
                0x2000000c                SystemHfrcoFreq
 .data.auxHfrcoFreq
                0x20000010        0x4 ./emlib/em_cmu.o
 .data.impure_data
                0x20000014       0x60 c:/siliconlabs/simplicitystudio/v4/developer/toolchains/gnu_arm/7.2_2017q4/bin/../lib/gcc/arm-none-eabi/7.2.1/../../../../arm-none-eabi/lib/thumb/v7e-m/fpv4-sp/softfp\libc_nano.a(lib_a-impure.o)
                0x20000074                . = ALIGN (0x4)
 *(.ram)
                0x20000074                . = ALIGN (0x4)
                0x20000074                PROVIDE (__preinit_array_start, .)
 *(.preinit_array)
                0x20000074                PROVIDE (__preinit_array_end, .)
                0x20000074                . = ALIGN (0x4)
                0x20000074                PROVIDE (__init_array_start, .)
 *(SORT_BY_NAME(.init_array.*))
 *(.init_array)
 .init_array    0x20000074        0x4 c:/siliconlabs/simplicitystudio/v4/developer/toolchains/gnu_arm/7.2_2017q4/bin/../lib/gcc/arm-none-eabi/7.2.1/thumb/v7e-m/fpv4-sp/softfp/crtbegin.o
                0x20000078                PROVIDE (__init_array_end, .)
                0x20000078                . = ALIGN (0x4)
                [!provide]                PROVIDE (__fini_array_start, .)
 *(SORT_BY_NAME(.fini_array.*))
 *(.fini_array)
 .fini_array    0x20000078        0x4 c:/siliconlabs/simplicitystudio/v4/developer/toolchains/gnu_arm/7.2_2017q4/bin/../lib/gcc/arm-none-eabi/7.2.1/thumb/v7e-m/fpv4-sp/softfp/crtbegin.o
                [!provide]                PROVIDE (__fini_array_end, .)
 *(.jcr*)
                0x2000007c                . = ALIGN (0x4)
                0x2000007c                __data_end__ = .

.igot.plt       0x2000007c        0x0 load address 0x000039ac
 .igot.plt      0x2000007c        0x0 c:/siliconlabs/simplicitystudio/v4/developer/toolchains/gnu_arm/7.2_2017q4/bin/../lib/gcc/arm-none-eabi/7.2.1/thumb/v7e-m/fpv4-sp/softfp/crtbegin.o

.bss            0x2000007c       0x58 load address 0x000039ac
                0x2000007c                . = ALIGN (0x4)
                0x2000007c                __bss_start__ = .
 *(.bss*)
 .bss           0x2000007c       0x1c c:/siliconlabs/simplicitystudio/v4/developer/toolchains/gnu_arm/7.2_2017q4/bin/../lib/gcc/arm-none-eabi/7.2.1/thumb/v7e-m/fpv4-sp/softfp/crtbegin.o
 .bss.dcdcMaxCurrent_mA
                0x20000098        0x2 ./emlib/em_emu.o
 .bss.dcdcEm01LoadCurrent_mA
                0x2000009a        0x2 ./emlib/em_emu.o
 .bss.dcdcReverseCurrentControl
                0x2000009c        0x2 ./emlib/em_emu.o
 *fill*         0x2000009e        0x2 
 .bss.vScaleEM01Config
                0x200000a0        0x1 ./emlib/em_emu.o
 *fill*         0x200000a1        0x3 
 .bss.cmuStatus.8075
                0x200000a4        0x4 ./emlib/em_emu.o
 .bss.hfClock.8076
                0x200000a8        0x1 ./emlib/em_emu.o
 .bss.vScaleStatus.8077
                0x200000a9        0x1 ./emlib/em_emu.o
 *fill*         0x200000aa        0x2 
 .bss.hfrcoCtrl.8078
                0x200000ac        0x4 ./emlib/em_emu.o
 .bss.scheduled_comp0_evt
                0x200000b0        0x4 ./src/Source_files/letimer.o
 .bss.scheduled_comp1_evt
                0x200000b4        0x4 ./src/Source_files/letimer.o
 .bss.scheduled_uf_evt
                0x200000b8        0x4 ./src/Source_files/letimer.o
 .bss.event_scheduled
                0x200000bc        0x4 ./src/Source_files/scheduler.o
 .bss.lowest_energy_mode
                0x200000c0       0x14 ./src/Source_files/sleep_routines.o
 *(COMMON)
                0x200000d4                . = ALIGN (0x4)
                0x200000d4                __bss_end__ = .

.heap           0x200000d8      0xc00
                0x200000d8                __HeapBase = .
                0x200000d8                __end__ = .
                0x200000d8                end = __end__
                0x200000d8                _end = __end__
 *(.heap*)
 .heap          0x200000d8      0xc00 ./CMSIS/EFM32PG12B/startup_gcc_efm32pg12b.o
                0x20000cd8                __HeapLimit = .

.stack_dummy    0x200000d8      0x400
 *(.stack*)
 .stack         0x200000d8      0x400 ./CMSIS/EFM32PG12B/startup_gcc_efm32pg12b.o
                0x20040000                __StackTop = (ORIGIN (RAM) + LENGTH (RAM))
                0x2003fc00                __StackLimit = (__StackTop - SIZEOF (.stack_dummy))
                0x20040000                PROVIDE (__stack, __StackTop)
                0x00000001                ASSERT ((__StackLimit >= __HeapLimit), region RAM overflowed with stack)
                0x00000001                ASSERT ((LENGTH (FLASH) >= (__etext + SIZEOF (.data))), FLASH memory overflowed !)
OUTPUT(JT_Energy_Mode_Lab.axf elf32-littlearm)

.ARM.attributes
                0x00000000       0x2e
 .ARM.attributes
                0x00000000       0x22 c:/siliconlabs/simplicitystudio/v4/developer/toolchains/gnu_arm/7.2_2017q4/bin/../lib/gcc/arm-none-eabi/7.2.1/thumb/v7e-m/fpv4-sp/softfp/crti.o
 .ARM.attributes
                0x00000022       0x32 c:/siliconlabs/simplicitystudio/v4/developer/toolchains/gnu_arm/7.2_2017q4/bin/../lib/gcc/arm-none-eabi/7.2.1/thumb/v7e-m/fpv4-sp/softfp/crtbegin.o
 .ARM.attributes
                0x00000054       0x20 c:/siliconlabs/simplicitystudio/v4/developer/toolchains/gnu_arm/7.2_2017q4/bin/../lib/gcc/arm-none-eabi/7.2.1/../../../../arm-none-eabi/lib/thumb/v7e-m/fpv4-sp/softfp/crt0.o
 .ARM.attributes
                0x00000074       0x1f ./CMSIS/EFM32PG12B/startup_gcc_efm32pg12b.o
 .ARM.attributes
                0x00000093       0x37 ./CMSIS/EFM32PG12B/system_efm32pg12b.o
 .ARM.attributes
                0x000000ca       0x37 ./emlib/em_assert.o
 .ARM.attributes
                0x00000101       0x37 ./emlib/em_cmu.o
 .ARM.attributes
                0x00000138       0x37 ./emlib/em_emu.o
 .ARM.attributes
                0x0000016f       0x37 ./emlib/em_gpio.o
 .ARM.attributes
                0x000001a6       0x37 ./emlib/em_letimer.o
 .ARM.attributes
                0x000001dd       0x37 ./src/Source_files/app.o
 .ARM.attributes
                0x00000214       0x37 ./src/Source_files/cmu.o
 .ARM.attributes
                0x0000024b       0x37 ./src/Source_files/gpio.o
 .ARM.attributes
                0x00000282       0x37 ./src/Source_files/letimer.o
 .ARM.attributes
                0x000002b9       0x37 ./src/Source_files/scheduler.o
 .ARM.attributes
                0x000002f0       0x37 ./src/Source_files/sleep_routines.o
 .ARM.attributes
                0x00000327       0x37 ./src/main.o
 .ARM.attributes
                0x0000035e       0x32 c:/siliconlabs/simplicitystudio/v4/developer/toolchains/gnu_arm/7.2_2017q4/bin/../lib/gcc/arm-none-eabi/7.2.1/../../../../arm-none-eabi/lib/thumb/v7e-m/fpv4-sp/softfp\libc_nano.a(lib_a-exit.o)
 .ARM.attributes
                0x00000390       0x32 c:/siliconlabs/simplicitystudio/v4/developer/toolchains/gnu_arm/7.2_2017q4/bin/../lib/gcc/arm-none-eabi/7.2.1/../../../../arm-none-eabi/lib/thumb/v7e-m/fpv4-sp/softfp\libc_nano.a(lib_a-impure.o)
 .ARM.attributes
                0x000003c2       0x32 c:/siliconlabs/simplicitystudio/v4/developer/toolchains/gnu_arm/7.2_2017q4/bin/../lib/gcc/arm-none-eabi/7.2.1/../../../../arm-none-eabi/lib/thumb/v7e-m/fpv4-sp/softfp\libc_nano.a(lib_a-init.o)
 .ARM.attributes
                0x000003f4       0x32 c:/siliconlabs/simplicitystudio/v4/developer/toolchains/gnu_arm/7.2_2017q4/bin/../lib/gcc/arm-none-eabi/7.2.1/../../../../arm-none-eabi/lib/thumb/v7e-m/fpv4-sp/softfp\libc_nano.a(lib_a-memset.o)
 .ARM.attributes
                0x00000426       0x32 c:/siliconlabs/simplicitystudio/v4/developer/toolchains/gnu_arm/7.2_2017q4/bin/../lib/gcc/arm-none-eabi/7.2.1/../../../../arm-none-eabi/lib/thumb/v7e-m/fpv4-sp/softfp\libnosys.a(_exit.o)
 .ARM.attributes
                0x00000458       0x32 c:/siliconlabs/simplicitystudio/v4/developer/toolchains/gnu_arm/7.2_2017q4/bin/../lib/gcc/arm-none-eabi/7.2.1/thumb/v7e-m/fpv4-sp/softfp/crtend.o
 .ARM.attributes
                0x0000048a       0x22 c:/siliconlabs/simplicitystudio/v4/developer/toolchains/gnu_arm/7.2_2017q4/bin/../lib/gcc/arm-none-eabi/7.2.1/thumb/v7e-m/fpv4-sp/softfp/crtn.o

.comment        0x00000000       0x7e
 .comment       0x00000000       0x7e ./CMSIS/EFM32PG12B/system_efm32pg12b.o
                                 0x7f (size before relaxing)
 .comment       0x0000007e       0x7f ./emlib/em_assert.o
 .comment       0x0000007e       0x7f ./emlib/em_cmu.o
 .comment       0x0000007e       0x7f ./emlib/em_emu.o
 .comment       0x0000007e       0x7f ./emlib/em_gpio.o
 .comment       0x0000007e       0x7f ./emlib/em_letimer.o
 .comment       0x0000007e       0x7f ./src/Source_files/app.o
 .comment       0x0000007e       0x7f ./src/Source_files/cmu.o
 .comment       0x0000007e       0x7f ./src/Source_files/gpio.o
 .comment       0x0000007e       0x7f ./src/Source_files/letimer.o
 .comment       0x0000007e       0x7f ./src/Source_files/scheduler.o
 .comment       0x0000007e       0x7f ./src/Source_files/sleep_routines.o
 .comment       0x0000007e       0x7f ./src/main.o

.debug_line     0x00000000     0x8ca2
 .debug_line    0x00000000       0x78 ./CMSIS/EFM32PG12B/startup_gcc_efm32pg12b.o
 .debug_line    0x00000078      0x8a1 ./CMSIS/EFM32PG12B/system_efm32pg12b.o
 .debug_line    0x00000919      0x12f ./emlib/em_assert.o
 .debug_line    0x00000a48     0x1415 ./emlib/em_cmu.o
 .debug_line    0x00001e5d     0x136c ./emlib/em_emu.o
 .debug_line    0x000031c9      0xc7a ./emlib/em_gpio.o
 .debug_line    0x00003e43      0x9f4 ./emlib/em_letimer.o
 .debug_line    0x00004837      0x9db ./src/Source_files/app.o
 .debug_line    0x00005212      0x8d6 ./src/Source_files/cmu.o
 .debug_line    0x00005ae8      0x8d8 ./src/Source_files/gpio.o
 .debug_line    0x000063c0      0xa58 ./src/Source_files/letimer.o
 .debug_line    0x00006e18      0x945 ./src/Source_files/scheduler.o
 .debug_line    0x0000775d      0x9ae ./src/Source_files/sleep_routines.o
 .debug_line    0x0000810b      0xb97 ./src/main.o

.debug_info     0x00000000     0x98e1
 .debug_info    0x00000000       0x26 ./CMSIS/EFM32PG12B/startup_gcc_efm32pg12b.o
 .debug_info    0x00000026      0x8f6 ./CMSIS/EFM32PG12B/system_efm32pg12b.o
 .debug_info    0x0000091c       0x7e ./emlib/em_assert.o
 .debug_info    0x0000099a     0x2409 ./emlib/em_cmu.o
 .debug_info    0x00002da3     0x2409 ./emlib/em_emu.o
 .debug_info    0x000051ac      0xa7a ./emlib/em_gpio.o
 .debug_info    0x00005c26      0x5cd ./emlib/em_letimer.o
 .debug_info    0x000061f3      0x3cd ./src/Source_files/app.o
 .debug_info    0x000065c0      0x32a ./src/Source_files/cmu.o
 .debug_info    0x000068ea      0x36f ./src/Source_files/gpio.o
 .debug_info    0x00006c59      0x9c6 ./src/Source_files/letimer.o
 .debug_info    0x0000761f      0x1d8 ./src/Source_files/scheduler.o
 .debug_info    0x000077f7      0x3f7 ./src/Source_files/sleep_routines.o
 .debug_info    0x00007bee     0x1cf3 ./src/main.o

.debug_abbrev   0x00000000     0x14b0
 .debug_abbrev  0x00000000       0x14 ./CMSIS/EFM32PG12B/startup_gcc_efm32pg12b.o
 .debug_abbrev  0x00000014      0x1b7 ./CMSIS/EFM32PG12B/system_efm32pg12b.o
 .debug_abbrev  0x000001cb       0x68 ./emlib/em_assert.o
 .debug_abbrev  0x00000233      0x31e ./emlib/em_cmu.o
 .debug_abbrev  0x00000551      0x312 ./emlib/em_emu.o
 .debug_abbrev  0x00000863      0x206 ./emlib/em_gpio.o
 .debug_abbrev  0x00000a69      0x1d1 ./emlib/em_letimer.o
 .debug_abbrev  0x00000c3a       0xf9 ./src/Source_files/app.o
 .debug_abbrev  0x00000d33       0xa0 ./src/Source_files/cmu.o
 .debug_abbrev  0x00000dd3       0xa0 ./src/Source_files/gpio.o
 .debug_abbrev  0x00000e73      0x1b8 ./src/Source_files/letimer.o
 .debug_abbrev  0x0000102b       0xd5 ./src/Source_files/scheduler.o
 .debug_abbrev  0x00001100      0x197 ./src/Source_files/sleep_routines.o
 .debug_abbrev  0x00001297      0x219 ./src/main.o

.debug_aranges  0x00000000      0x670
 .debug_aranges
                0x00000000       0x20 ./CMSIS/EFM32PG12B/startup_gcc_efm32pg12b.o
 .debug_aranges
                0x00000020       0x68 ./CMSIS/EFM32PG12B/system_efm32pg12b.o
 .debug_aranges
                0x00000088       0x20 ./emlib/em_assert.o
 .debug_aranges
                0x000000a8      0x1b8 ./emlib/em_cmu.o
 .debug_aranges
                0x00000260      0x1a8 ./emlib/em_emu.o
 .debug_aranges
                0x00000408       0x88 ./emlib/em_gpio.o
 .debug_aranges
                0x00000490       0x68 ./emlib/em_letimer.o
 .debug_aranges
                0x000004f8       0x40 ./src/Source_files/app.o
 .debug_aranges
                0x00000538       0x20 ./src/Source_files/cmu.o
 .debug_aranges
                0x00000558       0x20 ./src/Source_files/gpio.o
 .debug_aranges
                0x00000578       0x48 ./src/Source_files/letimer.o
 .debug_aranges
                0x000005c0       0x38 ./src/Source_files/scheduler.o
 .debug_aranges
                0x000005f8       0x48 ./src/Source_files/sleep_routines.o
 .debug_aranges
                0x00000640       0x30 ./src/main.o

.debug_str      0x00000000   0x1586c1
 .debug_str     0x00000000       0x96 ./CMSIS/EFM32PG12B/startup_gcc_efm32pg12b.o
 .debug_str     0x00000096   0x14e3ef ./CMSIS/EFM32PG12B/system_efm32pg12b.o
                             0x14f320 (size before relaxing)
 .debug_str     0x0014e485       0xb8 ./emlib/em_assert.o
                               0x2dca (size before relaxing)
 .debug_str     0x0014e53d     0x4dcc ./emlib/em_cmu.o
                             0x154114 (size before relaxing)
 .debug_str     0x00153309     0x114d ./emlib/em_emu.o
                             0x15431c (size before relaxing)
 .debug_str     0x00154456      0x4be ./emlib/em_gpio.o
                             0x14fd81 (size before relaxing)
 .debug_str     0x00154914      0x31c ./emlib/em_letimer.o
                             0x1506f2 (size before relaxing)
 .debug_str     0x00154c30      0xa75 ./src/Source_files/app.o
                             0x151839 (size before relaxing)
 .debug_str     0x001556a5       0x23 ./src/Source_files/cmu.o
                             0x15077f (size before relaxing)
 .debug_str     0x001556c8       0x25 ./src/Source_files/gpio.o
                             0x150908 (size before relaxing)
 .debug_str     0x001556ed      0x344 ./src/Source_files/letimer.o
                             0x151f16 (size before relaxing)
 .debug_str     0x00155a31       0x9a ./src/Source_files/scheduler.o
                             0x14f34d (size before relaxing)
 .debug_str     0x00155acb       0x9a ./src/Source_files/sleep_routines.o
                             0x14fc7c (size before relaxing)
 .debug_str     0x00155b65     0x2b5c ./src/main.o
                             0x1566ed (size before relaxing)

.debug_loc      0x00000000     0x30ee
 .debug_loc     0x00000000      0x2e4 ./CMSIS/EFM32PG12B/system_efm32pg12b.o
 .debug_loc     0x000002e4       0x38 ./emlib/em_assert.o
 .debug_loc     0x0000031c     0x1010 ./emlib/em_cmu.o
 .debug_loc     0x0000132c      0xea6 ./emlib/em_emu.o
 .debug_loc     0x000021d2      0x49c ./emlib/em_gpio.o
 .debug_loc     0x0000266e      0x338 ./emlib/em_letimer.o
 .debug_loc     0x000029a6      0x124 ./src/Source_files/app.o
 .debug_loc     0x00002aca       0x2c ./src/Source_files/cmu.o
 .debug_loc     0x00002af6       0x2c ./src/Source_files/gpio.o
 .debug_loc     0x00002b22      0x204 ./src/Source_files/letimer.o
 .debug_loc     0x00002d26      0x140 ./src/Source_files/scheduler.o
 .debug_loc     0x00002e66      0x1bc ./src/Source_files/sleep_routines.o
 .debug_loc     0x00003022       0xcc ./src/main.o

.debug_ranges   0x00000000      0x580
 .debug_ranges  0x00000000       0x58 ./CMSIS/EFM32PG12B/system_efm32pg12b.o
 .debug_ranges  0x00000058       0x10 ./emlib/em_assert.o
 .debug_ranges  0x00000068      0x1a8 ./emlib/em_cmu.o
 .debug_ranges  0x00000210      0x198 ./emlib/em_emu.o
 .debug_ranges  0x000003a8       0x78 ./emlib/em_gpio.o
 .debug_ranges  0x00000420       0x58 ./emlib/em_letimer.o
 .debug_ranges  0x00000478       0x30 ./src/Source_files/app.o
 .debug_ranges  0x000004a8       0x10 ./src/Source_files/cmu.o
 .debug_ranges  0x000004b8       0x10 ./src/Source_files/gpio.o
 .debug_ranges  0x000004c8       0x38 ./src/Source_files/letimer.o
 .debug_ranges  0x00000500       0x28 ./src/Source_files/scheduler.o
 .debug_ranges  0x00000528       0x38 ./src/Source_files/sleep_routines.o
 .debug_ranges  0x00000560       0x20 ./src/main.o

.debug_macro    0x00000000    0x331d1
 .debug_macro   0x00000000      0x282 ./CMSIS/EFM32PG12B/system_efm32pg12b.o
 .debug_macro   0x00000282      0xa54 ./CMSIS/EFM32PG12B/system_efm32pg12b.o
 .debug_macro   0x00000cd6       0x22 ./CMSIS/EFM32PG12B/system_efm32pg12b.o
 .debug_macro   0x00000cf8       0x4f ./CMSIS/EFM32PG12B/system_efm32pg12b.o
 .debug_macro   0x00000d47       0x51 ./CMSIS/EFM32PG12B/system_efm32pg12b.o
 .debug_macro   0x00000d98       0xef ./CMSIS/EFM32PG12B/system_efm32pg12b.o
 .debug_macro   0x00000e87       0x6a ./CMSIS/EFM32PG12B/system_efm32pg12b.o
 .debug_macro   0x00000ef1      0x1df ./CMSIS/EFM32PG12B/system_efm32pg12b.o
 .debug_macro   0x000010d0      0x4b1 ./CMSIS/EFM32PG12B/system_efm32pg12b.o
 .debug_macro   0x00001581       0x1c ./CMSIS/EFM32PG12B/system_efm32pg12b.o
 .debug_macro   0x0000159d       0x22 ./CMSIS/EFM32PG12B/system_efm32pg12b.o
 .debug_macro   0x000015bf       0xdf ./CMSIS/EFM32PG12B/system_efm32pg12b.o
 .debug_macro   0x0000169e      0xff5 ./CMSIS/EFM32PG12B/system_efm32pg12b.o
 .debug_macro   0x00002693       0xe2 ./CMSIS/EFM32PG12B/system_efm32pg12b.o
 .debug_macro   0x00002775      0xe1d ./CMSIS/EFM32PG12B/system_efm32pg12b.o
 .debug_macro   0x00003592     0x2276 ./CMSIS/EFM32PG12B/system_efm32pg12b.o
 .debug_macro   0x00005808      0x32a ./CMSIS/EFM32PG12B/system_efm32pg12b.o
 .debug_macro   0x00005b32     0x3119 ./CMSIS/EFM32PG12B/system_efm32pg12b.o
 .debug_macro   0x00008c4b     0x1bbb ./CMSIS/EFM32PG12B/system_efm32pg12b.o
 .debug_macro   0x0000a806     0x2675 ./CMSIS/EFM32PG12B/system_efm32pg12b.o
 .debug_macro   0x0000ce7b     0x1b1a ./CMSIS/EFM32PG12B/system_efm32pg12b.o
 .debug_macro   0x0000e995      0xe2c ./CMSIS/EFM32PG12B/system_efm32pg12b.o
 .debug_macro   0x0000f7c1      0x345 ./CMSIS/EFM32PG12B/system_efm32pg12b.o
 .debug_macro   0x0000fb06      0x29e ./CMSIS/EFM32PG12B/system_efm32pg12b.o
 .debug_macro   0x0000fda4     0x2764 ./CMSIS/EFM32PG12B/system_efm32pg12b.o
 .debug_macro   0x00012508     0x31cd ./CMSIS/EFM32PG12B/system_efm32pg12b.o
 .debug_macro   0x000156d5     0x136c ./CMSIS/EFM32PG12B/system_efm32pg12b.o
 .debug_macro   0x00016a41      0xde3 ./CMSIS/EFM32PG12B/system_efm32pg12b.o
 .debug_macro   0x00017824      0x249 ./CMSIS/EFM32PG12B/system_efm32pg12b.o
 .debug_macro   0x00017a6d     0x1043 ./CMSIS/EFM32PG12B/system_efm32pg12b.o
 .debug_macro   0x00018ab0     0x1606 ./CMSIS/EFM32PG12B/system_efm32pg12b.o
 .debug_macro   0x0001a0b6     0x3cb8 ./CMSIS/EFM32PG12B/system_efm32pg12b.o
 .debug_macro   0x0001dd6e     0x23fd ./CMSIS/EFM32PG12B/system_efm32pg12b.o
 .debug_macro   0x0002016b      0x70d ./CMSIS/EFM32PG12B/system_efm32pg12b.o
 .debug_macro   0x00020878     0x26f0 ./CMSIS/EFM32PG12B/system_efm32pg12b.o
 .debug_macro   0x00022f68     0x1701 ./CMSIS/EFM32PG12B/system_efm32pg12b.o
 .debug_macro   0x00024669     0x2efc ./CMSIS/EFM32PG12B/system_efm32pg12b.o
 .debug_macro   0x00027565      0xfb0 ./CMSIS/EFM32PG12B/system_efm32pg12b.o
 .debug_macro   0x00028515      0x6c4 ./CMSIS/EFM32PG12B/system_efm32pg12b.o
 .debug_macro   0x00028bd9     0x1022 ./CMSIS/EFM32PG12B/system_efm32pg12b.o
 .debug_macro   0x00029bfb      0x889 ./CMSIS/EFM32PG12B/system_efm32pg12b.o
 .debug_macro   0x0002a484      0x500 ./CMSIS/EFM32PG12B/system_efm32pg12b.o
 .debug_macro   0x0002a984     0x1bc5 ./CMSIS/EFM32PG12B/system_efm32pg12b.o
 .debug_macro   0x0002c549       0x40 ./CMSIS/EFM32PG12B/system_efm32pg12b.o
 .debug_macro   0x0002c589      0x2ce ./CMSIS/EFM32PG12B/system_efm32pg12b.o
 .debug_macro   0x0002c857      0x382 ./CMSIS/EFM32PG12B/system_efm32pg12b.o
 .debug_macro   0x0002cbd9      0x190 ./CMSIS/EFM32PG12B/system_efm32pg12b.o
 .debug_macro   0x0002cd69     0x27bf ./CMSIS/EFM32PG12B/system_efm32pg12b.o
 .debug_macro   0x0002f528      0x304 ./CMSIS/EFM32PG12B/system_efm32pg12b.o
 .debug_macro   0x0002f82c      0x304 ./CMSIS/EFM32PG12B/system_efm32pg12b.o
 .debug_macro   0x0002fb30       0x23 ./emlib/em_assert.o
 .debug_macro   0x0002fb53      0x3a5 ./emlib/em_cmu.o
 .debug_macro   0x0002fef8       0x58 ./emlib/em_cmu.o
 .debug_macro   0x0002ff50      0x34d ./emlib/em_cmu.o
 .debug_macro   0x0003029d       0x25 ./emlib/em_cmu.o
 .debug_macro   0x000302c2       0xee ./emlib/em_cmu.o
 .debug_macro   0x000303b0       0x80 ./emlib/em_cmu.o
 .debug_macro   0x00030430      0x391 ./emlib/em_emu.o
 .debug_macro   0x000307c1       0x52 ./emlib/em_emu.o
 .debug_macro   0x00030813       0x55 ./emlib/em_emu.o
 .debug_macro   0x00030868      0x353 ./emlib/em_emu.o
 .debug_macro   0x00030bbb       0xd9 ./emlib/em_emu.o
 .debug_macro   0x00030c94       0x7a ./emlib/em_emu.o
 .debug_macro   0x00030d0e      0x295 ./emlib/em_gpio.o
 .debug_macro   0x00030fa3      0x2b8 ./emlib/em_letimer.o
 .debug_macro   0x0003125b      0x324 ./src/Source_files/app.o
 .debug_macro   0x0003157f       0x28 ./src/Source_files/app.o
 .debug_macro   0x000315a7       0x46 ./src/Source_files/app.o
 .debug_macro   0x000315ed       0x10 ./src/Source_files/app.o
 .debug_macro   0x000315fd       0x28 ./src/Source_files/app.o
 .debug_macro   0x00031625       0x1c ./src/Source_files/app.o
 .debug_macro   0x00031641      0x296 ./src/Source_files/cmu.o
 .debug_macro   0x000318d7      0x2a5 ./src/Source_files/gpio.o
 .debug_macro   0x00031b7c      0x327 ./src/Source_files/letimer.o
 .debug_macro   0x00031ea3       0x10 ./src/Source_files/letimer.o
 .debug_macro   0x00031eb3      0x299 ./src/Source_files/scheduler.o
 .debug_macro   0x0003214c      0x2ba ./src/Source_files/sleep_routines.o
 .debug_macro   0x00032406      0x458 ./src/main.o
 .debug_macro   0x0003285e       0x16 ./src/main.o
 .debug_macro   0x00032874       0x97 ./src/main.o
 .debug_macro   0x0003290b       0xf6 ./src/main.o
 .debug_macro   0x00032a01       0x10 ./src/main.o
 .debug_macro   0x00032a11       0x10 ./src/main.o
 .debug_macro   0x00032a21       0xb6 ./src/main.o
 .debug_macro   0x00032ad7       0x16 ./src/main.o
 .debug_macro   0x00032aed      0x129 ./src/main.o
 .debug_macro   0x00032c16       0xd6 ./src/main.o
 .debug_macro   0x00032cec       0x76 ./src/main.o
 .debug_macro   0x00032d62       0xf1 ./src/main.o
 .debug_macro   0x00032e53       0x3a ./src/main.o
 .debug_macro   0x00032e8d      0x344 ./src/main.o

.debug_frame    0x00000000     0x1810
 .debug_frame   0x00000000      0x164 ./CMSIS/EFM32PG12B/system_efm32pg12b.o
 .debug_frame   0x00000164       0x2c ./emlib/em_assert.o
 .debug_frame   0x00000190      0x770 ./emlib/em_cmu.o
 .debug_frame   0x00000900      0x6f0 ./emlib/em_emu.o
 .debug_frame   0x00000ff0      0x21c ./emlib/em_gpio.o
 .debug_frame   0x0000120c      0x180 ./emlib/em_letimer.o
 .debug_frame   0x0000138c       0xac ./src/Source_files/app.o
 .debug_frame   0x00001438       0x2c ./src/Source_files/cmu.o
 .debug_frame   0x00001464       0x2c ./src/Source_files/gpio.o
 .debug_frame   0x00001490       0xf4 ./src/Source_files/letimer.o
 .debug_frame   0x00001584       0xa0 ./src/Source_files/scheduler.o
 .debug_frame   0x00001624       0xe0 ./src/Source_files/sleep_routines.o
 .debug_frame   0x00001704       0x78 ./src/main.o
 .debug_frame   0x0000177c       0x28 c:/siliconlabs/simplicitystudio/v4/developer/toolchains/gnu_arm/7.2_2017q4/bin/../lib/gcc/arm-none-eabi/7.2.1/../../../../arm-none-eabi/lib/thumb/v7e-m/fpv4-sp/softfp\libc_nano.a(lib_a-exit.o)
 .debug_frame   0x000017a4       0x2c c:/siliconlabs/simplicitystudio/v4/developer/toolchains/gnu_arm/7.2_2017q4/bin/../lib/gcc/arm-none-eabi/7.2.1/../../../../arm-none-eabi/lib/thumb/v7e-m/fpv4-sp/softfp\libc_nano.a(lib_a-init.o)
 .debug_frame   0x000017d0       0x20 c:/siliconlabs/simplicitystudio/v4/developer/toolchains/gnu_arm/7.2_2017q4/bin/../lib/gcc/arm-none-eabi/7.2.1/../../../../arm-none-eabi/lib/thumb/v7e-m/fpv4-sp/softfp\libc_nano.a(lib_a-memset.o)
 .debug_frame   0x000017f0       0x20 c:/siliconlabs/simplicitystudio/v4/developer/toolchains/gnu_arm/7.2_2017q4/bin/../lib/gcc/arm-none-eabi/7.2.1/../../../../arm-none-eabi/lib/thumb/v7e-m/fpv4-sp/softfp\libnosys.a(_exit.o)
