Archive member included to satisfy reference by file (symbol)

c:/siliconlabs/simplicitystudio/v4/developer/toolchains/gnu_arm/7.2_2017q4/bin/../lib/gcc/arm-none-eabi/7.2.1/thumb/v7e-m/fpv4-sp/softfp\libgcc.a(_aeabi_uldivmod.o)
                              ./emlib/em_usart.o (__aeabi_uldivmod)
c:/siliconlabs/simplicitystudio/v4/developer/toolchains/gnu_arm/7.2_2017q4/bin/../lib/gcc/arm-none-eabi/7.2.1/thumb/v7e-m/fpv4-sp/softfp\libgcc.a(_udivmoddi4.o)
                              c:/siliconlabs/simplicitystudio/v4/developer/toolchains/gnu_arm/7.2_2017q4/bin/../lib/gcc/arm-none-eabi/7.2.1/thumb/v7e-m/fpv4-sp/softfp\libgcc.a(_aeabi_uldivmod.o) (__udivmoddi4)
c:/siliconlabs/simplicitystudio/v4/developer/toolchains/gnu_arm/7.2_2017q4/bin/../lib/gcc/arm-none-eabi/7.2.1/thumb/v7e-m/fpv4-sp/softfp\libgcc.a(_dvmd_tls.o)
                              c:/siliconlabs/simplicitystudio/v4/developer/toolchains/gnu_arm/7.2_2017q4/bin/../lib/gcc/arm-none-eabi/7.2.1/thumb/v7e-m/fpv4-sp/softfp\libgcc.a(_aeabi_uldivmod.o) (__aeabi_ldiv0)
c:/siliconlabs/simplicitystudio/v4/developer/toolchains/gnu_arm/7.2_2017q4/bin/../lib/gcc/arm-none-eabi/7.2.1/../../../../arm-none-eabi/lib/thumb/v7e-m/fpv4-sp/softfp\libc_nano.a(lib_a-exit.o)
                              c:/siliconlabs/simplicitystudio/v4/developer/toolchains/gnu_arm/7.2_2017q4/bin/../lib/gcc/arm-none-eabi/7.2.1/../../../../arm-none-eabi/lib/thumb/v7e-m/fpv4-sp/softfp/crt0.o (exit)
c:/siliconlabs/simplicitystudio/v4/developer/toolchains/gnu_arm/7.2_2017q4/bin/../lib/gcc/arm-none-eabi/7.2.1/../../../../arm-none-eabi/lib/thumb/v7e-m/fpv4-sp/softfp\libc_nano.a(lib_a-impure.o)
                              c:/siliconlabs/simplicitystudio/v4/developer/toolchains/gnu_arm/7.2_2017q4/bin/../lib/gcc/arm-none-eabi/7.2.1/../../../../arm-none-eabi/lib/thumb/v7e-m/fpv4-sp/softfp\libc_nano.a(lib_a-exit.o) (_global_impure_ptr)
c:/siliconlabs/simplicitystudio/v4/developer/toolchains/gnu_arm/7.2_2017q4/bin/../lib/gcc/arm-none-eabi/7.2.1/../../../../arm-none-eabi/lib/thumb/v7e-m/fpv4-sp/softfp\libc_nano.a(lib_a-init.o)
                              c:/siliconlabs/simplicitystudio/v4/developer/toolchains/gnu_arm/7.2_2017q4/bin/../lib/gcc/arm-none-eabi/7.2.1/../../../../arm-none-eabi/lib/thumb/v7e-m/fpv4-sp/softfp/crt0.o (__libc_init_array)
c:/siliconlabs/simplicitystudio/v4/developer/toolchains/gnu_arm/7.2_2017q4/bin/../lib/gcc/arm-none-eabi/7.2.1/../../../../arm-none-eabi/lib/thumb/v7e-m/fpv4-sp/softfp\libc_nano.a(lib_a-memcpy-stub.o)
                              ./emlib/em_crypto.o (memcpy)
c:/siliconlabs/simplicitystudio/v4/developer/toolchains/gnu_arm/7.2_2017q4/bin/../lib/gcc/arm-none-eabi/7.2.1/../../../../arm-none-eabi/lib/thumb/v7e-m/fpv4-sp/softfp\libc_nano.a(lib_a-memset.o)
                              c:/siliconlabs/simplicitystudio/v4/developer/toolchains/gnu_arm/7.2_2017q4/bin/../lib/gcc/arm-none-eabi/7.2.1/../../../../arm-none-eabi/lib/thumb/v7e-m/fpv4-sp/softfp/crt0.o (memset)
c:/siliconlabs/simplicitystudio/v4/developer/toolchains/gnu_arm/7.2_2017q4/bin/../lib/gcc/arm-none-eabi/7.2.1/../../../../arm-none-eabi/lib/thumb/v7e-m/fpv4-sp/softfp\libc_nano.a(lib_a-puts.o)
                              ./src/main.o (puts)
c:/siliconlabs/simplicitystudio/v4/developer/toolchains/gnu_arm/7.2_2017q4/bin/../lib/gcc/arm-none-eabi/7.2.1/../../../../arm-none-eabi/lib/thumb/v7e-m/fpv4-sp/softfp\libc_nano.a(lib_a-setvbuf.o)
                              ./serial/retargetserial.o (setvbuf)
c:/siliconlabs/simplicitystudio/v4/developer/toolchains/gnu_arm/7.2_2017q4/bin/../lib/gcc/arm-none-eabi/7.2.1/../../../../arm-none-eabi/lib/thumb/v7e-m/fpv4-sp/softfp\libc_nano.a(lib_a-wbuf.o)
                              c:/siliconlabs/simplicitystudio/v4/developer/toolchains/gnu_arm/7.2_2017q4/bin/../lib/gcc/arm-none-eabi/7.2.1/../../../../arm-none-eabi/lib/thumb/v7e-m/fpv4-sp/softfp\libc_nano.a(lib_a-puts.o) (__swbuf_r)
c:/siliconlabs/simplicitystudio/v4/developer/toolchains/gnu_arm/7.2_2017q4/bin/../lib/gcc/arm-none-eabi/7.2.1/../../../../arm-none-eabi/lib/thumb/v7e-m/fpv4-sp/softfp\libc_nano.a(lib_a-wsetup.o)
                              c:/siliconlabs/simplicitystudio/v4/developer/toolchains/gnu_arm/7.2_2017q4/bin/../lib/gcc/arm-none-eabi/7.2.1/../../../../arm-none-eabi/lib/thumb/v7e-m/fpv4-sp/softfp\libc_nano.a(lib_a-puts.o) (__swsetup_r)
c:/siliconlabs/simplicitystudio/v4/developer/toolchains/gnu_arm/7.2_2017q4/bin/../lib/gcc/arm-none-eabi/7.2.1/../../../../arm-none-eabi/lib/thumb/v7e-m/fpv4-sp/softfp\libc_nano.a(lib_a-fflush.o)
                              c:/siliconlabs/simplicitystudio/v4/developer/toolchains/gnu_arm/7.2_2017q4/bin/../lib/gcc/arm-none-eabi/7.2.1/../../../../arm-none-eabi/lib/thumb/v7e-m/fpv4-sp/softfp\libc_nano.a(lib_a-setvbuf.o) (_fflush_r)
c:/siliconlabs/simplicitystudio/v4/developer/toolchains/gnu_arm/7.2_2017q4/bin/../lib/gcc/arm-none-eabi/7.2.1/../../../../arm-none-eabi/lib/thumb/v7e-m/fpv4-sp/softfp\libc_nano.a(lib_a-findfp.o)
[...]
Memory Configuration

Name             Origin             Length             Attributes
FLASH            0x00000000         0x00100000         xr
RAM              0x20000000         0x00040000         xrw
*default*        0x00000000         0xffffffff

Linker script and memory map

LOAD c:/siliconlabs/simplicitystudio/v4/developer/toolchains/gnu_arm/7.2_2017q4/bin/../lib/gcc/arm-none-eabi/7.2.1/thumb/v7e-m/fpv4-sp/softfp/crti.o
LOAD c:/siliconlabs/simplicitystudio/v4/developer/toolchains/gnu_arm/7.2_2017q4/bin/../lib/gcc/arm-none-eabi/7.2.1/thumb/v7e-m/fpv4-sp/softfp/crtbegin.o
LOAD c:/siliconlabs/simplicitystudio/v4/developer/toolchains/gnu_arm/7.2_2017q4/bin/../lib/gcc/arm-none-eabi/7.2.1/../../../../arm-none-eabi/lib/thumb/v7e-m/fpv4-sp/softfp/crt0.o
LOAD ./CMSIS/EFM32PG12B/startup_gcc_efm32pg12b.o
LOAD ./CMSIS/EFM32PG12B/system_efm32pg12b.o
LOAD ./emlib/em_acmp.o
LOAD ./emlib/em_adc.o
LOAD ./emlib/em_aes.o
LOAD ./emlib/em_assert.o
LOAD ./emlib/em_burtc.o
LOAD ./emlib/em_can.o
LOAD ./emlib/em_cmu.o
LOAD ./emlib/em_core.o
LOAD ./emlib/em_cryotimer.o
LOAD ./emlib/em_crypto.o
LOAD ./emlib/em_csen.o
LOAD ./emlib/em_dac.o
LOAD ./emlib/em_dbg.o
LOAD ./emlib/em_dma.o
LOAD ./emlib/em_ebi.o
LOAD ./emlib/em_emu.o
LOAD ./emlib/em_gpcrc.o
LOAD ./emlib/em_gpio.o
LOAD ./emlib/em_i2c.o
LOAD ./emlib/em_iadc.o
LOAD ./emlib/em_idac.o
LOAD ./emlib/em_int.o
LOAD ./emlib/em_lcd.o
LOAD ./emlib/em_ldma.o
LOAD ./emlib/em_lesense.o
LOAD ./emlib/em_letimer.o
LOAD ./emlib/em_leuart.o
LOAD ./emlib/em_mpu.o
LOAD ./emlib/em_msc.o
LOAD ./emlib/em_opamp.o
LOAD ./emlib/em_pcnt.o
LOAD ./emlib/em_pdm.o
LOAD ./emlib/em_prs.o
LOAD ./emlib/em_qspi.o
LOAD ./emlib/em_rmu.o
LOAD ./emlib/em_rtc.o
LOAD ./emlib/em_rtcc.o
LOAD ./emlib/em_se.o
LOAD ./emlib/em_system.o
LOAD ./emlib/em_timer.o
LOAD ./emlib/em_usart.o
LOAD ./emlib/em_vcmp.o
LOAD ./emlib/em_vdac.o
LOAD ./emlib/em_wdog.o
LOAD ./serial/retargetio.o
LOAD ./serial/retargetserial.o
LOAD ./src/Source_files/app.o
LOAD ./src/Source_files/cmu.o
LOAD ./src/Source_files/gpio.o
LOAD ./src/Source_files/letimer.o
LOAD ./src/main.o
START GROUP
LOAD c:/siliconlabs/simplicitystudio/v4/developer/toolchains/gnu_arm/7.2_2017q4/bin/../lib/gcc/arm-none-eabi/7.2.1/thumb/v7e-m/fpv4-sp/softfp\libgcc.a
LOAD c:/siliconlabs/simplicitystudio/v4/developer/toolchains/gnu_arm/7.2_2017q4/bin/../lib/gcc/arm-none-eabi/7.2.1/../../../../arm-none-eabi/lib/thumb/v7e-m/fpv4-sp/softfp\libc_nano.a
LOAD c:/siliconlabs/simplicitystudio/v4/developer/toolchains/gnu_arm/7.2_2017q4/bin/../lib/gcc/arm-none-eabi/7.2.1/../../../../arm-none-eabi/lib/thumb/v7e-m/fpv4-sp/softfp\libnosys.a
END GROUP
START GROUP
LOAD c:/siliconlabs/simplicitystudio/v4/developer/toolchains/gnu_arm/7.2_2017q4/bin/../lib/gcc/arm-none-eabi/7.2.1/thumb/v7e-m/fpv4-sp/softfp\libgcc.a
LOAD c:/siliconlabs/simplicitystudio/v4/developer/toolchains/gnu_arm/7.2_2017q4/bin/../lib/gcc/arm-none-eabi/7.2.1/../../../../arm-none-eabi/lib/thumb/v7e-m/fpv4-sp/softfp\libg_nano.a
LOAD c:/siliconlabs/simplicitystudio/v4/developer/toolchains/gnu_arm/7.2_2017q4/bin/../lib/gcc/arm-none-eabi/7.2.1/../../../../arm-none-eabi/lib/thumb/v7e-m/fpv4-sp/softfp\libc_nano.a
END GROUP
START GROUP
LOAD c:/siliconlabs/simplicitystudio/v4/developer/toolchains/gnu_arm/7.2_2017q4/bin/../lib/gcc/arm-none-eabi/7.2.1/thumb/v7e-m/fpv4-sp/softfp\libgcc.a
LOAD c:/siliconlabs/simplicitystudio/v4/developer/toolchains/gnu_arm/7.2_2017q4/bin/../lib/gcc/arm-none-eabi/7.2.1/../../../../arm-none-eabi/lib/thumb/v7e-m/fpv4-sp/softfp\libc_nano.a
END GROUP
LOAD c:/siliconlabs/simplicitystudio/v4/developer/toolchains/gnu_arm/7.2_2017q4/bin/../lib/gcc/arm-none-eabi/7.2.1/thumb/v7e-m/fpv4-sp/softfp/crtend.o
LOAD c:/siliconlabs/simplicitystudio/v4/developer/toolchains/gnu_arm/7.2_2017q4/bin/../lib/gcc/arm-none-eabi/7.2.1/thumb/v7e-m/fpv4-sp/softfp/crtn.o

.text           0x00000000     0x41a8
 *(.vectors)
 .vectors       0x00000000      0x10c ./CMSIS/EFM32PG12B/startup_gcc_efm32pg12b.o
                0x00000000                __Vectors
                0x0000010c                __Vectors_End = .
                0x0000010c                __Vectors_Size = (__Vectors_End - __Vectors)
                0x0000010c                __end__ = .
 *(.text*)
 .text          0x0000010c       0x40 c:/siliconlabs/simplicitystudio/v4/developer/toolchains/gnu_arm/7.2_2017q4/bin/../lib/gcc/arm-none-eabi/7.2.1/thumb/v7e-m/fpv4-sp/softfp/crtbegin.o
 .text          0x0000014c       0x74 c:/siliconlabs/simplicitystudio/v4/developer/toolchains/gnu_arm/7.2_2017q4/bin/../lib/gcc/arm-none-eabi/7.2.1/../../../../arm-none-eabi/lib/thumb/v7e-m/fpv4-sp/softfp/crt0.o
                0x0000014c                _start
                0x0000014c                _mainCRTStartup
 .text          0x000001c0       0x30 ./CMSIS/EFM32PG12B/startup_gcc_efm32pg12b.o
                0x000001c0                Reset_Handler
                0x000001ec                USART0_TX_IRQHandler
                0x000001ec                I2C0_IRQHandler
                0x000001ec                HardFault_Handler
                0x000001ec                SysTick_Handler
                0x000001ec                USART1_RX_IRQHandler
                0x000001ec                PendSV_Handler
                0x000001ec                NMI_Handler
                0x000001ec                I2C1_IRQHandler
                0x000001ec                WTIMER0_IRQHandler
                0x000001ec                CRYPTO0_IRQHandler
                0x000001ec                WDOG0_IRQHandler
                0x000001ec                USART1_TX_IRQHandler
                0x000001ec                SMU_IRQHandler
                0x000001ec                MSC_IRQHandler
                0x000001ec                ADC0_IRQHandler
                0x000001ec                UsageFault_Handler
                0x000001ec                WDOG1_IRQHandler
                0x000001ec                LEUART0_IRQHandler
                0x000001ec                FPUEH_IRQHandler
                0x000001ec                WTIMER1_IRQHandler
                0x000001ec                GPIO_EVEN_IRQHandler
                0x000001ec                VDAC0_IRQHandler
                0x000001ec                LDMA_IRQHandler
                0x000001ec                CSEN_IRQHandler
                0x000001ec                CRYPTO1_IRQHandler
                0x000001ec                TIMER0_IRQHandler
                0x000001ec                DebugMon_Handler
                0x000001ec                PCNT2_IRQHandler
                0x000001ec                LETIMER0_IRQHandler
                0x000001ec                TIMER1_IRQHandler
                0x000001ec                TRNG0_IRQHandler
                0x000001ec                USART2_RX_IRQHandler
                0x000001ec                Default_Handler
                0x000001ec                EMU_IRQHandler
                0x000001ec                CRYOTIMER_IRQHandler
                0x000001ec                PCNT0_IRQHandler
                0x000001ec                PCNT1_IRQHandler
                0x000001ec                ACMP0_IRQHandler
                0x000001ec                MemManage_Handler
                0x000001ec                SVC_Handler
                0x000001ec                USART3_RX_IRQHandler
                0x000001ec                RTCC_IRQHandler
                0x000001ec                CMU_IRQHandler
                0x000001ec                LESENSE_IRQHandler
                0x000001ec                GPIO_ODD_IRQHandler
                0x000001ec                USART3_TX_IRQHandler
                0x000001ec                BusFault_Handler
                0x000001ec                USART2_TX_IRQHandler
                0x000001ec                IDAC0_IRQHandler
 .text.SystemCoreClockGet
                0x000001f0       0x40 ./CMSIS/EFM32PG12B/system_efm32pg12b.o
                0x000001f0                SystemCoreClockGet
 .text.SystemMaxCoreClockGet
                0x00000230       0x14 ./CMSIS/EFM32PG12B/system_efm32pg12b.o
                0x00000230                SystemMaxCoreClockGet
 .text.SystemHFClockGet
                0x00000244       0x70 ./CMSIS/EFM32PG12B/system_efm32pg12b.o
                0x00000244                SystemHFClockGet
 .text.SystemHFXOClockGet
                0x000002b4       0x18 ./CMSIS/EFM32PG12B/system_efm32pg12b.o
                0x000002b4                SystemHFXOClockGet
 .text.SystemInit
                0x000002cc       0x2c ./CMSIS/EFM32PG12B/system_efm32pg12b.o
                0x000002cc                SystemInit
 .text.SystemLFRCOClockGet
                0x000002f8       0x12 ./CMSIS/EFM32PG12B/system_efm32pg12b.o
                0x000002f8                SystemLFRCOClockGet
 .text.SystemULFRCOClockGet
                0x0000030a       0x12 ./CMSIS/EFM32PG12B/system_efm32pg12b.o
                0x0000030a                SystemULFRCOClockGet
 .text.SystemLFXOClockGet
                0x0000031c       0x18 ./CMSIS/EFM32PG12B/system_efm32pg12b.o
                0x0000031c                SystemLFXOClockGet
 .text.assertEFM
                0x00000334        0xc ./emlib/em_assert.o
                0x00000334                assertEFM
 .text.BUS_RegBitWrite
                0x00000340       0x2e ./emlib/em_cmu.o
 .text.BUS_RegBitRead
                0x0000036e       0x2a ./emlib/em_cmu.o
 .text.CMU_Log2ToDiv
                0x00000398       0x2c ./emlib/em_cmu.o
 .text.EMU_VScaleWait
                0x000003c4       0x1c ./emlib/em_cmu.o
 .text.EMU_VScaleGet
                0x000003e0       0x1c ./emlib/em_cmu.o
 .text.setHfLeConfig
                0x000003fc       0x64 ./emlib/em_cmu.o
 .text.auxClkGet
                0x00000460       0x20 ./emlib/em_cmu.o
 .text.hfSrcClkGet
                0x00000480       0x2c ./emlib/em_cmu.o
 .text.dbgClkGet
                0x000004ac       0x4c ./emlib/em_cmu.o
 .text.adcAsyncClkGet
                0x000004f8       0x98 ./emlib/em_cmu.o
 .text.flashWaitStateControl
                0x00000590       0x98 ./emlib/em_cmu.o
 .text.flashWaitStateMax
                0x00000628       0x44 ./emlib/em_cmu.o
 .text.CMU_UpdateWaitStates
                0x0000066c       0x40 ./emlib/em_cmu.o
                0x0000066c                CMU_UpdateWaitStates
 .text.getRegIshUpperVal
                0x000006ac       0x36 ./emlib/em_cmu.o
 *fill*         0x000006e2        0x2 
 .text.getHfxoTuningMode
                0x000006e4       0x1c ./emlib/em_cmu.o
 .text.setHfxoTuningMode
                0x00000700       0x2c ./emlib/em_cmu.o
 .text.lfClkGet
                0x0000072c      0x114 ./emlib/em_cmu.o
 .text.syncReg  0x00000840       0x38 ./emlib/em_cmu.o
 .text.hfperClkSafePrescaler
                0x00000878        0xe ./emlib/em_cmu.o
 .text.hfperClkOptimizedPrescaler
                0x00000886        0xe ./emlib/em_cmu.o
 .text.CMU_ClockEnable
                0x00000894       0xd8 ./emlib/em_cmu.o
                0x00000894                CMU_ClockEnable
 .text.CMU_ClockFreqGet
                0x0000096c      0x218 ./emlib/em_cmu.o
                0x0000096c                CMU_ClockFreqGet
 .text.CMU_ClockSelectGet
                0x00000b84      0x1c8 ./emlib/em_cmu.o
                0x00000b84                CMU_ClockSelectGet
 .text.CMU_ClockSelectSet
                0x00000d4c      0x350 ./emlib/em_cmu.o
                0x00000d4c                CMU_ClockSelectSet
 .text.CMU_HFRCOBandGet
                0x0000109c       0x18 ./emlib/em_cmu.o
                0x0000109c                CMU_HFRCOBandGet
 .text.CMU_HFXOInit
                0x000010b4      0x104 ./emlib/em_cmu.o
                0x000010b4                CMU_HFXOInit
 .text.CMU_OscillatorEnable
                0x000011b8      0x1bc ./emlib/em_cmu.o
                0x000011b8                CMU_OscillatorEnable
 .text.CMU_OscillatorTuningGet
                0x00001374       0x7c ./emlib/em_cmu.o
                0x00001374                CMU_OscillatorTuningGet
 .text.CMU_OscillatorTuningSet
                0x000013f0      0x154 ./emlib/em_cmu.o
                0x000013f0                CMU_OscillatorTuningSet
 .text.CMU_OscillatorTuningWait
                0x00001544       0xb4 ./emlib/em_cmu.o
                0x00001544                CMU_OscillatorTuningWait
 .text.CMU_OscillatorTuningOptimize
                0x000015f8       0x64 ./emlib/em_cmu.o
                0x000015f8                CMU_OscillatorTuningOptimize
 .text.CORE_EnterAtomic
                0x0000165c       0x20 ./emlib/em_core.o
                0x0000165c                CORE_EnterAtomic
 .text.CORE_ExitAtomic
                0x0000167c       0x1c ./emlib/em_core.o
                0x0000167c                CORE_ExitAtomic
 .text.SystemCoreClockUpdate
                0x00001698        0xc ./emlib/em_emu.o
 .text.BUS_RegBitWrite
                0x000016a4       0x2e ./emlib/em_emu.o
 .text.BUS_RegBitRead
                0x000016d2       0x2a ./emlib/em_emu.o
 .text.EMU_VScaleWait
                0x000016fc       0x1c ./emlib/em_emu.o
 .text.EMU_VScaleGet
                0x00001718       0x1c ./emlib/em_emu.o
 .text.EMU_IntClear
                0x00001734       0x20 ./emlib/em_emu.o
 .text.EMU_IntGet
                0x00001754       0x18 ./emlib/em_emu.o
 .text.CMU_Lock
                0x0000176c       0x1c ./emlib/em_emu.o
 .text.CMU_Unlock
                0x00001788       0x1c ./emlib/em_emu.o
 .text.vScaleEM01Cmd
                0x000017a4       0x22 ./emlib/em_emu.o
 *fill*         0x000017c6        0x2 
 .text.emState  0x000017c8      0x150 ./emlib/em_emu.o
 .text.vScaleDownEM23Setup
                0x00001918       0x50 ./emlib/em_emu.o
 .text.vScaleAfterWakeup
                0x00001968       0x48 ./emlib/em_emu.o
 .text.EMU_EnterEM2
                0x000019b0       0x4c ./emlib/em_emu.o
                0x000019b0                EMU_EnterEM2
 .text.EMU_VScaleEM01ByClock
                0x000019fc       0x70 ./emlib/em_emu.o
                0x000019fc                EMU_VScaleEM01ByClock
 .text.EMU_VScaleEM01
                0x00001a6c       0xa0 ./emlib/em_emu.o
                0x00001a6c                EMU_VScaleEM01
 .text.EMU_EM23Init
                0x00001b0c       0x50 ./emlib/em_emu.o
                0x00001b0c                EMU_EM23Init
 .text.dcdcConstCalibrationLoad
                0x00001b5c       0x10 ./emlib/em_emu.o
 .text.dcdcValidatedConfigSet
                0x00001b6c       0x40 ./emlib/em_emu.o
 .text.currentLimitersUpdate
                0x00001bac      0x124 ./emlib/em_emu.o
 .text.userCurrentLimitsSet
                0x00001cd0       0x30 ./emlib/em_emu.o
 .text.compCtrlSet
                0x00001d00       0x4c ./emlib/em_emu.o
 .text.lpCmpHystCalibrationLoad
                0x00001d4c       0xec ./emlib/em_emu.o
 .text.lpGetDevinfoVrefLowHigh
                0x00001e38      0x164 ./emlib/em_emu.o
 .text.EMU_DCDCModeSet
                0x00001f9c       0xf0 ./emlib/em_emu.o
                0x00001f9c                EMU_DCDCModeSet
 .text.EMU_DCDCInit
                0x0000208c      0x1c8 ./emlib/em_emu.o
                0x0000208c                EMU_DCDCInit
 .text.EMU_DCDCOutputVoltageSet
                0x00002254      0x2d8 ./emlib/em_emu.o
                0x00002254                EMU_DCDCOutputVoltageSet
 .text.EMU_DCDCOptimizeSlice
                0x0000252c       0xe8 ./emlib/em_emu.o
                0x0000252c                EMU_DCDCOptimizeSlice
 .text.EMU_DCDCLnRcoBandSet
                0x00002614       0x64 ./emlib/em_emu.o
                0x00002614                EMU_DCDCLnRcoBandSet
 .text.BUS_RegMaskedSet
                0x00002678       0x24 ./emlib/em_gpio.o
 .text.BUS_RegMaskedClear
                0x0000269c       0x24 ./emlib/em_gpio.o
 .text.BUS_RegMaskedWrite
                0x000026c0       0x24 ./emlib/em_gpio.o
 .text.GPIO_PinOutClear
                0x000026e4       0xd0 ./emlib/em_gpio.o
 .text.GPIO_PinOutSet
                0x000027b4       0xd0 ./emlib/em_gpio.o
 .text.GPIO_DriveStrengthSet
                0x00002884       0x8c ./emlib/em_gpio.o
                0x00002884                GPIO_DriveStrengthSet
 .text.GPIO_PinModeSet
                0x00002910      0x18c ./emlib/em_gpio.o
                0x00002910                GPIO_PinModeSet
 .text.prsRxInput
                0x00002a9c       0x26 ./emlib/em_usart.o
 *fill*         0x00002ac2        0x2 
 .text.USART_BaudrateAsyncSet
                0x00002ac4      0x13c ./emlib/em_usart.o
                0x00002ac4                USART_BaudrateAsyncSet
 .text.USART_Enable
                0x00002c00       0x70 ./emlib/em_usart.o
                0x00002c00                USART_Enable
 .text.USART_InitAsync
                0x00002c70       0xf8 ./emlib/em_usart.o
                0x00002c70                USART_InitAsync
 .text.USART_Reset
                0x00002d68       0xdc ./emlib/em_usart.o
                0x00002d68                USART_Reset
 .text.USART_Rx
                0x00002e44       0x28 ./emlib/em_usart.o
                0x00002e44                USART_Rx
 .text.USART_Tx
                0x00002e6c       0x2c ./emlib/em_usart.o
                0x00002e6c                USART_Tx
 .text._close   0x00002e98       0x16 ./serial/retargetio.o
                0x00002e98                _close
 .text._exit    0x00002eae        0xa ./serial/retargetio.o
                0x00002eae                _exit
 .text._fstat   0x00002eb8       0x20 ./serial/retargetio.o
                0x00002eb8                _fstat
 .text._isatty  0x00002ed8       0x16 ./serial/retargetio.o
                0x00002ed8                _isatty
 .text._lseek   0x00002eee       0x1a ./serial/retargetio.o
                0x00002eee                _lseek
 .text._read    0x00002f08       0x56 ./serial/retargetio.o
                0x00002f08                _read
 *fill*         0x00002f5e        0x2 
 .text._sbrk    0x00002f60       0x40 ./serial/retargetio.o
                0x00002f60                _sbrk
 .text._write   0x00002fa0       0x38 ./serial/retargetio.o
                0x00002fa0                _write
 .text.__NVIC_EnableIRQ
                0x00002fd8       0x3c ./serial/retargetserial.o
 .text.__NVIC_ClearPendingIRQ
                0x00003014       0x3c ./serial/retargetserial.o
 .text.USART_IntClear
                0x00003050       0x1c ./serial/retargetserial.o
 .text.USART_IntDisable
                0x0000306c       0x24 ./serial/retargetserial.o
 .text.USART_IntEnable
                0x00003090       0x22 ./serial/retargetserial.o
 *fill*         0x000030b2        0x2 
 .text.disableRxInterrupt
                0x000030b4       0x14 ./serial/retargetserial.o
 .text.enableRxInterrupt
                0x000030c8       0x14 ./serial/retargetserial.o
 .text.USART0_RX_IRQHandler
                0x000030dc       0x68 ./serial/retargetserial.o
                0x000030dc                USART0_RX_IRQHandler
 .text.RETARGET_SerialCrLf
                0x00003144       0x2c ./serial/retargetserial.o
                0x00003144                RETARGET_SerialCrLf
 .text.RETARGET_SerialInit
                0x00003170       0xdc ./serial/retargetserial.o
                0x00003170                RETARGET_SerialInit
 .text.RETARGET_ReadChar
                0x0000324c       0x80 ./serial/retargetserial.o
                0x0000324c                RETARGET_ReadChar
 .text.RETARGET_WriteChar
                0x000032cc       0x54 ./serial/retargetserial.o
                0x000032cc                RETARGET_WriteChar
 .text.app_peripheral_setup
                0x00003320       0x10 ./src/Source_files/app.o
                0x00003320                app_peripheral_setup
 .text.cmu_open
                0x00003330       0x14 ./src/Source_files/cmu.o
                0x00003330                cmu_open
 .text.gpio_open
                0x00003344       0x3c ./src/Source_files/gpio.o
                0x00003344                gpio_open
 .text.letimer_start
                0x00003380       0x18 ./src/Source_files/letimer.o
                0x00003380                letimer_start
 .text.SYSTEM_GetProdRev
                0x00003398       0x1c ./src/main.o
 .text.CHIP_Init
                0x000033b4       0x74 ./src/main.o
 .text.main     0x00003428       0x9c ./src/main.o
                0x00003428                main
 .text.exit     0x000034c4       0x28 c:/siliconlabs/simplicitystudio/v4/developer/toolchains/gnu_arm/7.2_2017q4/bin/../lib/gcc/arm-none-eabi/7.2.1/../../../../arm-none-eabi/lib/thumb/v7e-m/fpv4-sp/softfp\libc_nano.a(lib_a-exit.o)
                0x000034c4                exit
 .text.__libc_init_array
                0x000034ec       0x48 c:/siliconlabs/simplicitystudio/v4/developer/toolchains/gnu_arm/7.2_2017q4/bin/../lib/gcc/arm-none-eabi/7.2.1/../../../../arm-none-eabi/lib/thumb/v7e-m/fpv4-sp/softfp\libc_nano.a(lib_a-init.o)
                0x000034ec                __libc_init_array
 .text.memset   0x00003534       0x10 c:/siliconlabs/simplicitystudio/v4/developer/toolchains/gnu_arm/7.2_2017q4/bin/../lib/gcc/arm-none-eabi/7.2.1/../../../../arm-none-eabi/lib/thumb/v7e-m/fpv4-sp/softfp\libc_nano.a(lib_a-memset.o)
                0x00003534                memset
 .text._puts_r  0x00003544       0xb8 c:/siliconlabs/simplicitystudio/v4/developer/toolchains/gnu_arm/7.2_2017q4/bin/../lib/gcc/arm-none-eabi/7.2.1/../../../../arm-none-eabi/lib/thumb/v7e-m/fpv4-sp/softfp\libc_nano.a(lib_a-puts.o)
                0x00003544                _puts_r
 .text.puts     0x000035fc       0x10 c:/siliconlabs/simplicitystudio/v4/developer/toolchains/gnu_arm/7.2_2017q4/bin/../lib/gcc/arm-none-eabi/7.2.1/../../../../arm-none-eabi/lib/thumb/v7e-m/fpv4-sp/softfp\libc_nano.a(lib_a-puts.o)
                0x000035fc                puts
 .text.setvbuf  0x0000360c      0x15c c:/siliconlabs/simplicitystudio/v4/developer/toolchains/gnu_arm/7.2_2017q4/bin/../lib/gcc/arm-none-eabi/7.2.1/../../../../arm-none-eabi/lib/thumb/v7e-m/fpv4-sp/softfp\libc_nano.a(lib_a-setvbuf.o)
                0x0000360c                setvbuf
 .text.__swbuf_r
                0x00003768       0xa4 c:/siliconlabs/simplicitystudio/v4/developer/toolchains/gnu_arm/7.2_2017q4/bin/../lib/gcc/arm-none-eabi/7.2.1/../../../../arm-none-eabi/lib/thumb/v7e-m/fpv4-sp/softfp\libc_nano.a(lib_a-wbuf.o)
                0x00003768                __swbuf_r
 .text.__swsetup_r
                0x0000380c       0xdc c:/siliconlabs/simplicitystudio/v4/developer/toolchains/gnu_arm/7.2_2017q4/bin/../lib/gcc/arm-none-eabi/7.2.1/../../../../arm-none-eabi/lib/thumb/v7e-m/fpv4-sp/softfp\libc_nano.a(lib_a-wsetup.o)
                0x0000380c                __swsetup_r
 .text.__sflush_r
                0x000038e8      0x10c c:/siliconlabs/simplicitystudio/v4/developer/toolchains/gnu_arm/7.2_2017q4/bin/../lib/gcc/arm-none-eabi/7.2.1/../../../../arm-none-eabi/lib/thumb/v7e-m/fpv4-sp/softfp\libc_nano.a(lib_a-fflush.o)
                0x000038e8                __sflush_r
 .text._fflush_r
                0x000039f4       0x54 c:/siliconlabs/simplicitystudio/v4/developer/toolchains/gnu_arm/7.2_2017q4/bin/../lib/gcc/arm-none-eabi/7.2.1/../../../../arm-none-eabi/lib/thumb/v7e-m/fpv4-sp/softfp\libc_nano.a(lib_a-fflush.o)
                0x000039f4                _fflush_r
 .text.std      0x00003a48       0x48 c:/siliconlabs/simplicitystudio/v4/developer/toolchains/gnu_arm/7.2_2017q4/bin/../lib/gcc/arm-none-eabi/7.2.1/../../../../arm-none-eabi/lib/thumb/v7e-m/fpv4-sp/softfp\libc_nano.a(lib_a-findfp.o)
 .text._cleanup_r
                0x00003a90        0xc c:/siliconlabs/simplicitystudio/v4/developer/toolchains/gnu_arm/7.2_2017q4/bin/../lib/gcc/arm-none-eabi/7.2.1/../../../../arm-none-eabi/lib/thumb/v7e-m/fpv4-sp/softfp\libc_nano.a(lib_a-findfp.o)
                0x00003a90                _cleanup_r
 .text.__sfmoreglue
                0x00003a9c       0x2c c:/siliconlabs/simplicitystudio/v4/developer/toolchains/gnu_arm/7.2_2017q4/bin/../lib/gcc/arm-none-eabi/7.2.1/../../../../arm-none-eabi/lib/thumb/v7e-m/fpv4-sp/softfp\libc_nano.a(lib_a-findfp.o)
                0x00003a9c                __sfmoreglue
 .text.__sinit  0x00003ac8       0x60 c:/siliconlabs/simplicitystudio/v4/developer/toolchains/gnu_arm/7.2_2017q4/bin/../lib/gcc/arm-none-eabi/7.2.1/../../../../arm-none-eabi/lib/thumb/v7e-m/fpv4-sp/softfp\libc_nano.a(lib_a-findfp.o)
                0x00003ac8                __sinit
 .text.__sfp    0x00003b28       0x78 c:/siliconlabs/simplicitystudio/v4/developer/toolchains/gnu_arm/7.2_2017q4/bin/../lib/gcc/arm-none-eabi/7.2.1/../../../../arm-none-eabi/lib/thumb/v7e-m/fpv4-sp/softfp\libc_nano.a(lib_a-findfp.o)
                0x00003b28                __sfp
 .text._fwalk_reent
                0x00003ba0       0x3c c:/siliconlabs/simplicitystudio/v4/developer/toolchains/gnu_arm/7.2_2017q4/bin/../lib/gcc/arm-none-eabi/7.2.1/../../../../arm-none-eabi/lib/thumb/v7e-m/fpv4-sp/softfp\libc_nano.a(lib_a-fwalk.o)
                0x00003ba0                _fwalk_reent
 .text.__swhatbuf_r
                0x00003bdc       0x48 c:/siliconlabs/simplicitystudio/v4/developer/toolchains/gnu_arm/7.2_2017q4/bin/../lib/gcc/arm-none-eabi/7.2.1/../../../../arm-none-eabi/lib/thumb/v7e-m/fpv4-sp/softfp\libc_nano.a(lib_a-makebuf.o)
                0x00003bdc                __swhatbuf_r
 .text.__smakebuf_r
                0x00003c24       0x80 c:/siliconlabs/simplicitystudio/v4/developer/toolchains/gnu_arm/7.2_2017q4/bin/../lib/gcc/arm-none-eabi/7.2.1/../../../../arm-none-eabi/lib/thumb/v7e-m/fpv4-sp/softfp\libc_nano.a(lib_a-makebuf.o)
                0x00003c24                __smakebuf_r
 .text.malloc   0x00003ca4       0x10 c:/siliconlabs/simplicitystudio/v4/developer/toolchains/gnu_arm/7.2_2017q4/bin/../lib/gcc/arm-none-eabi/7.2.1/../../../../arm-none-eabi/lib/thumb/v7e-m/fpv4-sp/softfp\libc_nano.a(lib_a-malloc.o)
                0x00003ca4                malloc
 .text._free_r  0x00003cb4       0x9c c:/siliconlabs/simplicitystudio/v4/developer/toolchains/gnu_arm/7.2_2017q4/bin/../lib/gcc/arm-none-eabi/7.2.1/../../../../arm-none-eabi/lib/thumb/v7e-m/fpv4-sp/softfp\libc_nano.a(lib_a-nano-freer.o)
                0x00003cb4                _free_r
 .text._malloc_r
                0x00003d50       0xb4 c:/siliconlabs/simplicitystudio/v4/developer/toolchains/gnu_arm/7.2_2017q4/bin/../lib/gcc/arm-none-eabi/7.2.1/../../../../arm-none-eabi/lib/thumb/v7e-m/fpv4-sp/softfp\libc_nano.a(lib_a-nano-mallocr.o)
                0x00003d50                _malloc_r
 .text._sbrk_r  0x00003e04       0x20 c:/siliconlabs/simplicitystudio/v4/developer/toolchains/gnu_arm/7.2_2017q4/bin/../lib/gcc/arm-none-eabi/7.2.1/../../../../arm-none-eabi/lib/thumb/v7e-m/fpv4-sp/softfp\libc_nano.a(lib_a-sbrkr.o)
                0x00003e04                _sbrk_r
 .text.__sread  0x00003e24       0x22 c:/siliconlabs/simplicitystudio/v4/developer/toolchains/gnu_arm/7.2_2017q4/bin/../lib/gcc/arm-none-eabi/7.2.1/../../../../arm-none-eabi/lib/thumb/v7e-m/fpv4-sp/softfp\libc_nano.a(lib_a-stdio.o)
                0x00003e24                __sread
 .text.__swrite
                0x00003e46       0x38 c:/siliconlabs/simplicitystudio/v4/developer/toolchains/gnu_arm/7.2_2017q4/bin/../lib/gcc/arm-none-eabi/7.2.1/../../../../arm-none-eabi/lib/thumb/v7e-m/fpv4-sp/softfp\libc_nano.a(lib_a-stdio.o)
                0x00003e46                __swrite
 .text.__sseek  0x00003e7e       0x24 c:/siliconlabs/simplicitystudio/v4/developer/toolchains/gnu_arm/7.2_2017q4/bin/../lib/gcc/arm-none-eabi/7.2.1/../../../../arm-none-eabi/lib/thumb/v7e-m/fpv4-sp/softfp\libc_nano.a(lib_a-stdio.o)
                0x00003e7e                __sseek
 .text.__sclose
                0x00003ea2        0x8 c:/siliconlabs/simplicitystudio/v4/developer/toolchains/gnu_arm/7.2_2017q4/bin/../lib/gcc/arm-none-eabi/7.2.1/../../../../arm-none-eabi/lib/thumb/v7e-m/fpv4-sp/softfp\libc_nano.a(lib_a-stdio.o)
                0x00003ea2                __sclose
 *fill*         0x00003eaa        0x2 
 .text._write_r
                0x00003eac       0x24 c:/siliconlabs/simplicitystudio/v4/developer/toolchains/gnu_arm/7.2_2017q4/bin/../lib/gcc/arm-none-eabi/7.2.1/../../../../arm-none-eabi/lib/thumb/v7e-m/fpv4-sp/softfp\libc_nano.a(lib_a-writer.o)
                0x00003eac                _write_r
 .text._close_r
                0x00003ed0       0x20 c:/siliconlabs/simplicitystudio/v4/developer/toolchains/gnu_arm/7.2_2017q4/bin/../lib/gcc/arm-none-eabi/7.2.1/../../../../arm-none-eabi/lib/thumb/v7e-m/fpv4-sp/softfp\libc_nano.a(lib_a-closer.o)
                0x00003ed0                _close_r
 .text._fstat_r
                0x00003ef0       0x24 c:/siliconlabs/simplicitystudio/v4/developer/toolchains/gnu_arm/7.2_2017q4/bin/../lib/gcc/arm-none-eabi/7.2.1/../../../../arm-none-eabi/lib/thumb/v7e-m/fpv4-sp/softfp\libc_nano.a(lib_a-fstatr.o)
                0x00003ef0                _fstat_r
 .text._isatty_r
                0x00003f14       0x20 c:/siliconlabs/simplicitystudio/v4/developer/toolchains/gnu_arm/7.2_2017q4/bin/../lib/gcc/arm-none-eabi/7.2.1/../../../../arm-none-eabi/lib/thumb/v7e-m/fpv4-sp/softfp\libc_nano.a(lib_a-isattyr.o)
                0x00003f14                _isatty_r
 .text._lseek_r
                0x00003f34       0x24 c:/siliconlabs/simplicitystudio/v4/developer/toolchains/gnu_arm/7.2_2017q4/bin/../lib/gcc/arm-none-eabi/7.2.1/../../../../arm-none-eabi/lib/thumb/v7e-m/fpv4-sp/softfp\libc_nano.a(lib_a-lseekr.o)
                0x00003f34                _lseek_r
 .text.__malloc_lock
                0x00003f58        0x2 c:/siliconlabs/simplicitystudio/v4/developer/toolchains/gnu_arm/7.2_2017q4/bin/../lib/gcc/arm-none-eabi/7.2.1/../../../../arm-none-eabi/lib/thumb/v7e-m/fpv4-sp/softfp\libc_nano.a(lib_a-mlock.o)
                0x00003f58                __malloc_lock
 .text.__malloc_unlock
                0x00003f5a        0x2 c:/siliconlabs/simplicitystudio/v4/developer/toolchains/gnu_arm/7.2_2017q4/bin/../lib/gcc/arm-none-eabi/7.2.1/../../../../arm-none-eabi/lib/thumb/v7e-m/fpv4-sp/softfp\libc_nano.a(lib_a-mlock.o)
                0x00003f5a                __malloc_unlock
 .text._read_r  0x00003f5c       0x24 c:/siliconlabs/simplicitystudio/v4/developer/toolchains/gnu_arm/7.2_2017q4/bin/../lib/gcc/arm-none-eabi/7.2.1/../../../../arm-none-eabi/lib/thumb/v7e-m/fpv4-sp/softfp\libc_nano.a(lib_a-readr.o)
                0x00003f5c                _read_r
 *(.init)
 .init          0x00003f80        0x4 c:/siliconlabs/simplicitystudio/v4/developer/toolchains/gnu_arm/7.2_2017q4/bin/../lib/gcc/arm-none-eabi/7.2.1/thumb/v7e-m/fpv4-sp/softfp/crti.o
                0x00003f80                _init
 .init          0x00003f84        0x8 c:/siliconlabs/simplicitystudio/v4/developer/toolchains/gnu_arm/7.2_2017q4/bin/../lib/gcc/arm-none-eabi/7.2.1/thumb/v7e-m/fpv4-sp/softfp/crtn.o
 *(.fini)
 .fini          0x00003f8c        0x4 c:/siliconlabs/simplicitystudio/v4/developer/toolchains/gnu_arm/7.2_2017q4/bin/../lib/gcc/arm-none-eabi/7.2.1/thumb/v7e-m/fpv4-sp/softfp/crti.o
                0x00003f8c                _fini
 .fini          0x00003f90        0x8 c:/siliconlabs/simplicitystudio/v4/developer/toolchains/gnu_arm/7.2_2017q4/bin/../lib/gcc/arm-none-eabi/7.2.1/thumb/v7e-m/fpv4-sp/softfp/crtn.o
 *crtbegin.o(.ctors)
 *crtbegin?.o(.ctors)
 *(EXCLUDE_FILE(*crtend.o *crtend?.o) .ctors)
 *(SORT_BY_NAME(.ctors.*))
 *(.ctors)
 *crtbegin.o(.dtors)
 *crtbegin?.o(.dtors)
 *(EXCLUDE_FILE(*crtend.o *crtend?.o) .dtors)
 *(SORT_BY_NAME(.dtors.*))
 *(.dtors)
 *(.rodata*)
 .rodata        0x00003f98       0x76 ./emlib/em_cmu.o
 *fill*         0x0000400e        0x2 
 .rodata.flashWsTable
                0x00004010       0x28 ./emlib/em_cmu.o
 .rodata        0x00004038       0x12 ./emlib/em_emu.o
 *fill*         0x0000404a        0x2 
 .rodata        0x0000404c       0x77 ./emlib/em_gpio.o
 *fill*         0x000040c3        0x1 
 .rodata        0x000040c4       0x14 ./emlib/em_usart.o
 .rodata        0x000040d8       0x1c ./serial/retargetserial.o
 .rodata        0x000040f4       0x4a ./src/main.o
 *fill*         0x0000413e        0x2 
 .rodata._global_impure_ptr
                0x00004140        0x4 c:/siliconlabs/simplicitystudio/v4/developer/toolchains/gnu_arm/7.2_2017q4/bin/../lib/gcc/arm-none-eabi/7.2.1/../../../../arm-none-eabi/lib/thumb/v7e-m/fpv4-sp/softfp\libc_nano.a(lib_a-impure.o)
                0x00004140                _global_impure_ptr
 .rodata.__sf_fake_stderr
                0x00004144       0x20 c:/siliconlabs/simplicitystudio/v4/developer/toolchains/gnu_arm/7.2_2017q4/bin/../lib/gcc/arm-none-eabi/7.2.1/../../../../arm-none-eabi/lib/thumb/v7e-m/fpv4-sp/softfp\libc_nano.a(lib_a-findfp.o)
                0x00004144                __sf_fake_stderr
 .rodata.__sf_fake_stdin
                0x00004164       0x20 c:/siliconlabs/simplicitystudio/v4/developer/toolchains/gnu_arm/7.2_2017q4/bin/../lib/gcc/arm-none-eabi/7.2.1/../../../../arm-none-eabi/lib/thumb/v7e-m/fpv4-sp/softfp\libc_nano.a(lib_a-findfp.o)
                0x00004164                __sf_fake_stdin
 .rodata.__sf_fake_stdout
                0x00004184       0x20 c:/siliconlabs/simplicitystudio/v4/developer/toolchains/gnu_arm/7.2_2017q4/bin/../lib/gcc/arm-none-eabi/7.2.1/../../../../arm-none-eabi/lib/thumb/v7e-m/fpv4-sp/softfp\libc_nano.a(lib_a-findfp.o)
                0x00004184                __sf_fake_stdout
 *(.eh_frame*)
 .eh_frame      0x000041a4        0x0 c:/siliconlabs/simplicitystudio/v4/developer/toolchains/gnu_arm/7.2_2017q4/bin/../lib/gcc/arm-none-eabi/7.2.1/thumb/v7e-m/fpv4-sp/softfp/crtbegin.o
 .eh_frame      0x000041a4        0x4 c:/siliconlabs/simplicitystudio/v4/developer/toolchains/gnu_arm/7.2_2017q4/bin/../lib/gcc/arm-none-eabi/7.2.1/thumb/v7e-m/fpv4-sp/softfp/crtend.o

.glue_7         0x000041a8        0x0
 .glue_7        0x000041a8        0x0 linker stubs

.glue_7t        0x000041a8        0x0
 .glue_7t       0x000041a8        0x0 linker stubs

.vfp11_veneer   0x000041a8        0x0
 .vfp11_veneer  0x000041a8        0x0 linker stubs

.v4_bx          0x000041a8        0x0
 .v4_bx         0x000041a8        0x0 linker stubs

.iplt           0x000041a8        0x0
 .iplt          0x000041a8        0x0 c:/siliconlabs/simplicitystudio/v4/developer/toolchains/gnu_arm/7.2_2017q4/bin/../lib/gcc/arm-none-eabi/7.2.1/thumb/v7e-m/fpv4-sp/softfp/crtbegin.o

.ARM.extab
 *(.ARM.extab* .gnu.linkonce.armextab.*)
                0x000041a8                __exidx_start = .

.ARM.exidx      0x000041a8        0x8
 *(.ARM.exidx* .gnu.linkonce.armexidx.*)
 .ARM.exidx     0x000041a8        0x8 c:/siliconlabs/simplicitystudio/v4/developer/toolchains/gnu_arm/7.2_2017q4/bin/../lib/gcc/arm-none-eabi/7.2.1/../../../../arm-none-eabi/lib/thumb/v7e-m/fpv4-sp/softfp/crt0.o
                0x000041b0                __exidx_end = .
                0x000041b0                __etext = .

.rel.dyn        0x000041b0        0x0
 .rel.iplt      0x000041b0        0x0 c:/siliconlabs/simplicitystudio/v4/developer/toolchains/gnu_arm/7.2_2017q4/bin/../lib/gcc/arm-none-eabi/7.2.1/thumb/v7e-m/fpv4-sp/softfp/crtbegin.o

.data           0x20000000       0x80 load address 0x000041b0
                0x20000000                __data_start__ = .
 *(vtable)
 *(.data*)
 .data.SystemHFXOClock
                0x20000000        0x4 ./CMSIS/EFM32PG12B/system_efm32pg12b.o
 .data.SystemLFXOClock
                0x20000004        0x4 ./CMSIS/EFM32PG12B/system_efm32pg12b.o
 .data.SystemCoreClock
                0x20000008        0x4 ./CMSIS/EFM32PG12B/system_efm32pg12b.o
                0x20000008                SystemCoreClock
 .data.SystemHfrcoFreq
                0x2000000c        0x4 ./CMSIS/EFM32PG12B/system_efm32pg12b.o
                0x2000000c                SystemHfrcoFreq
 .data.auxHfrcoFreq
                0x20000010        0x4 ./emlib/em_cmu.o
 .data._impure_ptr
                0x20000014        0x4 c:/siliconlabs/simplicitystudio/v4/developer/toolchains/gnu_arm/7.2_2017q4/bin/../lib/gcc/arm-none-eabi/7.2.1/../../../../arm-none-eabi/lib/thumb/v7e-m/fpv4-sp/softfp\libc_nano.a(lib_a-impure.o)
                0x20000014                _impure_ptr
 .data.impure_data
                0x20000018       0x60 c:/siliconlabs/simplicitystudio/v4/developer/toolchains/gnu_arm/7.2_2017q4/bin/../lib/gcc/arm-none-eabi/7.2.1/../../../../arm-none-eabi/lib/thumb/v7e-m/fpv4-sp/softfp\libc_nano.a(lib_a-impure.o)
                0x20000078                . = ALIGN (0x4)
 *(.ram)
                0x20000078                . = ALIGN (0x4)
                0x20000078                PROVIDE (__preinit_array_start, .)
 *(.preinit_array)
                0x20000078                PROVIDE (__preinit_array_end, .)
                0x20000078                . = ALIGN (0x4)
                0x20000078                PROVIDE (__init_array_start, .)
 *(SORT_BY_NAME(.init_array.*))
 *(.init_array)
 .init_array    0x20000078        0x4 c:/siliconlabs/simplicitystudio/v4/developer/toolchains/gnu_arm/7.2_2017q4/bin/../lib/gcc/arm-none-eabi/7.2.1/thumb/v7e-m/fpv4-sp/softfp/crtbegin.o
                0x2000007c                PROVIDE (__init_array_end, .)
                0x2000007c                . = ALIGN (0x4)
                [!provide]                PROVIDE (__fini_array_start, .)
 *(SORT_BY_NAME(.fini_array.*))
 *(.fini_array)
 .fini_array    0x2000007c        0x4 c:/siliconlabs/simplicitystudio/v4/developer/toolchains/gnu_arm/7.2_2017q4/bin/../lib/gcc/arm-none-eabi/7.2.1/thumb/v7e-m/fpv4-sp/softfp/crtbegin.o
                [!provide]                PROVIDE (__fini_array_end, .)
 *(.jcr*)
                0x20000080                . = ALIGN (0x4)
                0x20000080                __data_end__ = .

.igot.plt       0x20000080        0x0 load address 0x00004230
 .igot.plt      0x20000080        0x0 c:/siliconlabs/simplicitystudio/v4/developer/toolchains/gnu_arm/7.2_2017q4/bin/../lib/gcc/arm-none-eabi/7.2.1/thumb/v7e-m/fpv4-sp/softfp/crtbegin.o

.bss            0x20000080       0x5c load address 0x00004230
                0x20000080                . = ALIGN (0x4)
                0x20000080                __bss_start__ = .
 *(.bss*)
 .bss           0x20000080       0x1c c:/siliconlabs/simplicitystudio/v4/developer/toolchains/gnu_arm/7.2_2017q4/bin/../lib/gcc/arm-none-eabi/7.2.1/thumb/v7e-m/fpv4-sp/softfp/crtbegin.o
 .bss.dcdcMaxCurrent_mA
                0x2000009c        0x2 ./emlib/em_emu.o
 .bss.dcdcEm01LoadCurrent_mA
                0x2000009e        0x2 ./emlib/em_emu.o
 .bss.dcdcReverseCurrentControl
                0x200000a0        0x2 ./emlib/em_emu.o
 *fill*         0x200000a2        0x2 
 .bss.vScaleEM01Config
                0x200000a4        0x1 ./emlib/em_emu.o
 *fill*         0x200000a5        0x3 
 .bss.cmuStatus.8075
                0x200000a8        0x4 ./emlib/em_emu.o
 .bss.hfClock.8076
                0x200000ac        0x1 ./emlib/em_emu.o
 .bss.vScaleStatus.8077
                0x200000ad        0x1 ./emlib/em_emu.o
 *fill*         0x200000ae        0x2 
 .bss.hfrcoCtrl.8078
                0x200000b0        0x4 ./emlib/em_emu.o
 .bss.heap_end.8461
                0x200000b4        0x4 ./serial/retargetio.o
 .bss.rxReadIndex
                0x200000b8        0x4 ./serial/retargetserial.o
 .bss.rxWriteIndex
                0x200000bc        0x4 ./serial/retargetserial.o
 .bss.rxCount   0x200000c0        0x4 ./serial/retargetserial.o
 .bss.rxBuffer  0x200000c4        0x8 ./serial/retargetserial.o
 .bss.LFtoCRLF  0x200000cc        0x1 ./serial/retargetserial.o
 .bss.initialized
                0x200000cd        0x1 ./serial/retargetserial.o
 *fill*         0x200000ce        0x2 
 .bss.__malloc_free_list
                0x200000d0        0x4 c:/siliconlabs/simplicitystudio/v4/developer/toolchains/gnu_arm/7.2_2017q4/bin/../lib/gcc/arm-none-eabi/7.2.1/../../../../arm-none-eabi/lib/thumb/v7e-m/fpv4-sp/softfp\libc_nano.a(lib_a-nano-mallocr.o)
                0x200000d0                __malloc_free_list
 .bss.__malloc_sbrk_start
                0x200000d4        0x4 c:/siliconlabs/simplicitystudio/v4/developer/toolchains/gnu_arm/7.2_2017q4/bin/../lib/gcc/arm-none-eabi/7.2.1/../../../../arm-none-eabi/lib/thumb/v7e-m/fpv4-sp/softfp\libc_nano.a(lib_a-nano-mallocr.o)
                0x200000d4                __malloc_sbrk_start
 *(COMMON)
 COMMON         0x200000d8        0x4 c:/siliconlabs/simplicitystudio/v4/developer/toolchains/gnu_arm/7.2_2017q4/bin/../lib/gcc/arm-none-eabi/7.2.1/../../../../arm-none-eabi/lib/thumb/v7e-m/fpv4-sp/softfp\libc_nano.a(lib_a-reent.o)
                0x200000d8                errno
                0x200000dc                . = ALIGN (0x4)
                0x200000dc                __bss_end__ = .

.heap           0x200000e0      0xc00
                0x200000e0                __HeapBase = .
                0x200000e0                __end__ = .
                0x200000e0                end = __end__
                0x200000e0                _end = __end__
 *(.heap*)
 .heap          0x200000e0      0xc00 ./CMSIS/EFM32PG12B/startup_gcc_efm32pg12b.o
                0x20000ce0                __HeapLimit = .

.stack_dummy    0x200000e0      0x400
 *(.stack*)
 .stack         0x200000e0      0x400 ./CMSIS/EFM32PG12B/startup_gcc_efm32pg12b.o
                0x20040000                __StackTop = (ORIGIN (RAM) + LENGTH (RAM))
                0x2003fc00                __StackLimit = (__StackTop - SIZEOF (.stack_dummy))
                0x20040000                PROVIDE (__stack, __StackTop)
                0x00000001                ASSERT ((__StackLimit >= __HeapLimit), region RAM overflowed with stack)
                0x00000001                ASSERT ((LENGTH (FLASH) >= (__etext + SIZEOF (.data))), FLASH memory overflowed !)
OUTPUT(KG_PWM_SP20_v7.2.axf elf32-littlearm)

.ARM.attributes
                0x00000000       0x2e
 .ARM.attributes
                0x00000000       0x22 c:/siliconlabs/simplicitystudio/v4/developer/toolchains/gnu_arm/7.2_2017q4/bin/../lib/gcc/arm-none-eabi/7.2.1/thumb/v7e-m/fpv4-sp/softfp/crti.o
 .ARM.attributes
                0x00000022       0x32 c:/siliconlabs/simplicitystudio/v4/developer/toolchains/gnu_arm/7.2_2017q4/bin/../lib/gcc/arm-none-eabi/7.2.1/thumb/v7e-m/fpv4-sp/softfp/crtbegin.o
 .ARM.attributes
                0x00000054       0x20 c:/siliconlabs/simplicitystudio/v4/developer/toolchains/gnu_arm/7.2_2017q4/bin/../lib/gcc/arm-none-eabi/7.2.1/../../../../arm-none-eabi/lib/thumb/v7e-m/fpv4-sp/softfp/crt0.o
 .ARM.attributes
                0x00000074       0x1f ./CMSIS/EFM32PG12B/startup_gcc_efm32pg12b.o
 .ARM.attributes
                0x00000093       0x37 ./CMSIS/EFM32PG12B/system_efm32pg12b.o
 .ARM.attributes
                0x000000ca       0x37 ./emlib/em_assert.o
 .ARM.attributes
                0x00000101       0x37 ./emlib/em_cmu.o
 .ARM.attributes
                0x00000138       0x37 ./emlib/em_core.o
 .ARM.attributes
                0x0000016f       0x37 ./emlib/em_emu.o
 .ARM.attributes
                0x000001a6       0x37 ./emlib/em_gpio.o
 .ARM.attributes
                0x000001dd       0x37 ./emlib/em_usart.o
 .ARM.attributes
                0x00000214       0x37 ./serial/retargetio.o
 .ARM.attributes
                0x0000024b       0x37 ./serial/retargetserial.o
 .ARM.attributes
                0x00000282       0x37 ./src/Source_files/app.o
 .ARM.attributes
                0x000002b9       0x37 ./src/Source_files/cmu.o
 .ARM.attributes
                0x000002f0       0x37 ./src/Source_files/gpio.o
 .ARM.attributes
                0x00000327       0x37 ./src/Source_files/letimer.o
 .ARM.attributes
                0x0000035e       0x37 ./src/main.o
 .ARM.attributes
                0x00000395       0x32 c:/siliconlabs/simplicitystudio/v4/developer/toolchains/gnu_arm/7.2_2017q4/bin/../lib/gcc/arm-none-eabi/7.2.1/../../../../arm-none-eabi/lib/thumb/v7e-m/fpv4-sp/softfp\libc_nano.a(lib_a-exit.o)
 .ARM.attributes
                0x000003c7       0x32 c:/siliconlabs/simplicitystudio/v4/developer/toolchains/gnu_arm/7.2_2017q4/bin/../lib/gcc/arm-none-eabi/7.2.1/../../../../arm-none-eabi/lib/thumb/v7e-m/fpv4-sp/softfp\libc_nano.a(lib_a-impure.o)
 .ARM.attributes
                0x000003f9       0x32 c:/siliconlabs/simplicitystudio/v4/developer/toolchains/gnu_arm/7.2_2017q4/bin/../lib/gcc/arm-none-eabi/7.2.1/../../../../arm-none-eabi/lib/thumb/v7e-m/fpv4-sp/softfp\libc_nano.a(lib_a-init.o)
 .ARM.attributes
                0x0000042b       0x32 c:/siliconlabs/simplicitystudio/v4/developer/toolchains/gnu_arm/7.2_2017q4/bin/../lib/gcc/arm-none-eabi/7.2.1/../../../../arm-none-eabi/lib/thumb/v7e-m/fpv4-sp/softfp\libc_nano.a(lib_a-memset.o)
 .ARM.attributes
                0x0000045d       0x32 c:/siliconlabs/simplicitystudio/v4/developer/toolchains/gnu_arm/7.2_2017q4/bin/../lib/gcc/arm-none-eabi/7.2.1/../../../../arm-none-eabi/lib/thumb/v7e-m/fpv4-sp/softfp\libc_nano.a(lib_a-puts.o)
 .ARM.attributes
                0x0000048f       0x32 c:/siliconlabs/simplicitystudio/v4/developer/toolchains/gnu_arm/7.2_2017q4/bin/../lib/gcc/arm-none-eabi/7.2.1/../../../../arm-none-eabi/lib/thumb/v7e-m/fpv4-sp/softfp\libc_nano.a(lib_a-setvbuf.o)
 .ARM.attributes
                0x000004c1       0x32 c:/siliconlabs/simplicitystudio/v4/developer/toolchains/gnu_arm/7.2_2017q4/bin/../lib/gcc/arm-none-eabi/7.2.1/../../../../arm-none-eabi/lib/thumb/v7e-m/fpv4-sp/softfp\libc_nano.a(lib_a-wbuf.o)
 .ARM.attributes
                0x000004f3       0x32 c:/siliconlabs/simplicitystudio/v4/developer/toolchains/gnu_arm/7.2_2017q4/bin/../lib/gcc/arm-none-eabi/7.2.1/../../../../arm-none-eabi/lib/thumb/v7e-m/fpv4-sp/softfp\libc_nano.a(lib_a-wsetup.o)
 .ARM.attributes
                0x00000525       0x32 c:/siliconlabs/simplicitystudio/v4/developer/toolchains/gnu_arm/7.2_2017q4/bin/../lib/gcc/arm-none-eabi/7.2.1/../../../../arm-none-eabi/lib/thumb/v7e-m/fpv4-sp/softfp\libc_nano.a(lib_a-fflush.o)
 .ARM.attributes
                0x00000557       0x32 c:/siliconlabs/simplicitystudio/v4/developer/toolchains/gnu_arm/7.2_2017q4/bin/../lib/gcc/arm-none-eabi/7.2.1/../../../../arm-none-eabi/lib/thumb/v7e-m/fpv4-sp/softfp\libc_nano.a(lib_a-findfp.o)
 .ARM.attributes
                0x00000589       0x32 c:/siliconlabs/simplicitystudio/v4/developer/toolchains/gnu_arm/7.2_2017q4/bin/../lib/gcc/arm-none-eabi/7.2.1/../../../../arm-none-eabi/lib/thumb/v7e-m/fpv4-sp/softfp\libc_nano.a(lib_a-fwalk.o)
 .ARM.attributes
                0x000005bb       0x32 c:/siliconlabs/simplicitystudio/v4/developer/toolchains/gnu_arm/7.2_2017q4/bin/../lib/gcc/arm-none-eabi/7.2.1/../../../../arm-none-eabi/lib/thumb/v7e-m/fpv4-sp/softfp\libc_nano.a(lib_a-makebuf.o)
 .ARM.attributes
                0x000005ed       0x32 c:/siliconlabs/simplicitystudio/v4/developer/toolchains/gnu_arm/7.2_2017q4/bin/../lib/gcc/arm-none-eabi/7.2.1/../../../../arm-none-eabi/lib/thumb/v7e-m/fpv4-sp/softfp\libc_nano.a(lib_a-malloc.o)
 .ARM.attributes
                0x0000061f       0x32 c:/siliconlabs/simplicitystudio/v4/developer/toolchains/gnu_arm/7.2_2017q4/bin/../lib/gcc/arm-none-eabi/7.2.1/../../../../arm-none-eabi/lib/thumb/v7e-m/fpv4-sp/softfp\libc_nano.a(lib_a-nano-freer.o)
 .ARM.attributes
                0x00000651       0x32 c:/siliconlabs/simplicitystudio/v4/developer/toolchains/gnu_arm/7.2_2017q4/bin/../lib/gcc/arm-none-eabi/7.2.1/../../../../arm-none-eabi/lib/thumb/v7e-m/fpv4-sp/softfp\libc_nano.a(lib_a-nano-mallocr.o)
 .ARM.attributes
                0x00000683       0x32 c:/siliconlabs/simplicitystudio/v4/developer/toolchains/gnu_arm/7.2_2017q4/bin/../lib/gcc/arm-none-eabi/7.2.1/../../../../arm-none-eabi/lib/thumb/v7e-m/fpv4-sp/softfp\libc_nano.a(lib_a-sbrkr.o)
 .ARM.attributes
                0x000006b5       0x32 c:/siliconlabs/simplicitystudio/v4/developer/toolchains/gnu_arm/7.2_2017q4/bin/../lib/gcc/arm-none-eabi/7.2.1/../../../../arm-none-eabi/lib/thumb/v7e-m/fpv4-sp/softfp\libc_nano.a(lib_a-stdio.o)
 .ARM.attributes
                0x000006e7       0x32 c:/siliconlabs/simplicitystudio/v4/developer/toolchains/gnu_arm/7.2_2017q4/bin/../lib/gcc/arm-none-eabi/7.2.1/../../../../arm-none-eabi/lib/thumb/v7e-m/fpv4-sp/softfp\libc_nano.a(lib_a-writer.o)
 .ARM.attributes
                0x00000719       0x32 c:/siliconlabs/simplicitystudio/v4/developer/toolchains/gnu_arm/7.2_2017q4/bin/../lib/gcc/arm-none-eabi/7.2.1/../../../../arm-none-eabi/lib/thumb/v7e-m/fpv4-sp/softfp\libc_nano.a(lib_a-closer.o)
 .ARM.attributes
                0x0000074b       0x32 c:/siliconlabs/simplicitystudio/v4/developer/toolchains/gnu_arm/7.2_2017q4/bin/../lib/gcc/arm-none-eabi/7.2.1/../../../../arm-none-eabi/lib/thumb/v7e-m/fpv4-sp/softfp\libc_nano.a(lib_a-fstatr.o)
 .ARM.attributes
                0x0000077d       0x32 c:/siliconlabs/simplicitystudio/v4/developer/toolchains/gnu_arm/7.2_2017q4/bin/../lib/gcc/arm-none-eabi/7.2.1/../../../../arm-none-eabi/lib/thumb/v7e-m/fpv4-sp/softfp\libc_nano.a(lib_a-isattyr.o)
 .ARM.attributes
                0x000007af       0x32 c:/siliconlabs/simplicitystudio/v4/developer/toolchains/gnu_arm/7.2_2017q4/bin/../lib/gcc/arm-none-eabi/7.2.1/../../../../arm-none-eabi/lib/thumb/v7e-m/fpv4-sp/softfp\libc_nano.a(lib_a-lseekr.o)
 .ARM.attributes
                0x000007e1       0x32 c:/siliconlabs/simplicitystudio/v4/developer/toolchains/gnu_arm/7.2_2017q4/bin/../lib/gcc/arm-none-eabi/7.2.1/../../../../arm-none-eabi/lib/thumb/v7e-m/fpv4-sp/softfp\libc_nano.a(lib_a-mlock.o)
 .ARM.attributes
                0x00000813       0x32 c:/siliconlabs/simplicitystudio/v4/developer/toolchains/gnu_arm/7.2_2017q4/bin/../lib/gcc/arm-none-eabi/7.2.1/../../../../arm-none-eabi/lib/thumb/v7e-m/fpv4-sp/softfp\libc_nano.a(lib_a-readr.o)
 .ARM.attributes
                0x00000845       0x32 c:/siliconlabs/simplicitystudio/v4/developer/toolchains/gnu_arm/7.2_2017q4/bin/../lib/gcc/arm-none-eabi/7.2.1/../../../../arm-none-eabi/lib/thumb/v7e-m/fpv4-sp/softfp\libc_nano.a(lib_a-reent.o)
 .ARM.attributes
                0x00000877       0x32 c:/siliconlabs/simplicitystudio/v4/developer/toolchains/gnu_arm/7.2_2017q4/bin/../lib/gcc/arm-none-eabi/7.2.1/thumb/v7e-m/fpv4-sp/softfp/crtend.o
 .ARM.attributes
                0x000008a9       0x22 c:/siliconlabs/simplicitystudio/v4/developer/toolchains/gnu_arm/7.2_2017q4/bin/../lib/gcc/arm-none-eabi/7.2.1/thumb/v7e-m/fpv4-sp/softfp/crtn.o

.comment        0x00000000       0x7e
 .comment       0x00000000       0x7e ./CMSIS/EFM32PG12B/system_efm32pg12b.o
                                 0x7f (size before relaxing)
 .comment       0x0000007e       0x7f ./emlib/em_assert.o
 .comment       0x0000007e       0x7f ./emlib/em_cmu.o
 .comment       0x0000007e       0x7f ./emlib/em_core.o
 .comment       0x0000007e       0x7f ./emlib/em_emu.o
 .comment       0x0000007e       0x7f ./emlib/em_gpio.o
 .comment       0x0000007e       0x7f ./emlib/em_usart.o
 .comment       0x0000007e       0x7f ./serial/retargetio.o
 .comment       0x0000007e       0x7f ./serial/retargetserial.o
 .comment       0x0000007e       0x7f ./src/Source_files/app.o
 .comment       0x0000007e       0x7f ./src/Source_files/cmu.o
 .comment       0x0000007e       0x7f ./src/Source_files/gpio.o
 .comment       0x0000007e       0x7f ./src/Source_files/letimer.o
 .comment       0x0000007e       0x7f ./src/main.o

.debug_line     0x00000000     0x9b88
 .debug_line    0x00000000       0x78 ./CMSIS/EFM32PG12B/startup_gcc_efm32pg12b.o
 .debug_line    0x00000078      0x8a1 ./CMSIS/EFM32PG12B/system_efm32pg12b.o
 .debug_line    0x00000919      0x12f ./emlib/em_assert.o
 .debug_line    0x00000a48     0x1415 ./emlib/em_cmu.o
 .debug_line    0x00001e5d      0xbec ./emlib/em_core.o
 .debug_line    0x00002a49     0x136c ./emlib/em_emu.o
 .debug_line    0x00003db5      0xc7a ./emlib/em_gpio.o
 .debug_line    0x00004a2f      0xc77 ./emlib/em_usart.o
 .debug_line    0x000056a6      0x9c5 ./serial/retargetio.o
 .debug_line    0x0000606b      0xc31 ./serial/retargetserial.o
 .debug_line    0x00006c9c      0x907 ./src/Source_files/app.o
 .debug_line    0x000075a3      0x8af ./src/Source_files/cmu.o
 .debug_line    0x00007e52      0x8b3 ./src/Source_files/gpio.o
 .debug_line    0x00008705      0x8d5 ./src/Source_files/letimer.o
 .debug_line    0x00008fda      0xbae ./src/main.o

.debug_info     0x00000000     0xc488
 .debug_info    0x00000000       0x26 ./CMSIS/EFM32PG12B/startup_gcc_efm32pg12b.o
 .debug_info    0x00000026      0x8f6 ./CMSIS/EFM32PG12B/system_efm32pg12b.o
 .debug_info    0x0000091c       0x7e ./emlib/em_assert.o
 .debug_info    0x0000099a     0x2409 ./emlib/em_cmu.o
 .debug_info    0x00002da3      0xd5f ./emlib/em_core.o
 .debug_info    0x00003b02     0x2409 ./emlib/em_emu.o
 .debug_info    0x00005f0b      0xa7a ./emlib/em_gpio.o
 .debug_info    0x00006985     0x1030 ./emlib/em_usart.o
 .debug_info    0x000079b5      0xe31 ./serial/retargetio.o
 .debug_info    0x000087e6     0x15ca ./serial/retargetserial.o
 .debug_info    0x00009db0      0x128 ./src/Source_files/app.o
 .debug_info    0x00009ed8      0x294 ./src/Source_files/cmu.o
 .debug_info    0x0000a16c      0x36f ./src/Source_files/gpio.o
 .debug_info    0x0000a4db      0x336 ./src/Source_files/letimer.o
 .debug_info    0x0000a811     0x1c77 ./src/main.o

.debug_abbrev   0x00000000     0x1928
 .debug_abbrev  0x00000000       0x14 ./CMSIS/EFM32PG12B/startup_gcc_efm32pg12b.o
 .debug_abbrev  0x00000014      0x1b7 ./CMSIS/EFM32PG12B/system_efm32pg12b.o
 .debug_abbrev  0x000001cb       0x68 ./emlib/em_assert.o
 .debug_abbrev  0x00000233      0x31e ./emlib/em_cmu.o
 .debug_abbrev  0x00000551      0x269 ./emlib/em_core.o
 .debug_abbrev  0x000007ba      0x312 ./emlib/em_emu.o
 .debug_abbrev  0x00000acc      0x206 ./emlib/em_gpio.o
 .debug_abbrev  0x00000cd2      0x20c ./emlib/em_usart.o
 .debug_abbrev  0x00000ede      0x23f ./serial/retargetio.o
 .debug_abbrev  0x0000111d      0x331 ./serial/retargetserial.o
 .debug_abbrev  0x0000144e       0xa6 ./src/Source_files/app.o
 .debug_abbrev  0x000014f4       0xa0 ./src/Source_files/cmu.o
 .debug_abbrev  0x00001594       0xa0 ./src/Source_files/gpio.o
 .debug_abbrev  0x00001634       0xdb ./src/Source_files/letimer.o
 .debug_abbrev  0x0000170f      0x219 ./src/main.o

.debug_aranges  0x00000000      0x7f8
 .debug_aranges
                0x00000000       0x20 ./CMSIS/EFM32PG12B/startup_gcc_efm32pg12b.o
 .debug_aranges
                0x00000020       0x68 ./CMSIS/EFM32PG12B/system_efm32pg12b.o
 .debug_aranges
                0x00000088       0x20 ./emlib/em_assert.o
 .debug_aranges
                0x000000a8      0x1b8 ./emlib/em_cmu.o
 .debug_aranges
                0x00000260       0xe8 ./emlib/em_core.o
 .debug_aranges
                0x00000348      0x1a8 ./emlib/em_emu.o
 .debug_aranges
                0x000004f0       0x88 ./emlib/em_gpio.o
 .debug_aranges
                0x00000578       0xd0 ./emlib/em_usart.o
 .debug_aranges
                0x00000648       0x68 ./serial/retargetio.o
 .debug_aranges
                0x000006b0       0x88 ./serial/retargetserial.o
 .debug_aranges
                0x00000738       0x28 ./src/Source_files/app.o
 .debug_aranges
                0x00000760       0x20 ./src/Source_files/cmu.o
 .debug_aranges
                0x00000780       0x20 ./src/Source_files/gpio.o
 .debug_aranges
                0x000007a0       0x28 ./src/Source_files/letimer.o
 .debug_aranges
                0x000007c8       0x30 ./src/main.o

.debug_str      0x00000000   0x1598a3
 .debug_str     0x00000000       0x71 ./CMSIS/EFM32PG12B/startup_gcc_efm32pg12b.o
 .debug_str     0x00000071   0x14e3ef ./CMSIS/EFM32PG12B/system_efm32pg12b.o
                             0x14f2fb (size before relaxing)
 .debug_str     0x0014e460       0xb8 ./emlib/em_assert.o
                               0x2da5 (size before relaxing)
 .debug_str     0x0014e518     0x4dc5 ./emlib/em_cmu.o
                             0x1540ef (size before relaxing)
 .debug_str     0x001532dd      0xc0d ./emlib/em_core.o
                             0x14fe05 (size before relaxing)
 .debug_str     0x00153eea     0x1146 ./emlib/em_emu.o
                             0x1542f7 (size before relaxing)
 .debug_str     0x00155030      0x4be ./emlib/em_gpio.o
                             0x14fd5c (size before relaxing)
 .debug_str     0x001554ee      0xedf ./emlib/em_usart.o
                             0x151568 (size before relaxing)
 .debug_str     0x001563cd     0x24a2 ./serial/retargetio.o
                             0x152be5 (size before relaxing)
 .debug_str     0x0015886f      0xc19 ./serial/retargetserial.o
                             0x15603f (size before relaxing)
 .debug_str     0x00159488      0x2b6 ./src/Source_files/app.o
                             0x1508f3 (size before relaxing)
 .debug_str     0x0015973e       0x23 ./src/Source_files/cmu.o
                             0x15061d (size before relaxing)
 .debug_str     0x00159761       0x25 ./src/Source_files/gpio.o
                             0x1508e3 (size before relaxing)
 .debug_str     0x00159786       0xdb ./src/Source_files/letimer.o
                             0x150523 (size before relaxing)
 .debug_str     0x00159861       0x42 ./src/main.o
                             0x155f94 (size before relaxing)

.debug_loc      0x00000000     0x4040
 .debug_loc     0x00000000      0x2e4 ./CMSIS/EFM32PG12B/system_efm32pg12b.o
 .debug_loc     0x000002e4       0x38 ./emlib/em_assert.o
 .debug_loc     0x0000031c     0x1010 ./emlib/em_cmu.o
 .debug_loc     0x0000132c      0x844 ./emlib/em_core.o
 .debug_loc     0x00001b70      0xea6 ./emlib/em_emu.o
 .debug_loc     0x00002a16      0x49c ./emlib/em_gpio.o
 .debug_loc     0x00002eb2      0x7c2 ./emlib/em_usart.o
 .debug_loc     0x00003674      0x344 ./serial/retargetio.o
 .debug_loc     0x000039b8      0x424 ./serial/retargetserial.o
 .debug_loc     0x00003ddc       0x88 ./src/Source_files/app.o
 .debug_loc     0x00003e64       0x2c ./src/Source_files/cmu.o
 .debug_loc     0x00003e90       0x2c ./src/Source_files/gpio.o
 .debug_loc     0x00003ebc       0xb8 ./src/Source_files/letimer.o
 .debug_loc     0x00003f74       0xcc ./src/main.o

.debug_ranges   0x00000000      0x6f8
 .debug_ranges  0x00000000       0x58 ./CMSIS/EFM32PG12B/system_efm32pg12b.o
 .debug_ranges  0x00000058       0x10 ./emlib/em_assert.o
 .debug_ranges  0x00000068      0x1a8 ./emlib/em_cmu.o
 .debug_ranges  0x00000210       0xd8 ./emlib/em_core.o
 .debug_ranges  0x000002e8      0x198 ./emlib/em_emu.o
 .debug_ranges  0x00000480       0x78 ./emlib/em_gpio.o
 .debug_ranges  0x000004f8       0xc0 ./emlib/em_usart.o
 .debug_ranges  0x000005b8       0x58 ./serial/retargetio.o
 .debug_ranges  0x00000610       0x78 ./serial/retargetserial.o
 .debug_ranges  0x00000688       0x18 ./src/Source_files/app.o
 .debug_ranges  0x000006a0       0x10 ./src/Source_files/cmu.o
 .debug_ranges  0x000006b0       0x10 ./src/Source_files/gpio.o
 .debug_ranges  0x000006c0       0x18 ./src/Source_files/letimer.o
 .debug_ranges  0x000006d8       0x20 ./src/main.o

.debug_macro    0x00000000    0x33b17
 .debug_macro   0x00000000      0x282 ./CMSIS/EFM32PG12B/system_efm32pg12b.o
 .debug_macro   0x00000282      0xa54 ./CMSIS/EFM32PG12B/system_efm32pg12b.o
 .debug_macro   0x00000cd6       0x22 ./CMSIS/EFM32PG12B/system_efm32pg12b.o
 .debug_macro   0x00000cf8       0x4f ./CMSIS/EFM32PG12B/system_efm32pg12b.o
 .debug_macro   0x00000d47       0x51 ./CMSIS/EFM32PG12B/system_efm32pg12b.o
 .debug_macro   0x00000d98       0xef ./CMSIS/EFM32PG12B/system_efm32pg12b.o
 .debug_macro   0x00000e87       0x6a ./CMSIS/EFM32PG12B/system_efm32pg12b.o
 .debug_macro   0x00000ef1      0x1df ./CMSIS/EFM32PG12B/system_efm32pg12b.o
 .debug_macro   0x000010d0      0x4b1 ./CMSIS/EFM32PG12B/system_efm32pg12b.o
 .debug_macro   0x00001581       0x1c ./CMSIS/EFM32PG12B/system_efm32pg12b.o
 .debug_macro   0x0000159d       0x22 ./CMSIS/EFM32PG12B/system_efm32pg12b.o
 .debug_macro   0x000015bf       0xdf ./CMSIS/EFM32PG12B/system_efm32pg12b.o
 .debug_macro   0x0000169e      0xff5 ./CMSIS/EFM32PG12B/system_efm32pg12b.o
 .debug_macro   0x00002693       0xe2 ./CMSIS/EFM32PG12B/system_efm32pg12b.o
 .debug_macro   0x00002775      0xe1d ./CMSIS/EFM32PG12B/system_efm32pg12b.o
 .debug_macro   0x00003592     0x2276 ./CMSIS/EFM32PG12B/system_efm32pg12b.o
 .debug_macro   0x00005808      0x32a ./CMSIS/EFM32PG12B/system_efm32pg12b.o
 .debug_macro   0x00005b32     0x3119 ./CMSIS/EFM32PG12B/system_efm32pg12b.o
 .debug_macro   0x00008c4b     0x1bbb ./CMSIS/EFM32PG12B/system_efm32pg12b.o
 .debug_macro   0x0000a806     0x2675 ./CMSIS/EFM32PG12B/system_efm32pg12b.o
 .debug_macro   0x0000ce7b     0x1b1a ./CMSIS/EFM32PG12B/system_efm32pg12b.o
 .debug_macro   0x0000e995      0xe2c ./CMSIS/EFM32PG12B/system_efm32pg12b.o
 .debug_macro   0x0000f7c1      0x345 ./CMSIS/EFM32PG12B/system_efm32pg12b.o
 .debug_macro   0x0000fb06      0x29e ./CMSIS/EFM32PG12B/system_efm32pg12b.o
 .debug_macro   0x0000fda4     0x2764 ./CMSIS/EFM32PG12B/system_efm32pg12b.o
 .debug_macro   0x00012508     0x31cd ./CMSIS/EFM32PG12B/system_efm32pg12b.o
 .debug_macro   0x000156d5     0x136c ./CMSIS/EFM32PG12B/system_efm32pg12b.o
 .debug_macro   0x00016a41      0xde3 ./CMSIS/EFM32PG12B/system_efm32pg12b.o
 .debug_macro   0x00017824      0x249 ./CMSIS/EFM32PG12B/system_efm32pg12b.o
 .debug_macro   0x00017a6d     0x1043 ./CMSIS/EFM32PG12B/system_efm32pg12b.o
 .debug_macro   0x00018ab0     0x1606 ./CMSIS/EFM32PG12B/system_efm32pg12b.o
 .debug_macro   0x0001a0b6     0x3cb8 ./CMSIS/EFM32PG12B/system_efm32pg12b.o
 .debug_macro   0x0001dd6e     0x23fd ./CMSIS/EFM32PG12B/system_efm32pg12b.o
 .debug_macro   0x0002016b      0x70d ./CMSIS/EFM32PG12B/system_efm32pg12b.o
 .debug_macro   0x00020878     0x26f0 ./CMSIS/EFM32PG12B/system_efm32pg12b.o
 .debug_macro   0x00022f68     0x1701 ./CMSIS/EFM32PG12B/system_efm32pg12b.o
 .debug_macro   0x00024669     0x2efc ./CMSIS/EFM32PG12B/system_efm32pg12b.o
 .debug_macro   0x00027565      0xfb0 ./CMSIS/EFM32PG12B/system_efm32pg12b.o
 .debug_macro   0x00028515      0x6c4 ./CMSIS/EFM32PG12B/system_efm32pg12b.o
 .debug_macro   0x00028bd9     0x1022 ./CMSIS/EFM32PG12B/system_efm32pg12b.o
 .debug_macro   0x00029bfb      0x889 ./CMSIS/EFM32PG12B/system_efm32pg12b.o
 .debug_macro   0x0002a484      0x500 ./CMSIS/EFM32PG12B/system_efm32pg12b.o
 .debug_macro   0x0002a984     0x1bc5 ./CMSIS/EFM32PG12B/system_efm32pg12b.o
 .debug_macro   0x0002c549       0x40 ./CMSIS/EFM32PG12B/system_efm32pg12b.o
 .debug_macro   0x0002c589      0x2ce ./CMSIS/EFM32PG12B/system_efm32pg12b.o
 .debug_macro   0x0002c857      0x382 ./CMSIS/EFM32PG12B/system_efm32pg12b.o
 .debug_macro   0x0002cbd9      0x190 ./CMSIS/EFM32PG12B/system_efm32pg12b.o
 .debug_macro   0x0002cd69     0x27bf ./CMSIS/EFM32PG12B/system_efm32pg12b.o
 .debug_macro   0x0002f528      0x304 ./CMSIS/EFM32PG12B/system_efm32pg12b.o
 .debug_macro   0x0002f82c      0x304 ./CMSIS/EFM32PG12B/system_efm32pg12b.o
 .debug_macro   0x0002fb30       0x23 ./emlib/em_assert.o
 .debug_macro   0x0002fb53      0x3a5 ./emlib/em_cmu.o
 .debug_macro   0x0002fef8       0x58 ./emlib/em_cmu.o
 .debug_macro   0x0002ff50      0x34d ./emlib/em_cmu.o
 .debug_macro   0x0003029d       0x25 ./emlib/em_cmu.o
 .debug_macro   0x000302c2       0xee ./emlib/em_cmu.o
 .debug_macro   0x000303b0       0x80 ./emlib/em_cmu.o
 .debug_macro   0x00030430      0x2aa ./emlib/em_core.o
 .debug_macro   0x000306da       0x63 ./emlib/em_core.o
 .debug_macro   0x0003073d       0xba ./emlib/em_core.o
 .debug_macro   0x000307f7      0x391 ./emlib/em_emu.o
 .debug_macro   0x00030b88       0x52 ./emlib/em_emu.o
 .debug_macro   0x00030bda       0x55 ./emlib/em_emu.o
 .debug_macro   0x00030c2f      0x353 ./emlib/em_emu.o
 .debug_macro   0x00030f82       0xd9 ./emlib/em_emu.o
 .debug_macro   0x0003105b       0x7a ./emlib/em_emu.o
 .debug_macro   0x000310d5      0x295 ./emlib/em_gpio.o
 .debug_macro   0x0003136a      0x2d4 ./emlib/em_usart.o
 .debug_macro   0x0003163e       0xeb ./emlib/em_usart.o
 .debug_macro   0x00031729      0x3d6 ./serial/retargetio.o
 .debug_macro   0x00031aff       0x57 ./serial/retargetio.o
 .debug_macro   0x00031b56       0x10 ./serial/retargetio.o
 .debug_macro   0x00031b66       0x10 ./serial/retargetio.o
 .debug_macro   0x00031b76       0x10 ./serial/retargetio.o
 .debug_macro   0x00031b86       0x10 ./serial/retargetio.o
 .debug_macro   0x00031b96       0xb6 ./serial/retargetio.o
 .debug_macro   0x00031c4c       0x2e ./serial/retargetio.o
 .debug_macro   0x00031c7a       0xf5 ./serial/retargetio.o
 .debug_macro   0x00031d6f       0x1c ./serial/retargetio.o
 .debug_macro   0x00031d8b       0x10 ./serial/retargetio.o
 .debug_macro   0x00031d9b       0x16 ./serial/retargetio.o
 .debug_macro   0x00031db1      0x129 ./serial/retargetio.o
 .debug_macro   0x00031eda       0x16 ./serial/retargetio.o
 .debug_macro   0x00031ef0       0x22 ./serial/retargetio.o
 .debug_macro   0x00031f12       0x16 ./serial/retargetio.o
 .debug_macro   0x00031f28      0x3f6 ./serial/retargetserial.o
 .debug_macro   0x0003231e       0x16 ./serial/retargetserial.o
 .debug_macro   0x00032334       0x97 ./serial/retargetserial.o
 .debug_macro   0x000323cb       0xf6 ./serial/retargetserial.o
 .debug_macro   0x000324c1       0xd6 ./serial/retargetserial.o
 .debug_macro   0x00032597       0x76 ./serial/retargetserial.o
 .debug_macro   0x0003260d       0xf1 ./serial/retargetserial.o
 .debug_macro   0x000326fe       0x3a ./serial/retargetserial.o
 .debug_macro   0x00032738       0xa6 ./serial/retargetserial.o
 .debug_macro   0x000327de      0x2d7 ./src/Source_files/app.o
 .debug_macro   0x00032ab5       0x28 ./src/Source_files/app.o
 .debug_macro   0x00032add       0x28 ./src/Source_files/app.o
 .debug_macro   0x00032b05       0x10 ./src/Source_files/app.o
 .debug_macro   0x00032b15      0x296 ./src/Source_files/cmu.o
 .debug_macro   0x00032dab      0x2a5 ./src/Source_files/gpio.o
 .debug_macro   0x00033050      0x2a9 ./src/Source_files/letimer.o
 .debug_macro   0x000332f9      0x42e ./src/main.o
 .debug_macro   0x00033727       0xac ./src/main.o
 .debug_macro   0x000337d3      0x344 ./src/main.o

.debug_frame    0x00000000     0x24c0
 .debug_frame   0x00000000      0x164 ./CMSIS/EFM32PG12B/system_efm32pg12b.o
 .debug_frame   0x00000164       0x2c ./emlib/em_assert.o
 .debug_frame   0x00000190      0x770 ./emlib/em_cmu.o
 .debug_frame   0x00000900      0x3c4 ./emlib/em_core.o
 .debug_frame   0x00000cc4      0x6f0 ./emlib/em_emu.o
 .debug_frame   0x000013b4      0x21c ./emlib/em_gpio.o
 .debug_frame   0x000015d0      0x380 ./emlib/em_usart.o
 .debug_frame   0x00001950      0x184 ./serial/retargetio.o
 .debug_frame   0x00001ad4      0x208 ./serial/retargetserial.o
 .debug_frame   0x00001cdc       0x54 ./src/Source_files/app.o
 .debug_frame   0x00001d30       0x2c ./src/Source_files/cmu.o
 .debug_frame   0x00001d5c       0x2c ./src/Source_files/gpio.o
 .debug_frame   0x00001d88       0x60 ./src/Source_files/letimer.o
 .debug_frame   0x00001de8       0x78 ./src/main.o
 .debug_frame   0x00001e60       0x28 c:/siliconlabs/simplicitystudio/v4/developer/toolchains/gnu_arm/7.2_2017q4/bin/../lib/gcc/arm-none-eabi/7.2.1/../../../../arm-none-eabi/lib/thumb/v7e-m/fpv4-sp/softfp\libc_nano.a(lib_a-exit.o)
 .debug_frame   0x00001e88       0x2c c:/siliconlabs/simplicitystudio/v4/developer/toolchains/gnu_arm/7.2_2017q4/bin/../lib/gcc/arm-none-eabi/7.2.1/../../../../arm-none-eabi/lib/thumb/v7e-m/fpv4-sp/softfp\libc_nano.a(lib_a-init.o)
 .debug_frame   0x00001eb4       0x20 c:/siliconlabs/simplicitystudio/v4/developer/toolchains/gnu_arm/7.2_2017q4/bin/../lib/gcc/arm-none-eabi/7.2.1/../../../../arm-none-eabi/lib/thumb/v7e-m/fpv4-sp/softfp\libc_nano.a(lib_a-memset.o)
 .debug_frame   0x00001ed4       0x3c c:/siliconlabs/simplicitystudio/v4/developer/toolchains/gnu_arm/7.2_2017q4/bin/../lib/gcc/arm-none-eabi/7.2.1/../../../../arm-none-eabi/lib/thumb/v7e-m/fpv4-sp/softfp\libc_nano.a(lib_a-puts.o)
 .debug_frame   0x00001f10       0x38 c:/siliconlabs/simplicitystudio/v4/developer/toolchains/gnu_arm/7.2_2017q4/bin/../lib/gcc/arm-none-eabi/7.2.1/../../../../arm-none-eabi/lib/thumb/v7e-m/fpv4-sp/softfp\libc_nano.a(lib_a-setvbuf.o)
 .debug_frame   0x00001f48       0x40 c:/siliconlabs/simplicitystudio/v4/developer/toolchains/gnu_arm/7.2_2017q4/bin/../lib/gcc/arm-none-eabi/7.2.1/../../../../arm-none-eabi/lib/thumb/v7e-m/fpv4-sp/softfp\libc_nano.a(lib_a-wbuf.o)
 .debug_frame   0x00001f88       0x2c c:/siliconlabs/simplicitystudio/v4/developer/toolchains/gnu_arm/7.2_2017q4/bin/../lib/gcc/arm-none-eabi/7.2.1/../../../../arm-none-eabi/lib/thumb/v7e-m/fpv4-sp/softfp\libc_nano.a(lib_a-wsetup.o)
 .debug_frame   0x00001fb4       0x68 c:/siliconlabs/simplicitystudio/v4/developer/toolchains/gnu_arm/7.2_2017q4/bin/../lib/gcc/arm-none-eabi/7.2.1/../../../../arm-none-eabi/lib/thumb/v7e-m/fpv4-sp/softfp\libc_nano.a(lib_a-fflush.o)
 .debug_frame   0x0000201c      0x11c c:/siliconlabs/simplicitystudio/v4/developer/toolchains/gnu_arm/7.2_2017q4/bin/../lib/gcc/arm-none-eabi/7.2.1/../../../../arm-none-eabi/lib/thumb/v7e-m/fpv4-sp/softfp\libc_nano.a(lib_a-findfp.o)
 .debug_frame   0x00002138       0x54 c:/siliconlabs/simplicitystudio/v4/developer/toolchains/gnu_arm/7.2_2017q4/bin/../lib/gcc/arm-none-eabi/7.2.1/../../../../arm-none-eabi/lib/thumb/v7e-m/fpv4-sp/softfp\libc_nano.a(lib_a-fwalk.o)
 .debug_frame   0x0000218c       0x58 c:/siliconlabs/simplicitystudio/v4/developer/toolchains/gnu_arm/7.2_2017q4/bin/../lib/gcc/arm-none-eabi/7.2.1/../../../../arm-none-eabi/lib/thumb/v7e-m/fpv4-sp/softfp\libc_nano.a(lib_a-makebuf.o)
 .debug_frame   0x000021e4       0x30 c:/siliconlabs/simplicitystudio/v4/developer/toolchains/gnu_arm/7.2_2017q4/bin/../lib/gcc/arm-none-eabi/7.2.1/../../../../arm-none-eabi/lib/thumb/v7e-m/fpv4-sp/softfp\libc_nano.a(lib_a-malloc.o)
 .debug_frame   0x00002214       0x38 c:/siliconlabs/simplicitystudio/v4/developer/toolchains/gnu_arm/7.2_2017q4/bin/../lib/gcc/arm-none-eabi/7.2.1/../../../../arm-none-eabi/lib/thumb/v7e-m/fpv4-sp/softfp\libc_nano.a(lib_a-nano-freer.o)
 .debug_frame   0x0000224c       0x2c c:/siliconlabs/simplicitystudio/v4/developer/toolchains/gnu_arm/7.2_2017q4/bin/../lib/gcc/arm-none-eabi/7.2.1/../../../../arm-none-eabi/lib/thumb/v7e-m/fpv4-sp/softfp\libc_nano.a(lib_a-nano-mallocr.o)
 .debug_frame   0x00002278       0x2c c:/siliconlabs/simplicitystudio/v4/developer/toolchains/gnu_arm/7.2_2017q4/bin/../lib/gcc/arm-none-eabi/7.2.1/../../../../arm-none-eabi/lib/thumb/v7e-m/fpv4-sp/softfp\libc_nano.a(lib_a-sbrkr.o)
 .debug_frame   0x000022a4       0x88 c:/siliconlabs/simplicitystudio/v4/developer/toolchains/gnu_arm/7.2_2017q4/bin/../lib/gcc/arm-none-eabi/7.2.1/../../../../arm-none-eabi/lib/thumb/v7e-m/fpv4-sp/softfp\libc_nano.a(lib_a-stdio.o)
 .debug_frame   0x0000232c       0x2c c:/siliconlabs/simplicitystudio/v4/developer/toolchains/gnu_arm/7.2_2017q4/bin/../lib/gcc/arm-none-eabi/7.2.1/../../../../arm-none-eabi/lib/thumb/v7e-m/fpv4-sp/softfp\libc_nano.a(lib_a-writer.o)
 .debug_frame   0x00002358       0x2c c:/siliconlabs/simplicitystudio/v4/developer/toolchains/gnu_arm/7.2_2017q4/bin/../lib/gcc/arm-none-eabi/7.2.1/../../../../arm-none-eabi/lib/thumb/v7e-m/fpv4-sp/softfp\libc_nano.a(lib_a-closer.o)
 .debug_frame   0x00002384       0x2c c:/siliconlabs/simplicitystudio/v4/developer/toolchains/gnu_arm/7.2_2017q4/bin/../lib/gcc/arm-none-eabi/7.2.1/../../../../arm-none-eabi/lib/thumb/v7e-m/fpv4-sp/softfp\libc_nano.a(lib_a-fstatr.o)
 .debug_frame   0x000023b0       0x2c c:/siliconlabs/simplicitystudio/v4/developer/toolchains/gnu_arm/7.2_2017q4/bin/../lib/gcc/arm-none-eabi/7.2.1/../../../../arm-none-eabi/lib/thumb/v7e-m/fpv4-sp/softfp\libc_nano.a(lib_a-isattyr.o)
 .debug_frame   0x000023dc       0x2c c:/siliconlabs/simplicitystudio/v4/developer/toolchains/gnu_arm/7.2_2017q4/bin/../lib/gcc/arm-none-eabi/7.2.1/../../../../arm-none-eabi/lib/thumb/v7e-m/fpv4-sp/softfp\libc_nano.a(lib_a-lseekr.o)
 .debug_frame   0x00002408       0x30 c:/siliconlabs/simplicitystudio/v4/developer/toolchains/gnu_arm/7.2_2017q4/bin/../lib/gcc/arm-none-eabi/7.2.1/../../../../arm-none-eabi/lib/thumb/v7e-m/fpv4-sp/softfp\libc_nano.a(lib_a-mlock.o)
 .debug_frame   0x00002438       0x2c c:/siliconlabs/simplicitystudio/v4/developer/toolchains/gnu_arm/7.2_2017q4/bin/../lib/gcc/arm-none-eabi/7.2.1/../../../../arm-none-eabi/lib/thumb/v7e-m/fpv4-sp/softfp\libc_nano.a(lib_a-readr.o)
 .debug_frame   0x00002464       0x5c c:/siliconlabs/simplicitystudio/v4/developer/toolchains/gnu_arm/7.2_2017q4/bin/../lib/gcc/arm-none-eabi/7.2.1/../../../../arm-none-eabi/lib/thumb/v7e-m/fpv4-sp/softfp\libc_nano.a(lib_a-reent.o)
